wwttttmmmmwwwwwwwwwwwwwwwtttttttttttttttttttttttttttttmmmmmmmmmmmmmmmmmmmmmwwwwwwwwwwwwwwwwwwwwwwwwwwmmmmmmmmmmmwwwwwwwwwwwwwwwwwwwwwwwwwwwwwwwwwwwwwwwwwwwwwwwwwwwwwwwwwwwwwwwwwwwwwwwwwwwwwwwwwwwwwwwwwwwwwwwwwwwwwwwwwwwwwwwwwwwwwwwwwwwwwwwwwwwwwwwwwwwwwwwwwwwwwwwwwwwwwwwwwwwwwwwwwwwwwwwwwwwwwwwwwwwwwwwwwwwwwwwwwwwwwwwwwwwwwwwwwwwwwwwwwwwwwwwwwwwwwwwwwwwwwwwwwwwwwm
wwtttttmmmwwww....wwwwwwwwwwwwwtttt.......ttttttttttttttt.mmmmmmmmmmm............wwwwwwwwwwwwwwwwww..mmmmmmmm...wwwwwwwwwwwwwwwwwwwwwwwwwwwwwwwwwwwwwwwwwwwwwwwwwwwwwwwwwwwwwwwwwwwwwwwwwwwwwwwwwwwwwwwwwwwwwwwwwwwwwwwwwwwwwwwwwwwwwwwwwwwwwwwwwwwwwwwwwwwwwwwwwwwwwwwwwwwwwwwwwwwwwwwwwwwwwwwwwwwwwwwwwwwwwwwwwwwwwwwwwwwwwwwwwwwwwwwwwwwwwwwwwwwwwwwwwwwwwwwwwwwwwwwwwwwwwm
wwwtttttt......ttttttttttttwww....................ttttt......mmmm....................wwwwwwwwwwww..mmmmmmm......wwwwwwwwwwwwwwwwwwwwwwwwwwwwwwwwwwwwwwwwwwwwwwwwwwwwwwwwwwwwwwwwwwwwwwwwwwwwwwwwwwwwwwwwwwwwwwwwwwwwwwwwwwwwwwwwwwwwwwwwwwwwwwwwwwwwwwwwwwwwwwwwwwwwwwwwwwwwwwwwwwwwwwwwwwwwwwwwwwwwwwwwwwwwwwwwwwwwwwwwwwwwwwwwwwwwwwwwwwwwwwwwwwwwwwwww....................m
w.tttt............tttttttwwww................................mm........................wwwwwwww....mmmmmmmmmm...wwwwwwwwwwwwwwwwwwwwwwwwwwwwwwwwwwwwwwwwwwwwwww.wwwwwwwwwwwwwwwwwwwwwwwwwwwwwwwwwwwwwwwwwwwwwwwwwwwwwwwwwwwwwwwwwwwwwwwwwwwww........wwwwwwwwwwwwwwwwwwwwwwwwwwwwwwwwwwwwwwwwwwwwwwwwwwwww...................................................................m
w................ttttttwww............tttt......................mmm.................wwwwwwwwwwwww...tttmmmmm....wwwwwwww...wwwwwwwwwwwwwwwwwwwwwwwwwwwwwwwwwwww.wwwwwwwwwwwwwwwwwwwwwwwwwwwwwwwwwwwwwwwwwwwwwwwwwwwwwwwwwwwwwwwwwwwwwwwwwww..............wwwwwwwwwwwwwwwwwwwwwwwwwwwwwwwwww..................................................................................m
w.....................................tttt.....................mmmmm.m...............wwwwwwwwwwwwww......mmmmm..wwwwwwwwww...wwwwwwwwwwwwwwwwwwwwwwwwwwwwwwwwww...wwwwwwwwwwwwwwwwwwwwwwwwwwwwwwwwwwwwwwwwwwwwwwwwwwwwwwwwwwwwwwwwwwwwwwww.........................wwwwwwwwwwwwwwwww.........................................................................................m
w.....r.........................................................mmmmmmm...............wwwwwwwwww.....rrrrttmmmm..wwwwwwwwww.wwwwwwwww...wwwwwwwwwwwwwwwwwwwwww.....wwwwwwwwwwwwwwwwwwwwwwwwwwwwwwwwwwwwwwwwwwwwwwwwwwwwwwwwwwwwwwwwwwwww.....................................................................................................................................m
www...r............................................................mmmmm.............wwwwwwwwwwww....rt.rttmmmm...wwwwwwwwwwwwwwwwww.....wwwwwwwwwwwwwwwwwwwww......wwwwwwwwwwwwwwwwwwwwwwwwwwwwwwwwwwwwwwwwwwwwwwwwwwwwwwwwwwwwwwwwww.......................................................................................................................................m
wwww..r.....tttttttttt..............................................mmmmm..........rrrBBBBBBBBBBBrrrrrt.rtt.rrrrrrrBBBBBBBBBBBBBBBBrrr...wwwwwwwww.wwwwwwwwwww......wwwwwwwwwwwwwwwwwwwwwwwwwwwwwwwwwwwwwwwwwwwwwwwwwwwwwwwwwwwwwww..........................................................................................................................................m
wwww..r....tttttttttttt.............................................m..mmm............wwwwwwwwwww.....t.r.t.r.....wwwwwwwwwwwwwwwwww.....wwwwwwww.wwwwwwwwwww.......wwwwwwwwwwwwwwwwwwwwwwwwwwwwwwwwwwwwwwwwwwwwwwwwwwwwwwwwwwwwwww..........................................................................................................................................m
wwwwwwbwwwwtttttttttttt...t..................tttttt....................mmmm...........wwwwwwwwwwwtt..tttr.ttr...wwwwwwwwwwwwwwwwwwwww...wwwwwwwwwwwwwwwwwwwww.......wwwwwwwwwwwwwwwwwwwwwwwwwwwwwwwwwwwwwwwwwwwwwwwwwwwwwwwwwwwwww...........................................................................................................................................m
mww...r..wwtttttttttttttttt.................tttttttwwwwwwwwwww..........mmm..........wwwwwwwwwwwww...tttr.ttr...wwwwwwwwwwwwwwwwwwwwwwwwwwwwwwwwwwwwwwwwwwww........wwwwwwwwwwwwwwwwwwwwwwwwwwwwwwwwwwwwwwww...wwwwwwwwwwwwwwwwww........................................................mmmmmmmmmmmmmmmmmmmmmmmmmmmmmmmmmmmmmmmmmmmmmmmmmmmmmmmmmmmmmmmmmmmmmmmmmmmmmmmmmmmmm
mmww..r.....tttttttttttttttt................ttttttwwwwwwwww.............mm...........wwwwwwwwwwwww.....tr.t.r...wwwwwwwwwwwwwwww.wwwwwwwwwwwwwwwwwwwwwwwwwww........wwwwwwwwwwwwwwwwwwwwwwwwwwwwwwwwwwwwwwww......wwwwwwwwwwwwwww........................................................mmmmmmmmmmmmmmmmmmmmmmmmmmmmmmmmmmmmmmmmmmmmmmmmmmmmmmmmmmmmmmmmmmmmmmmmmmmmmmmmmmmmm
mmm.m.rrrrrrrr......tttttttt................ttttttwwwwww................m..............wwwwwww.www.....trrrrr......wwwwwwwwwwww....wwwwwwwwwwwww..wwwwwwww...........wwwwwwwwwwwwwwwwwwwwwwwwwwwwwwwwwwwwww..........wwwwwwww.wwww.......................................................mmmmmmmmmmmmmmmmmmmmmmmmmmmmmmmmmmmmmmmmmmmmmmmmmmmmmmmmmmmmmmmmmmmmmmmmmmmmmmmmmmmmm
t.m.mm...m...r......ttttttt...................wwwwwwwwwwwwww...............rrr.........wwwww...www.....tt..........wwwwwwwwwwwww.w.wwwwwwwwwwwww.wwwwwwwww............wwwwwwwwwwwwwwwwwwwwwwwwwwwwwwwwwwwww...........wwwwww.....ww......................................................mmmmmmmmmmmmmmmmmmmmmmmmmmmmmmmmmmmmmmmmmmmmmmmmmmmmmmmmmmmmmmmmmmmmmmmmmmmmmmmmmmmmm
t...mmmmmmmm.r...m..........................wwwwwwwwwwwwww.................rrr.........wwwww...www....ttttt.......mmwwwwwwwwwwwwwwwwwwwwwwwwwwwwwwwwwwwww..............wwwwwwwwwwwwwwwwwwwwwwwwwwwwwwwwww................................................................................mmmmmmmmmmmmmmmmmmmmmmmmmmmmmmmmmmmmmmmmmmmmmmmmmmmmmmmmmmmmmmmmmmmmmmmmmmmmmmmmmmmmm
tt...mm.mmm..r..mmmm......................wwww.............................rrr........wwwwww..wwww..ttttt......m.mmwwwwwwwwwwwwwwwwwwwwwwwwwwwwwwwwwwwwww...............wwwwwww..wwwwwwwwwwwwwwwwwwwwwwwww...............................................................................mmmmmmmmmmmmmmmmmmmmmmmmmmmmmmmmmmmmmmmmmmmmmmmmmmmmmmmmmmmmmmmmmmmmmmmmmmmmmmmmmmmmm
tttt.....m...r..mmmm....................wwwwww..............................r.........w..wwwwwwww.ttttt..m.mmmmmmmmwwww...wwwwwwwwwww.w.wwwwwwwwwwwwwwww..................wwww....wwwwwwwwwwwwwwwwwwwwwwwww...........................wwwwww.............................................mmmmmmmmmmmmmmmmmmmmmmmmmmmmmmmmmmmmmmmmmmmmmmmmmmmmmmmmmmmmmmmmmmmmmmmmmmmmmmmmmmmmm
tttttt.......r.m.m.m...mmm.........ttttwwwww....tttttt......................r........ww..wwwwww.mmmmmmmmmmmmmmmmmm........wwwwwwwwww.....wwwwwwwwww...ww...........................wwwwwwwwwwwwwwwwwwwwwwwwww........................wwwwwww.............................................mmmmmmmmmmmmmmmmmmmmmmmmmmmmmmmmmmmmmmmmmmmmmmmmmmmmmmmmmmmmmmmmmmmmmmmmmmmmmmmmmmmmm
ttttttttt....r.mmm....mmm..........ttttwww....ttttt.........................r.....wwwwwwww.....mmmmmm..mmmmm.m.mm..........................wwwwwwww...w............................wwwwwwwwwwwwwwwwwwwwwwwwwwwww....................wwwwwwww.............................................mmmmmmmmmmmmmmmmmmmmmmmmmmmmmmmmmmmmmmmmmmmmmmmmmmmmmmmmmmmmmmmmmmmmmmmmmmmmmmmmmmmmm
tttttttttttt.r......................wwwwww...tttt...........................r....wwwwwww........tttttttt..m.....m...................................................................wwwwwwwwwwwwwwwwwwwwwwwwwwwwwwww..............wwwwwwwwww.............................................mmmmmmmmmmmmmmmmmmmmmmmmmmmmmmmmmmmmmmmmmmmmmmmmmmmmmmmmmmmmmmmmmmmmmmmmmmmmmmmmmmmmm
tttttttt.....rrrrrrrrrrrr......wwwwwwww..tttttt.............................r...wwww............tttttttttt..................................rrrrr...................................wwwwwwwwwwwwwwwwwwwwwwwwwwwwwwwwwwwwwwwwwwwwwwwwwwwwwwww.............................................mmmmmmmmmmmmmmmmmmmmmmmmmmmmmmmmmmmmmmmmmmmmmmmmmmmmmmmmmmmmmmmmmmmmmmmmmmmmmmmmmmmmm
tttttt.................rr....wwwwwwww...tttttt..............................r....wwww.............tttttttt....................................r......................................wwwwwwwwwwwwwwwwwwwwwwwwwwwwwwwwwwwwwwwwwwwwwwwwwwwwwww.............................................mmmmmmmmmmmmmmmmmmmmmmmmmmmmmmmmmmmmmmmmmmmmmmmmmmmmmmmmmmmmmmmmmmmmmmmmmmmmmmmmmmmmm
ttttttttt.........www.trr.wwwwwww.......tttttt...................tt.........r....www.................tttttt...................................r....ttt.................................wwwwwwwwwwwwwwwwwwwwwwwwwwwwwwwwwwwwwwwwwwwwwwwwwwwww.............................................mmmmmmmmmmmmmmmmmmmmmmmmmmmmmmmmmmmmmmmmmmmmmmmmmmmmmmmmmmmmmmmmmmmmmmmmmmmmmmmmmmmmm
ttttttt........wwwwwwwwbbwwwww..........tttttt.................tttt.........r....wwww................tttttt.........tttt............rrrrrrrrrrrrrrrrrrr...................................wwwwwwwwwwwwwwwwwwwwwwwwwwwwwwwwwwwwwwwwwwwwwwwwww.............................................mmmmmmmmmmmmmmmmmmmmmmmmmmmmmmmmmmmmmmmmmmmmmmmmmmmmmmmmmmmmmmmmmmmmmmmmmmmmmmmmmmmmm
ttttwwwwwwwwwwwwwwwwwwwbbw.....................................tttt.........r.....ww.................ttttttt.......tttt..t..........r.........r..r..r.r.........................................wwwwwwwwwwwwwwwwwwwwwwwwwwwwwwwwwwwwwwwwww...............................................mmmmmmmmmmmmmmmmmmmmmmmmmmmmmmmmmmmmmmmmmmmmmmmmmmmmmmmmmmmmmmmmmmmmmmmmmmmmmmmmmmmmm
wwwwwwwwwwwwwwwwww.....rr......................................tt...........r.....ww...............tttttt..........t.tttt...........rr....ww..r..r....rt..t..............................................wwwwwwwwwwwwwwwwwwwwwwwwww......................................................mmmmmmmmmmmmmmmmmmmmmmmmmmmmmmmmmmmmmmmmmmmmmmmmmmmmmmmmmmmmmmmmmmmmmmmmmmmmmmmmmmmmm
wwwwwwwwwttttttt.......rrrrrrrrrrrrrrrrr........................ww.www......rrrrrrBBrrrrrrrrr...ttttttttt........t....t....t........r.....ww.....r....rtt.t........................................................wwwwwwwwwwwww....................................mmmmmmmmmmmmmmmmmmmmmmmmmmmmmmmmmmmmmmmmmmmmmmmmmmmmmmmmmmmmmmmmmmmmmmmmmmmmmmmmmmmmmmmmmmmmmmmmmmmmmmmmmm
tttttttttttttttttt.....................r..............wwwwwww.wwwwwwwwwwww..r.....ww........r......tttt..rrrrrrrrrrrrrrrrrrrrrrrrrrrr.................rtttt............................................................wwwwwww......................................mmmmmmmmmmmmmmmmmmmmmmmmmmmmmmmmmmmmmmmmmmmmmmmmmmmmmmmmmmmmmmmmmmmmmmmmmmmmmmmmmmmmmmmmmmmmmmmmmmmmmmmmmm
ttttttttttttttttttttttttt..............r......wwwwwwwwwwwwwwwwwwwwwwwww.w...r...wwww........r............r.........t.....ttt.t......r.r.r.............rtttt..............................................................www........................................mmmmmmmmmmmmmmmmmmmmmmmmmmmmmmmmmmmmmmmmmmmmmmmmmmmmmmmmmmmmmmmmmmmmmmmmmmmmmmmmmmmmmmmmmmmmmmmmmmmmmmmmmm
ttttttttttttttttttttttttttt............r....wwwwwwwwwwww.www.wwttwwww.......r...wwwww.......r............r.......t..tttttt..........rrrrrrr.........r.rt.t..........................................................................................................mmmmmmmmmmmmmmmmmmmmmmmmmmmmmmmmmmmmmmmmmmmmmmmmmmmmmmmmmmmmmmmmmmmmmmmmmmmmmmmmmmmmmmmmmmmmmmmmmmmmmmmmmm
tttttttttttttttttttttttttttt.tt........r....wwwwwwwwwwwww.w.....t.t.............w.wwww......r............r....tttttttt..............r...............r.r.............................................................................................................mmmmmmmmmmmmmmmmmmmmmmmmmmmmmmmmmmmmmmmmmmmmmmmmmmmmmmmmmmmmmmmmmmmmmmmmmmmmmmmmmmmmmmmmmmmmmmmmmmmmmmmmmm
ttttttttttttttttttttttttttttttttt......r....wwwwwwwww.........tt.....tt.....mmm..wwww.......rrrrrrrrrrrrrr...ttttttttt..............rrrrrrrrrrrrrrrrrrrrrrrrrrrrrrrrrrrrrrrrrrrrrrrrrrrrrrr.........................................................................mmmmmmmmmmmmmmmmmmmmmmmmmmmmmmmmmmmmmmmmmmmmmmmmmmmmmmmmmmmmmmmmmmmmmmmmmmmmmmmmmmmmmmmmmmmmmmmmmmmmmmmmmm
ttttttttttttttttttttttttttttttttttttt..r.....wwwwwwwwwwwwww..tt...........m.mmm..wwwm...mm...............r..tttttttttt...................wtttwwwttt.......................................r.........................................................................mmmmmmmmmmmmmmmmmmmmmmmmmmmmmmmmmmmmmmmmmmmmmmmmmmmmmmmmmmmmmmmmmmmmmmmmmmmmmmmmmmmmmmmmmmmmmmmmmmmmmmmmmm
tttttttttttttttttttttttttttttttttt.....r.......wwwwwwwww............t......mmmmmmwwwmmmmmmm..............r..tttttttttttttttttttttt......wwwwwwwwww........................................r.........................................................................mmmmmmmmmmmmmmmmmmmmmmmmmmmmmmmmmmmmmmmmmmmmmmmmmmmmmmmmmmmmmmmmmmmmmmmmmmmmmmmmmmmmmmmmmmmmmmmmmmmmmmmmmm
ttttttttttttt....ttttttttttttttttt.....r...........................r..t..m.mmmmmmwwwmmmmmmm..............r..tttttttttttttttttttttt.....wwwwwwwwwwwwwwww...................................r.........................................................................mmmmmmmmmmmmmmmmmmmmmmmmmmmmmmmmmmmmmmmmmmmmmmmmmmmmmmmmmmmmmmmmmmmmmmmmmmmmmmmmmmmmmmmmmmmmmmmmmmmmmmmmmm
tttttttttttt.....tttttttttttttttttttt..rrrrrrrrrrrrrrrrrrrrrrrrrrrrtrrrr.m.mmmmmwwwwmmmmmmmmmm...........r..tttttttttttttttttttttt....wwwwwwwwwwwwww......................................r.........................................................................mmmmmmmmmmmmmmmmmmmmmmmmmmmmmmmmmmmmmmmmmmmmmmmmmmmmmmmmmmmmmmmmmmmmmmmmmmmmmmmmmmmmmmmmmmmmmmmmmmmmmmmmmm
ttttttttttttt....ttttttttttttttt...tt..r...........................tttt..mmmmmmwwwwwmmmmmmmmmmm..........r..tttttttttttttttttttttt........wwwwwww.........................................r.........................................................................mmmmmmmmmmmmmmmmmmmmmmmmmmmmmmmmmmmmmmmmmmmmmmmmmmmmmmmmmmmmmmmmmmmmmmmmmmmmmmmmmmmmmmmmmmmmmmmmmmmmmmmmmm
tttttttttttttttttttttttttttttttt...tt..r..........................t.ttttmmmmmmmwwwwwmmmmmmmmmm...........r..ttttttttttttttttttttt.........................................................r.........................................................................mmmmmmmmmmmmmmmmmmmmmmmmmmmmmmmmmmmmmmmmmmmmmmmmmmmmmmmmmmmmmmmmmmmmmmmmmmmmmmmmmmmmmmmmmmmmmmmmmmmmmmmmmm
tttttttttttttttttttttttttttttttt...t...r..........................tmttttmmmmmmmwwwwwmmmmmmmmmmmmmmm.m....rrrrrrrrrrrrrrrrrrrrrrrrrrrrrrrrrrrrrrrrrr.......................................r.........................................................................mmmmmmmmmmmmmmmmmmmmmmmmmmmmmmmmmmmmmmmmmmmmmmmmmmmmmmmmmmmmmmmmmmmmmmmmmmmmmmmmmmmmmmmmmmmmmmmmmmmmmmmmmm
tttttttttttttttttttttt....ttttttttttt..r........................mttmmmmmmmmmmmwwwwwwmmmmmmmmmmmmm.m.mm......tttttttttttttttttt....................r.......................................r.........................................................................mmmmmmmmmmmmmmmmmmmmmmmmmmmmmmmmmmmmmmmmmmmmmmmmmmmmmmmmmmmmmmmmmmmmmmmmmmmmmmmmmmmmmmmmmmmmmmmmmmmmmmmmmm
ttttttttttttttttttttt.....tttttttttt...rr......................tmmtmmmmmmmmmmwwwwwmmmmmmmmmmmmmmmmmm.m.......ttttttttttttttttt.t..........................................................r.........................................................................mmmmmmmmmmmmmmmmmmmmmmmmmmmmmmmmmmmmmmmmmmm..............................................................m
ttttttttttttttttttttt.....ttttttttttt..r........t.........t....ttt.mmmmmmmmmmwwwwwmmmmmmmmmmmmmmmmmmmmm.......tttttttttttttttt.......ttttttttttttt.ttttttt................................r.........................................................................mmmmmmmmmmmmmmmmmmmmmmmmmmmmmmmmmmmmmmmmmmm..............................................................m
ttttttttttttttttttttt....ttttt....ttt..r...............t........mmtm.mmmmmmmmwwwwmmmmmmm.mmmmmmmmmmmmmm.........ttttttttttttttt......t...t.....t.t.......t................................r.........................................................................mmmmmmmmmmmmmmmmmmmmmmmmmmmmmmmmmmmmmmmmmmm..............................................................m
ttttt..........ttt.tt..t..........t.t..r.........................tt...mmmmmwwwwwwmmmmm......mmmmmmmmmmm....r....tttttttttttttt.......t.t.t.t.t.t.ttttt.t.t................................r.........................................................................mmmmmmmmmmmmmmmmmmmmmmmmmmmmmmmmmmmmmmmmmmm..............................................................m
m........ttt.......ttttt...............r....t..t................t.........mwwwwwwmmmm........mmmmmmmmmmmm..r....ttttttttttttttt......t.t.t.t.t.t.....t.t.t................................r.........................................................................mmmmmmmmmmmmmmmmmmmmmmmmmmmmmmmmmmmmmmmmmmm..............................................................m
m..........tttttttt....................r.....t............t............m..wwwwwmmmmmmm.........mmmm...mmm..r....tttttttttttttttttt...t.t.t.t.t.ttttt.t.t.t................................r.........................................................................mmmmmmmmmmmmmmmmmmmmmmmmmmmmmmmmmmmmmmmmmmm..............................................................m
m......................................r.................................mwwwww..mmm....rrr...........mm...r.......ttttttttttttt.....t.t...t.t.........t.t................................r.........................................................................mmmmmmmmmmmmmmmmmmmmmmmmmmmmmmmmmmmmmmmmmmm..............................................................m
mm.........wwww...............................tt.t.........t..............www.............r.......mmmmmm..............tttttt.........t.t.ttttttttttttttt.t................................r.........................................................................mmmmmmmmmmmmmmmmmmmmmmmmmmmmmmmmmmmmmmmmmmm..............................................................m
mm......t....wwww...............................t..................t......www.............r......mmmmmmm.............................t.t.t...............t................................r.........................................................................mmmmmmmmmmmmmmmmmmmmmmmmmmmmmmmmmmmmmmmmmmm..............................................................m
mmm.m....mmmm.................www................t................t.....wwww......ttttt...rrrrrrrr.mmm.....r..w............ttttttttttt.t.ttttttttttttttt.t................................r.........................................................................mmmmmmmmmmmmmmmmmmmmmmmmmmmmmmmmmmmmmmmmmmm..............................................................m
mmm.mm.mtm..m.m...t...........wwwwwwwww...........rrrrrrr...............wtww.....tttttt..........r.........r..w............t...........t.t...............t................................r.........................................................................mmmmmmmmmmmmmmmmmmmmmmmmmmmmmmmmmmmmmmmmmmm..............................................................m
mmmmmmmm.m..m................wwwwwwwww............rrrrrrr.......tt..ttt.wtwww....ttttttt.........r.........r..ww...........tttttttttttttttttttttt.ttttttttmmm.............................r.........................................................................mmmmmmmmmmmmmmmmmmmmmmmmmmmmmmmmmmmmmmmmmmm..............................................................m
m.mmmmm..m..m..............t.wwwwwwwww...tt.......rrrrrrr.........t.ttt.wtwww...tttttttt.........rrrrrrrrrrr.www...........t.............................tmmm.............................r.........................................................................mmmmmmmmmmmmmmmmmmmmmmmmmmmmmmmmmmmmmmmmmmm..............................................................m
m..m..mmmmm....t.........ttttwwwwwwwwwtttttt......rrrrrrr........t..ttt.wtww....tttttttt.........r...........www.........ttt.tttttttttttttttttttttttttttttmmm.............................r.........................................................................mmmmmmmmmmmmmmmmmmmmmmmmmmmmmmmmmmmmmmmmmmm..............................................................m
m.....m.....t.............ttttwwwwwwwwttttt..........r....t.......ttttt.twwww....ttttttt.........r..........wwww.........t.t.t.................t.t.......tmmm.............................r.........................................................................mmmmmmmmmmmmmmmmmmmmmmmmmmmmmmmmmmmmmmmmmmm..............................................................m
mm..m.m.mmmmmmm.t........ttttwwwwwwwwwtttttt......t..rtt..........tttt..twwwww....tttttt.........r..........wwww.........t.t.t.t..tttttttttt.t.t.t.......tmmmmmmm.........................r.........................................................................mmmmmmmmmmmmmmmmmmmmmmmmmmmmmmmmmmmmmmmmmmm..............................................................m
mm..m.m.m.mmmm........tttttttttwwwtwwtttttttt........r............ttt...tt.wwww...ttttt..........r..........wwww.........t.t.t.t..t....t.t...t.t.t.ttttt.tmmmmmmm.........................r.........................................................................mmmmmmmmmmmmmmmmmmmmmmmmmmmmmmmmmmmmmmmmmmm..............................................................m
mmmm..m....mmmm.......ttttttttttwtttttttttt......t...r................tttt.wwwww..ttttm...m......r.........wwww..........t.t.ttttttttt.t.t...t.........t.tmmmmmmm.........................r.........................................................................mmmmmmmmmmmmmmmmmmmmmmmmmmmmmmmmmmmmmmmmmmm..............................................................m
mmm.....mm..m........t.....ttttttttttttttttt.........r................tttttwwwwtttttttt.mm.......r.........wwww..........t.t.......t...t.tttttttt.tttt.t.tmmmmmmm.........................r.........................................................................mmmmmmmmmmmmmmmmmmmmmmmmmmmmmmmmmmmmmmmmmmm..............................................................m
mmmmmmmmmm...m......t..tt.......ttt.....tttt.........rt........t...........wwwwww.....m.mmmm.....r.........ww......tt....t.tttttt.tttt.t.....t.......t.t.tmmmmmmmmmmmm....................r.........................................................................mmmmmmmmmmmmmmmmmmmmmmmmmmmmmmmmmmmmmmmmmmm..............................................................m
mmmmmmmmmmmmm.........t...t.....tt..............rrrrrrrrrrrrrrrrrrrrrrrrrrrBBBrrrrrrr..mmmmmm....r.........ww.....tttt...t.t...t.........ttt.t.ttttt.t.t.tmmmmmmmmmmmm....................r.........................................................................mmmmmmmmmmmmmmmmmmmmmmmmmmmmmmmmmmmmmmmmmmm..............................................................m
mmmmmmmmmmmmmmmmm...........t...tt..............r........................wwwww......r.m.mmmmm.m..r........www....tttt...mt.t.t.t.ttttttttt.ttt.t.....t.t.tmmmmmmmmmmmmmmmm................r.........................................................................mmmmmmmmmmmmmmmmmmmmmmmmmmmmmmmmmmmmmmmmmmm..............................................................m
mmmmmmmmmmm...mm.........t.t..t.......rrrrrrrrrrr...t...ttt.........tttttwwwwwwww...r....mmm...m.r.....wwwwww..tttttt...mt.t.t.t.............t.t.ttttt.t.tmmmmmmmmmmmmmmmm................r.........................................................................mmmmmmmmmmmmmmmmmmmmmmmmmmmmmmmmmmmmmmmmmmm..............................................................m
mmmmmmmmmmmmmmmmm....tttttt...tt.t..tttt.....tttr.....t...ttttttt..tttttwwwwwwwwwww.rrrrrrrrrrrrrr.wwwwwwwww..tttttt...mmt...t....tttttttttt...t.......t.tmmmmmmmmmmmmmmmm................r..................................................................................................................................................................................m
mmmmmmmmmmmmmmmmm....tttttt...tt.t..tttt.....tttr.....t...ttttttt..tttttwwwwwwwwwww.rrrrrrrrrrrrrr.wwwwwwwww.ttttttt..mmmt...t....tttttttttt...t.......t.tmmmmmmmmmmmmm...................r.......................................................rrrrrrrrrrrrrrrrrrrrrrrrrrrrrrrrrrrrrrrrrrrrrrrrrrrrrrrrrrrrrrrrrrrrrrrrrrrrrrrrrrrrrrrrrrrrrrrrrrrrrrrrrrrrrrrrrrrrrrr....m
mmmmmmmmmmmmmmmmmmttttttt.......t...tt..........r...ttttttttttttttttttwwwwwwwwwwwwwwwwwwwwwwwwwwwwwwwwwwwwwttttttttttmmmmttttttttttmmmmmmmmttttttttttttt...mmmmmmmm.......................r..................................................................................................................................................................................m
mmmmmmmmmmmmmmmmmmmm............................r....ttttttttttttttwwwwwwwwwwwwwwwwwwwwwwwwwwwwwwwwwwwwwttttttttttttmmmmmmmmmmmmmmmmmmmmmmmmmmmmmmmmmm......mmmmmm........................r.......................................................................................................wwwwwwwwwwwwwwwwwwwwwwwwwwwww..............................................m
mmmmmmmmmmmmmm.........tttttttttttttttt.........r......tttttttttttwwwwwwwwwwwwwwwwwwwwwwwwwwwwwww.......ttttttttttttmmmmmmmmmmmmmmmmmmmmmmmmmmmmm............mmmmmmm......................r.......................................................................................................wwwwwwwwwwwwwwwwwwwwwwwwwwwww..............................................m
mmmmmmmmm..............tttttttttttttttt.........r........ttttttwwwwwwwwwwwwwwwwwwww...................tttttttttttttttttt........mmmmmmmmmmmmmmmm........mmmmmmmmmm........................r.......................................................................................................wwwwwwwwwwwwwwwwwwwwwwwwwwwww..............................................m
mmmmmm.................tttttttttttttttt.........r.........ttttwwwwwwwwwwwwwwww........................ttttttttttttttttttttttt......mmmmmmmmmmmmmmmmmmmmmmm................................r.......................................................................................................wwwwwwwwwwwwwwwwwwwwwwwwwwwww..............................................m
mmmmmmmm...............tttttttttttttttt.........r..........tttwwwwwwwwwww...........................tttttttttttttttttttttttttttttttttttmmmmmmmmmmmmmmmmttt................................r.......................................................................................................wwwwwwwwwwwwwwwwwwwwwwwwwwwww..............................................m
mmmmmmmmmmm............tttttttttttttttt.........r...........ttttwwwwww.............................ttttttttttttttttttttttttttttttttttttttmmmmmmmmmmmttttttt...............................r.......................................................................................................wwwwwwwwwwwwwwwwwwwwwwwwwwwww..............................................m
mmmmmmmmmmmmmm..................................r.............ttttt................................ttttttttttttttttttttttttttttttttttttttttmmmmmmmttttttttt...............................r.......................................................................................................wwwwwwwwwwwwwwwwwwwwwwwwwwwww..............................................m
mmmmmmmmmmmmmmmmmm..............................r...............ttt................................tttttttttttttttttttttttttttttttttttttttttttttttttttttttt...............................r.......................................................................................................wwwwwwwwwwwwwwwwwwwwwwwwwwwww..............................................m
mmmmmmmmmmmmmmmmmmmmmmmmmmmm....................r................................................tttttttttttttttttttttttttttttttttttttttttttttttttttttttttt...............................r.......................................................................................................wwwwwwwwwwwwwwwwwwwwwwwwwwwww..............................................m
mmmmmmmmmmmmmmmmmmmmmmmmmmmmmmm.................r................................................ttttttttttttttttttttttttttttttttttttttttttttttttttttttttt................................r.......................................................................................................wwwwwwwwwwwwwwwwwwwwwwwwwwwww..............................................m
mmmmmmmmmmmmmmmmmmmmmmmmmmmmmmmmmmmm............r...............................................ttttttttttttttttttttttttttttttttttttttt....tttttttttttt...................................r...........................................................................................mmmmmmmmmmmmwwwwwwwwwwwwwwwwwwwwwwwwwwwww..............................................m
mmmmmmmmmmmmmmmmmmmmmmmmmmmmmmmmmmmmmmmmmm......r...............................................ttttttttttttttttttttttttttttttttttttttt.tt...ttttttt......................................r...........................................................................................mmmmmmmmmmmmwwwwwwwwwwwwwwwwwwwwwwwwwwwww..............................................m
mmmmmmmmmmmmmmmmmmmmmmmmmmmmmmmmmmmmmmmmmmm.....r...............................................tttttttttttttttttttttttttttttttttttttttt.t................................................r...........................................................................................mmmmmmmmmmmmwwwwwwwwwwwwwwwwwwwwwwwwwwwww..............................................m
mmmmmmmmmmmmmmmmmmmmmmmmmmmmmmmmmmmmmmmmmmm.....r..............................................ttttttttttttttttttttttttttttttttttttttttttt................................................r...........................................................................................mmmmmmmmmmmmwwwwwwwwwwwwwwwwwwwwwwwwwwwww..............................................m
mmmmmmmmmmmmmmmmmmmmmmmmmmmmmmmmmmmmmmmmmmm.....r..............................................ttttttttttttttttttttttttttttttttttttttttttt................................................r...........................................................................................mmmmmmmmmmmmwwwwwwwwwwwwwwwwwwwwwwwwwwwww..............................................m
mmmmmmmmmmmmmmmmmmmmmmmmmmmmmmmmmmmmmmmmmmm.....r..............................................ttttttttttttttttttttttttt.....ttttttttttttt................................................r...........................................................................................mmmmmmmmmmmmwwwwwwwwwwwwwwwwwwwwwwwwwwwww..............................................m
mmmmmmmmmmmmmmmmmmmmmmmmmmmmmmmmmmmmmmmmmmm.....r..............................................ttttttttttttttttttttttttt.....ttttttttttttt................................................r...........................................................................................mmmmmmmmmmmmwwwwwwwwwwwwwwwwwwwwwwwwwwwww..............................................m
mmmmmmmmmmmmmmmmmmmmmmmmmmmmmmmmmmmmmmmmmmm.....r..............................................ttttttttttttttttttttttttt.....ttttttttttttt................................................rrrrrrrrrrrrrrrrrrrrrrrrrrrrrrrrrrrrrrrrrrrrrrrrrrrrrrrrr...................................mmmmmmmmmmmmwwwwwwwwwwwwwwwwwwwwwwwwwwwww..............................................m
mmmmmmmmmmmmmmmmmmmmmmmmmmmmmmmmmmmmmmmmmmm.....r..............................................ttttttttttttttt...............ttttttttttttt...............................................................................rr...........................................................mmmmmmmmmmmmwwwwwwwwwwwwwwwwwwwwwwwwwwwww..............................................m
mmmmmmmmmmmmmmmmmmmmmmmmmmmmmmmmmmmmmmmmmmm.....r..............................................ttttttttttttttt...............ttttttttttttt...............................................................................rr...........................................................mmmmmmmmmmmmwwwwwwwwwwwwwwwwwwwwwwwwwwwww..............................................m
mmmmmmmmmmmmmmmmmmmmmmmmmmmmmmmmmmmmmmmmmmm.....r..............................................ttttttttttttttt.........r.....ttttttttttttt...............................................................................rr...........................................................mmmmmmmmmmmmwwwwwwwwwwwwwwwwwwwwwwwwwwwww..............................................m
mmmmmmmmmmmmmmmmmmmmmmmmmmmmmmmmmmmmmmmmmmm.....rrrrrrrrrrrrrrrrrrrrrrrrrrrrrrrrrrr............ttttttttttttttt.........r.....ttttttttttttt...............................................................................rr...........................................................mmmmmmmmmmmmwwwwwwwwwwwwwwwwwwwwwwwwwwwww..............................................m
mmmmmmmmmmmmmmmmmmmmmmmmmmmmmmmmmmmmmmmmmmm.......................................r............tttttttttttt............r.....ttttttttttttttttttttttttttttt...............................................................rr...........................................................mmmmmmmmmmmmwwwwwwwwwwwwwwwwwwwwwwwwwwwww..............................................m
mmmmmmmmmmmmmmmmmmmmmmmmmmmmmmmmmmmmmmmmmmm.......................................r............tttttttttttt............r.....ttttttttttttttttttttttttttttt...............................................................rr...........................................................mmmmmmmmmmmmmmmmmmmmmmmmmmmmm..........................................................m
mmmmmmmmmmmmmmmmmmmmmmmmmmmmmmmmmmmmmmmmmmm.......................................r............tttttttttttt............r.....ttttttttttttttttttttttttttttt...............................................................rr...........................................................mmmmmmmmmmmmmmmmmmmmmmmmmmmmm..........................................................m
mmmmmmmmmmmmmmmmmmmmmmmmmmmmmmmmmmmmmmmmmmm.......................................r............tttttttttttt.....rrrrrrrr.....ttttttttttttttttttttttttttttt...............................................................rr...........................................................mmmmmmmmmmmmmmmmmmmmmmmmmmmmm..........................................................m
mmm....mmmmmmmmmmmmmmmmmmmmmmmmmmmmmmmmmmmm.......................................r............tttttttttttt.....r............ttttttttttttttttttttttttttttt...............................................................rr...........................................................mmmmmmmmmmmmmmmmmmmmmmmmmmmmm..........................................................m
m.........mmmmmmmmmmmmmmmmmmmmmmmmmmmmmmmmm.......................................r............tttttttttttt.....r............ttttttttttttttttttttttttttttt...............................................................rr...........................................................mmmmmmmmmmmmmmmmmmmmmmmmmmmmm..........................................................m
m...........mmmmmmmmmmmmmmmmmmmmmmmmmmmmmmm.......................................r............tttttttttttt.....r............ttttttttttttttttttttttttttttt...............................................................rr...........................................................mmmmmmmmmmmmmmmmmmmmmmmmmmmmm..........................................................m
m............mmmmmmmmmmmmmmmmmmmmmmmmmmmmmmmmmmmm.................................r............tttttttttttt.....r.......tttttttttttttttttttttttttttttttttt...............................................................rr...........................................................mmmmmmmmmmmmmmmmmmmmmmmmmmmmm..........................................................m
m.............mmmmmmmmmmmmmmmmmmmmmmmmmmmmmmmmmmm.................................r............tttttttttttt.....r.......tttttttttttttttttttttttttttttttttt...............................................................rr.............................................ttttttttttttttmmmmmmmmmmmmmmmmmmmmmmmmmmmmm..........................................................m
w.............mmmmmmmmmmmmmmmmmmmmmmmmmmmmmmmmmmm.................................r.............................r.......ttttttttttttttttttt..............................................................................rr.............................................ttttttttttttttmmmmmmmmmmmmmmmmmmmmmmmmmmmmm..........................................................m
w..............mmmmmmmmmmmmmmmmmmmmmmmmmmmmmmmmmm.................................r.............................r.......ttttttttttttttttttt..............................................................................rr.............................................ttttttttttttttmmmmmmmmmmmmmmmmmmmmmmmmmmmmm..........................................................m
w................mmmmmmmmmmmmmmmmmmmmmmmmmmmmmmmm.................................r.............................r.......ttttttttttttttttttt..............................................................................rr.............................................ttttttttttttttmmmmmmmmmmmmmmmmmmmmmmmmmmmmm..........................................................m
w................mmmmmmmmmmmmmmmmmmmmmmmmmmmmmmmm.................................rrrrrrrrrrrrrrrrrrrrrrrrrrrrrrr.......ttttttttttttttttttt..............................................................................rr.............................................ttttttttttttttmmmmmmmmmmmmmmmmmmmmmmmmmmmmm..........................................................m
ww............m..mmmmmmmmmmmmmmmmmmmmmmmmmmmmmmmmmmmmmmmmmmmmmmmmmmmmmmmm.............................t.................ttttttttttttttttttt........wwwwwwwwwwwwwwwwwwwwwwwwwwwwwwwwwwwwwwwwwwww..........................rr.............................................ttttttttttttttmmmmmmmmmmmmmmmmmmmmmmmmmmmmm..........................................................m
ww............mmmmmmmmmmmmmmmmmmmmmmmmmmmmmmmmmmmmmmmmmmmmmmmmmmmmmmmmmmm.............................t.................ttttttttttttttttttt........wwwwwwwwwwwwwwwwwwwwwwwwwwwwwwwwwwwwwwwwwwww..........................rr.............................................ttttttttttttttmmmmmmmmmmmmmmmmmmmmmmmmmmmmm..........................................................m
www...........mmmmmmmmmmmmmmmmmmmmmmmmmmmmmmmmmmmmmmmmmmmmmmmmmmmmmmmmmmm.............................t.................ttttttttttttttttttt........wwwwwwwwwwwwwwwwwwwwwwwwwwwwwwwwwwwwwwwwwwww..........................rr.............................................ttttttttttttttmmmmmmmmmmmmmmmmmmmmmmmmmmmmm..........................................................m
www..........mmmmmmmmmmmmmmmmmmmmmmmmmmmmmmmmmmmmmmmmmmmmmmmmmmmmmmmmmmmm.............................t............................................wwwwwwwwwwwwwwwwwwwwwwwwwwwwwwwwwwwwwwwwwwww..........................rr.............................................ttttttttttttttmmmmmmmmmmmmmmmmmmmmmmmmmmmmm..........................................................m
www.........mmmmmmmmmmmmmmmmmmmmmmmmmmmmmmmmmmmmmmmmmmmmmmmmmmmmmmmmmmmmm.............................t............................................wwwwwwwwwwwwwwwwwwwwwwwwwwwwwwwwwwwwwwwwwwww..........................rr.............................................ttttttttttttttmmmmmmmmmmmmmmmmmmmmmmmmmmmmm..........................................................m
wwt.........mmmmmmmmmmmmmmmmmmmmmmmmmmmmmmmmmmmmmmmmmmmmmmmmmmmmmmmmmmmmm.............................t............................................wwwwwwwwwwwwwwwwwwwwwwwwwwwwwwwwwwwwwwwwwwww..........................rr.............................................ttttttttttttttmmmmmmmmmmmmmmmmmmmmmmmmmmmmm..........................................................m
wwtttt.......mmmmmmmmmmmmmmmmmmmmmmmmmmmmmmmmmmmmmmmmmmmmmmmmmmmmmmmmmmmm.............................t............................................wwwwwwwwwwwwwwwwwwwwwwwwwwwwwwwwwwwwwwwwwwww..........................rr.............................................tttttttttttttttttttttttttttttt.......................................................................m
tttttttt.....mmmmmmmmmmmmmmmmmmmmmmmmmmmmmmmmmmmmmmmmmmmmmmmmmmmmmmmmmmmm.............................t............................................wwwwwwwwwwwwwwwwwwwwwwwwwwwwwwwwwwwwwwwwwwww..........................rr.............................................tttttttttttttttttttttttttttttt.......................................................................m
tttttttttt.....mmmmmmmmmmmmmmmmmmmmmmmmmmmmmmmmmmmmmmmmmmmmmmmmmmmmmmmmmm.............................t............................................wwwwwwwwwwwwwwwwwwwwwwwwwwwwwwwwwwwwwwwwwwww..........................rr.............................................tttttttttttttttttttttttttttttt.......................................................................m
ttttttttttt.....mmmmmmmmmmmmmmmmmmmmmmmmmmmmmmmmmmmmmmmmmmmmmmmmmmmmmmmmm.............................t............................................wwwwwwwwwwwwwwwwwwwwwwwwwwwwwwwwwwwwwwwwwwww..........................rr.............................................tttttttttttttttttttttttttttttt.......................................................................m
ttttttttttttt....mmmmmmmmmmmmmmmmmmmmmmmmmmmmmmmmmmmmmmmmmmmmmmmmmmmmmmmm.............................t............................................wwwwwwwwwwwwwwwwwwwwwwwwwwwwwwwwwwwwwwwwwwww..........................rr.............................................tttttttttttttttttttttttttttttt.......................................................................m
tttttttttttttt....mmmmmmmmmmmmmmmmmmmmmmmmmmmmmmmmmmmmmmmmmmmmmmmmmmmmmmm.............................t............................................wwwwwwwwwwwwwwwwwwwwwwwwwwwwwwwwwwwwwwwwwwww..........................rr.............................................tttttttttttttttttttttttttttttt.......................................................................m
ttttttttttttttt....mmmmmmmmmmmmmmmmmmmmmmmmmmmmmmmmmmmmmmmmmmmmmmmmmmmmmm.............................t............................................wwwwwwwwwwwwwwwwwwwwwwwwwwwwwwwwwwwwwwwwwwww..........................rr.............................................tttttttttttttttttttttttttttttt.......................................................................m
ttttttttttttttt....mmmmmmmmmmmmmmmmmmmmmmmmmmmmmmmmmmmmmmmmmmmmmmmmmmmmmm.............................t............................................wwwwwwwwwwwwwwwwwwwwwwwwwwwwwwwwwwwwwwwwwwww..........................rr.............................................tttttttttttttttttttttttttttttt.......................................................................m
ttttttttttttttttt....mmmmmmmmmmmmmmmmmmmmmmmmmmmmmmmmmmmmmmmmmmmmmmmmmmmm.............................t..................................................................................................................rr.............................................tttttttttttttttttttttttttttttt.......................................................................m
ttttttttttttttttttt...mmmmmmmmmmmmmmmmmmmmmmmmmmmmmmmmmmmmmmmmmmmmmmmmmmm.............................t..................................................................................................................rr.............................................tttttttttttttttttttttttttttttt.......................................................................m
ttttttttttttttttttt...mmmmmmmmmmmmmmmmmmmmmmmmmmmmmmmmmmmmmmmmmmmmmmmmmmm.............................t..................................................................................................................rr.............................................tttttttttttttttttttttttttttttt.......................................................................m
tttttttttttttttttttt..mmmmmmmmmmmmmmmmmmmmmmmmmmmmmmmmmmmmmmmmmmmmmmmmmmm.............................t..................................................................................................................rr.............................................tttttttttttttttttttttttttttttt.......................................................................m
tttttttttttttttttttt..mmmmmmmmmmmmmmmmmmmmmmmmmmmmmmmmmmmmmmmmmmmmmmmmmmm.............................t......................................................mmmmmmmmmmmmmmmmmmmmmmmmmmmmmmm.............................rr.............................................tttttttttttttttttttttttttttttt.......................................................................m
tttttttttttttttttttt...mmmmmmmmmmmmmmmmmmmmmmmmmmmmmmmmmmmmmmmmmmmmmmmmmmmmmmmm.......................t......................................................mmmmmmmmmmmmmmmmmmmmmmmmmmmmmmm.............................rr.............................................tttttttttttttttttttttttttttttt.......................................................................m
tttttttttttttttttttt...mmmmmmmmmmmmmmmmmmmmmmmmmmmmmmmmmmmmmmmmmmmmmmmmmmmmmmmm.......................t......................................................mmmmmmmmmmmmmmmmmmmmmmmmmmmmmmm.............................rr.............................................tttttttttttttttttttttttttttttt.......................................................................m
tttttttttttttttttttt...mmmmmmmmmmmmmmmmmmmmmmmmmmmmmmmmmmmmmmmmmmmmmmmmmmmmmmmm.......................t...........................mmmmmmmmmmmmmmmmmmmmmmmmmmmmmmmmmmmmmmmmmmmmmmmmmmmmmmmmmm.............................rr..................................................................................................................................................m
tttttttttttttttttttt...mmmmmmmmmmmmmmmmmmmmmmmmmmmmmmmmmmmmmmmmmmmmmmmmmmmmmmmm.......................t...........................mmmmmmmmmmmmmmmmmmmmmmmmmmmmmmmmmmmmmmmmmmmmmmmmmmmmmmmmmmmmmmmmmmmmmmmmmmm............rr..................................................................................................................................................m
ttttttttttttttttttttt...mmmmmmmmmmmmmmmmmmmmmmmmmmmmmmmmmmmmmmmmmmmmmmmmmmmmmmm.......................t...........................mmmmmmmmmmmmmmmmmmmmmmmmmmmmmmmmmmmmmmmmmmmmmmmmmmmmmmmmmmmmmmmmmmmmmmmmmmm............rr..................................................................................................................................................m
ttttttttttttttttttttt...mmmmmmmmmmmmmmmmmmmmmmmmmmmmmmmmmmmmmmmmmmmmmmmmmmmmmmm.......................t...........................mmmmmmmmmmmmmmmmmmmmmmmmmmmmmmmmmmmmmmmmmmmmmmmmmmmmmmmmmmmmmmmmmmmmmmmmmmm............rr..................................................................................................................................................m
ttttttttttttttttttttttt....mmmmmmmmmmmmmmmmmmmmmmmmmmmmmmmmmmmmmmmmmmmmmmmmmmmm.......................t...........................mmmmmmmmmmmmmmmmmmmmmmmmmmmmmmmmmmmmmmmmmmmmmmmmmmmmmmmmmmmmmmmmmmmmmmmmmmm............rr..................................................................................................................................................m
ttttttttttttttttttttttt....mmmmmmmmmmmmmmmmmmmmmmmmmmmmmmmmmmmmmmmmmmmmmmmmmmmm.......................t...........................mmmmmmmmmmmmmmmmmmmmmmmmmmmmmmmmmmmmmmmmmmmmmmmmmmmmmmmmmmmmmmmmmmmmmmmmmmmmmmmmmmmmmm.rr..................................................................................................................................................m
tttttttttttttttttttttttt....mmmmmmmmmmmmmmmmmmmmmmmmmmmmmmmmmmmmmmmmmmmmmmmmmmm.......................t...........................mmmmmmmmmmmmmmmmmmmmmmmmmmmmmmmmmmmmmmmmmmmmmmmmmmmmmmmmmmmmmmmmmmmmmmmmmmmmmmmmmmmmmm.rr..................................................................................................................................................m
tttttttttttttttttttttttttt...mmmmmmmmmmmmmmmmmmmmmmmmmmmmmmmmmmmmmmmmmmmmmmmmmm.......................t...........................mmmmmmmmmmmmmmmmmmmmmmmmmmmmmmmmmmmmmmmmmmmmmmmmmmmmmmmmmmmmmmmmmmmmmmmmmmmmmmmmmmmmmm.rr..................................................................................................................................................m
tttttttttttttttttttttttttt....mmmmmmmmmmmmmmmmmmmmmmmmmmmmmmmmmmmmmmmmmmmmmmmmm.......................t...........................mmmmmmmmmmmmmmmmmmmmmmmmmmmmmmmmmmmmmmmmmmmmmmmmmmmmmmmmmmmmmmmmmmmmmmmmmmmmmmmmmmmmmm.rr..................................................................................................................................................m
tttttttttttttttttttttttttmm.....mmmmmmmmmmmmmmmmmmmmmmmmmmmmmmmmmmmmmmmmmmmmmmm.......................t...........................mmmmmmmmmmmmmmmmmmmmmmmmmmmmmmmmmmmmmmmmmmmmmmmmmmmmmmmmmmmmmmmmmmmmmmmmmmmmmmmmmmmmmm.rr..................................................................................................................................................m
tttttttttttttttttttttttttmmm...mmmmmmmmmmmmmmmmmmmmmmmmmmmmmmmmmmmmmmmmmmmmmmmm.......................t...........................mmmmmmmmmmmmmmmmmmmmmmmmmmmmmmmmmmmmmmmmmmmmmmmmmmmmmmmmmmmmmmmmmmmmmmmmmmmmmmmmmmmmmm.rr..................................................................................................................................................m
tttttttttttttttttttttttttmmm..mmmmmmmmmmmmmmmmmmmmmmmmmmmmmmmmmmmmmmmmmmmmmmmmm.......................t...........................mmmmmmmmmmmmmmmmmmmmmmmmmmmmmmmmmmmmmmmmmmmmmmmmmmmmmmmmmmmmmmmmmmmmmmmmmmmmmmmmmmmmmm.rr..................................................................................................................................................m
ttttttttttttttttttttttttmmmm.mmmmmmmmmmmmmmmmmmmmmmmmmmmmmmmmmmmmmmmmmmmmmmmmmm.......................t...........................mmmmmmmmmmmmmmmmmmmmmmmmmmmmmmmmmmmmmmmmmmmmmmmmmmmmmmmmmmmmmmmmmmmmmmmmmmm............rr..........................................mmmmmmmmmmmmmmmmmmmmmmmmmmmmmmmmmmmmmmmmmmmmmmmmmmmmmmmmmmmmmmmmmmmmmmmmmmmmmmmmmmmmmmmmmmmmmmm.........m
ttttttttttttttttttttttttmmmm.mmmmm.m.mmmmmmmmmmmmmmmmmmmmmmmmmmmmmmmmmmmmmmmmmm.......................t...........................mmmmmmmmmmmmmmmmmmmmmmmmmmmmmmmmmmmmmmmmmmmmmmmmmmmmmmmmmmmmmmmmmmmmmmmmmmm............rr..........................................mmmmmmmmmmmmmmmmmmmmmmmmmmmmmmmmmmmmmmmmmmmmmmmmmmmmmmmmmmmmmmmmmmmmmmmmmmmmmmmmmmmmmmmmmmmmmmm.........m
tttttttttttttttttttttttmmmmm..mm.......mmmmmmmmmmmmmmmmmmmmmmmmmmmmmmmmmmmmmmmm.......................t............................................mmmmmmmmmmmmmmmmmmmmmmmmmmmmmmmmmmmmmmmmmmmmmmmmmmmmmmmmmm............rr..........................................mmmmmmmmmmmmmmmmmmmmmmmmmmmmmmmmmmmmmmmmmmmmmmmmmmmmmmmmmmmmmmmmmmmmmmmmmmmmmmmmmmmmmmmmmmmmmmm.........m
ttttttttttttttttttttttmmmmmm........m..mmmmmmmmmmmmmmmmmmmmmmmmmmmmmmmmmmmmmmmm.......................t............................................mmmmmmmmmmmmmmmmmmmmmmmmmmmmmmmmmmmmmmmmm.............................rr..........................................mmmmmmmmmmmmmmmmmmmmmmmmmmmmmmmmmmmmmmmmmmmmmmmmmmmmmmmmmmmmmmmmmmmmmmmmmmmmmmmmmmmmmmmmmmmmmmm.........m
tttttttttttttttttttttmmmmmmm...mmmmmmm..mmmmmmmmmmmmmmmmmmmmmmmmmmmmmmmmmmmmmmm.......................t............................................mmmmmmmmmmmmmmmmmmmmmmmmmmmmmmmmmmmmmmmmm.............................rr..........................................mmmmmmmmmmmmmmmmmmmmmmmmmmmmmmmmmmmmmmmmmmmmmmmmmmmmmmmmmmmmmmmmmmmmmmmmmmmmmmmmmmmmmmmmmmmmmmm.........m
ttttttttttttttttttttmmmmmmm...mmmmmmmmm...mmmmmmmmmmmmmmmmmmmmmmmmmmmmmmmmmmmmm.......................t............................................mmmmmmmmmmmmmmmmmmmmmmmmmmmmmmmmmmmmmmmmm.............................rr..........................................mmmmmmmmmmmmmmmmmmmmmmmmmmmmmmmmmmmmmmmmmmmmmmmmmmmmmmmmmmmmmmmmmmmmmmmmmmmmmmmmmmmmmmmmmmmmmmm.........m
tttttttttttttttttttmmmmmmmmmmmmmmmmmmmmm....mmmmmmmmmmmmmmmmmmmmmmmmmmmmmmmmmmm.......................t............................................mmmmmmmmmmmmmmmmmmmmmmmmmmmmmmmmmmmmmmmmm.............................rr..........................................mmmmmmmmmmmmmmmmmmmmmmmmmmmmmmmmmmmmmmmmmmmmmmmmmmmmmmmmmmmmmmmmmmmmmmmmmmmmmmmmmmmmmmmmmmmmmmm.........m
tttttttttttttttttmmmmmmmmmmmmmmmmmmmmmmmm...mmmmmmmmmmmmmmmmmmmmmmmmmmmmm.............................t..................................................................................................................rr..........................................mmmmmmmmmmmmmmmmmmmmmmmmmmmmmmmmmmmmmmmmmmmmmmmmmmmmmmmmmmmmmmmmmmmmmmmmmmmmmmmmmmmmmmmmmmmmmmm.........m
ttttttttttttttmmmmmmmmmmmmmmmmmmmmmmmmmmmm..mmmmmmmmmmmmmmmmmmmmmmmmmmmmm.............................trrrrrrrrrrrrrrrrrrrrrrrrrrrrrrrrrrrrrrrrrrrrrrrrrrrrrrrrrrrrrrrrrrrrrrrrrrrrrrrrrrrrrrrrrrrrrrrrrrrrrrrrrrrrrrrrrrrr..........................................mmmmmmmmmmmmmmmmmmmmmmmmmmmmmmmmmmmmmmmmmmmmmmmmmmmmmmmmmmmmmmmmmmmmmmmmmmmmmmmmmmmmmmmmmmmmmmm.........m
tttttttttttmmmmmmmmmmmmmmmmmmmmmmmmmmmm......mmmmmmmmmmmmmmmmmmmmmm......................................................................................................................................................rr..........................................mmmmmmmmmmmmmmmmmmmmmmmmmmmmmmmmmmmmmmmmmmmmmmmmmmmmmmmmmmmmmmmmmmmmmmmmmmmmmmmmmmmmmmmmmmmmmmm.........m
ttttttttmmmmmmmmmmmmmmmmmmmmmmmmm..............mmmmmmmmmmmmmmm...........................................................................................................................................................rr..........................................mmmmmmmmmmmmmmmmmmmmmmmmmmmmmmmmmmmmmmmmmmmmmmmmmmmmmmmmmmmmmmmmmmmmmmmmmmmmmmmmmmmmmmmmmmmmmmm.........m
tttttmmmmmmmmmmmmmmmmmmmmm......................mmmmmmmmmmmmm............................................................................................................................................................rr..........................................mmmmmmmmmmmmmmmmmmmmmmmmmmmmmmmmmmmmmmmmmmmmmmmmmmmmmmmmmmmmmmmmmmmmmmmmmmmmmmmmmmmmmmmmmmmmmmm.........m
ttttttt....mmmmmmmmmm..............................mmmmmmmmmmm...........................................................................................................................................................rr..........................................mmmmmmmmmmmmmmmmmmmmmmmmmmmmmmmmmmmmmmmmmmmmmmmmmmmmmmmmmmmmmmmmmmmmmmmmmmmmmmmmmmmmmmmmmmmmmmm.........m
tttttttttt..mmmmmm...................................mmmmmmmmmm..........................................................................................................................................................rr..........................................mmmmmmmmmmmmmmmmmmmmmmmmmmmmmmmmmmmmmmmmmmmmmmmmmmmmmmmmmmmmmmmmmmmmmmmmmmmmmmmmmmmmmmmmmmmmmmm.........m
ttttttt....mmmmm......................................mmmmmm.............................................................................................................................................................rr.............ttttttttttttttttttttttttttttttttttttttttttttttttttttttttttttttttttttttttttttttttttttttttttttmmmmmmmmmmmmmmmmmmmmmmmmmmmmmmmm.........m
tttttt.....mmmmmm....................................mmmmmmmmmm..........................................................................................................................................................rr.............ttttttttttttttttttttttttttttttttttttttttttttttttttttttttttttttttttttttttttttttttttttttttttttmmmmmmmmmmmmmmmmmmmmmmmmmmmmmmmm.........m
tttt.....mmmmmmmmmm.................................mmmmmmmmmmmmmmm......................................................................................................................................................rr.............ttttttttttttttttttttttttttttttttttttttttttttttttttttttttttttttttttttttttttttttttttttttttttttmmmmmmmmmmmmmmmmmmmmmmmmmmmmmmmm.........m
ttt....mmmmmmmmmmmmm...............................mmmmmmmmmmmmmmmmmm....................................................................................................................................................rr.............ttttttttttttttttttttttttttttttttttttttttttttttttttttttttttttttttttttttttttttttttttttttttttttmmmmmmmmmmmmmmmmmmmmmmmmmmmmmmmm.........m
tt...mmmmmmmmmmmmm...............................mmmmmmmmmmmmmmmmmmmmmmmmmmm.............................................................................................................................................rr.............ttttttttttttttttttttttttttttttttttttttttttttttttttttttttttttttttttttttttttttttttttttttttttttmmmmmmmmmmmmmmmmmmmmmmmmmmmmmmmm.........m
tt..mmmmmmmmmm.................................mmmmmmmmmmmmmmmmmmmmmmmmmmmmmmmmmmmmmm....................................................................................................................................rr.............ttttttttttttttttttttttttttttttttttttttttttttttttttttttttttttttttttttttttttttttttttttttttttttmmmmmmmmmmmmmmmmmmmmmmmmmmmmmmmm.........m
tt.....mmmm......................................mmmmmmmmmmmmmmmmmmmmmmmmmmmmmmmmmmmmmmmmmmm..............................................................................................................wwwwwwwwww.....rr.............ttttttttttttttttttttttttttttttttttttttttttttttttttttttttttttttttttttttttttttttttttttttttttttmmmmmmmmmmmmmmmmmmmmmmmmmmmmmmmm.........m
tt.....................................................mmmmmmmmmmmmmmmmmmmmmmmmmmmmmmmmmmmmmmmmm..........................................................................................................wwwwwwwwwwwww..rr..wwwwwwwwwwwwwwwwwwwwwwwwwwwwwwwwwwwwwwwwwwwwwwwwwwwwwwwwwwwttttttttttttttttttttttttttttttttttttttttttttmmmmmmmmmmmmmmmmmmmmmmmmmmmmmmmm.........m
tt........................................................mmmmmmmmmmmmmmmmmmmmmmmmmmmmmmmmmmmm............................................................................................................wwwwwwwwwwwww..rr..wwwwwwwwwwwwwwwwwwwwwwwwwwwwwwwwwwwwwwwwwwwwwwwwwwwwwwwwwwwttttttttttttttttttttttttttttttttttttttttttttmmmmmmmmmmmmmmmmmmmmmmmmmmmmmmmm.........m
tt...........................................................mmmmmmmmmmmmmmmmmmmmmmmmmmmmmmmmmmmmmmmmmmmmmmmmm............................................................................................wwwwwwwwwwwww..rr..wwwwwwwwwwwwwwwwwwwwwwwwwwwwwwwwwwwwwwwwwwwwwwwwwwwwwwwwwwwttttttttttttttttttttttttttttttttttttttttttttmmmmmmmmmmmmmmmmmmmmmmmmmmmmmmmm.........m
tt..............................................................mmmmmmmmmmmmmmmmmmmmmmmmmmmmmmmmmmmmmmmmmmmmmmmm...................................................................wwwwwwwwwwwwwwwwwwwwwwwwwwwwwwwwwwww..rr..wwwwwwwwwwwwwwwwwwwwwwwwwwwwwwwwwwwwwwwwwwwwwwwwwwwwwwwwwwwttttttttttttttttttttttttttttttttttttttttttttmmmmmmmmmmmmmmmmmmmmmmmmmmmmmmmm.........m
tt.................................................................mmmmmmmmmmmmmmmmmmmmmmmmmmmmmmmmmmmmmmmmmm......................................................................wwwwwwwwwwwwwwwwwwwwwwwwwwwwwwwwwwww..rr..wwwwwwwwwwwwwwwwwwwwwwwwwwwwwwwwwwwwwwwwwwwwwwwwwwwwwwwwwwwttttttttttttttttttttttttttttttttttttttttttttmmmmmmmmmmmmmmmmmmmmmmmmmmmmmmmm.........m
tt.....................................................................mmmmmmmmmmmmmmmmmmmmmmmm....................................................................................wwwwwwwwwwwwwwwwwwwwwwwwwwwwwwwwwwwwwwrrwwwwwwwwwwwwwwwwwwwwwwwwwwwwwwwwwwwwwwwwwwwwwwwwwwwwwwwwwwwwwttttttttttttttttttttttttttttttttttttttttttttmmmmmmmmmmmmmmmmmmmmmmmmmmmmmmmm.........m
tt........................................................................mmmmmmmmmmmmmmmmm........................................................................................wwwwwwwwwwwwwwwwwwwwwwwwwwwwwwwwwwwwwwbbwwwwwwwwwwwwwwwwwwwwwwwwwwwwwwwwwwwwwwwwwwwwwwwwwwwwwwwwwwwwwttttttttttttttttttttttttttttttttttttttttttttmmmmmmmmmmmmmmmmmmmmmmmmmmmmmmmm.........m
t...........................................................................mmmmmmmmmmmmm..........................................................................................wwwwwwwwwwwwwwwwwwwwwwwwwwwwwwwwwwwwwwbbwwwwwwwwwwwwwwwwwwwwwwwwwwwwwwwwwwwwwwwwwwwwwwwwwwwwwwwwwwwwwttttttttttttttttttttttttttttttttttttttttttttmmmmmmmmmmmmmmmmmmmmmmmmmmmmmmmm.........m
t............................................................................mmmmmmmmmm............................................................................................wwwwwwwwwwwwwwwwwwwwwwwwwwwwwwwwwwwwwwbbwwwwwwwwwwwwwwwwwwwwwwwwwwwwwwwwwwwwwwwwwwwwwwwwwwwwwwwwwwwwwttttttttttttttttttttttttttttttttttttttttttttmmmmmmmmmmmmmmmmmmmmmmmmmmmmmmmm.........m
t.............................................................................mmmmmmm..............................................................................................wwwwwwwwwwwwwwwwwwwwwwwwwwwwwwwwwwwwwwrrwwwwwwwwwwwwwwwwwwwwwwwwwwwwwwwwwwwwwwwwwwwwwwwwwwwwwwwwwwwwwttttttttttttttttttttttttttttttttttttttttttttmmmmmmmmmmmmmmmmmmmmmmmmmmmmmmmm.........m
t..............................................................................mmmm...................................................................................................................wwwwwwwwwwwwwwwww..rr....wwwwwwwwwwwwwwwwwwwwwwwwwwwwwwwwwwwwwwwwwwwwwwwwwwwwwwwwwttttttttttttttttttttttttttttttttttttttttttttmmmmmmmmmmmmmmmmmmmmmmmmmmmmmmmm.........m
t...............................................................................mm....................................................................................................................wwwwwwwwwwwwwwwww..rr....wwwwwwwwwwwwwwwwwwwwwwwwwwwwwwwwwwwwwwwwwwwwwwwwwwwwwwwwwttttttttttttttttttttttttttttttttttttttttttttmmmmmmmmmmmmmmmmmmmmmmmmmmmmmmmm.........m
t.....................................................................................................................................................................................................wwwwwwwwwwwwwwwww..rr....wwwwwwwwwwwwwwwwwwwwwwwwwwwwwwwwwwwwwwwwwwwwwwwwwwwwwwwwwttttttttttttttttttttttttttttttttttttttttttttmmmmmmmmmmmmmmmmmmmmmmmmmmmmmmmm.........m
t.....................................................................................................................................................................................................wwwwwwwwwwwwww.....rr.............ttttttttttttttttttttttttttttttttttttttttttttttttttttttttttttttttttttttttttttttttttttttttttttmmmmmmmmmmmmmmmmmmmmmmmmmmmmmmmm.........m
t...............................................................................................................................wwwwwwwwwww...........................................................wwwwwwwwwwwwww.....rr.............ttttttttttttttttttttttttttttttttttttttttttttttttttttttttttttttttttttttttttttttttttttttttttttmmmmmmmmmmmmmmmmmmmmmmmmmmmmmmmm.........m
t..................wwwwwwwwwwwwwwwwwwwwwwwwwwwwwwwwwwwwww.......................................................................wwwwwwwwwww...........................................................wwwwwwwwwwwwww.....rr.............ttttttttttttttttttttttttttttttttttttttttttttttttttttttttttttttttttttttttttttttttttttttttttttmmmmmmmmmmmmmmmmmmmmmmmmmmmmmmmm.........m
t..................wwwwwwwwwwwwwwwwwwwwwwwwwwwwwwwwwwwwww.......................................................................wwwwwwwwwww...........................................................wwwwwwwwwwwwww.....rr.............ttttttttttttttttttttttttttttttttttttttttttttttttttttttttttttttttttttttttttttttttttttttttttttmmmmmmmmmmmmmmmmmmmmmmmmmmmmmmmm.........m
t..................wwwwwwwwwwwwwwwwwwwwwwwwwwwwwwwwwwwwww.......................................................................wwwwwwwwwww...........................................................wwwwwwwwwwwwww.....rr.............ttttttttttttttttttttttttttttttttttttttttttttttttttttttttttttttttttttttttttttttttttttttttttttmmmmmmmmmmmmmmmmmmmmmmmmmmmmmmmm.........m
t..................wwwwwwwwwwwwwwwwwwwwwwwwwwwwwwwwwwwwww.......................................................................wwwwwwwwwww..............................................................................rr..........................................mmmmmmmmmmmmmmmmmmmmmmmmmmmmmmmmmmmmmmmmmmmmmmmmmmmmmmmmmmmmmmmmmmmmmmmmmmmmmmmmmmmmmmmmmmmmmmm.........m
t..................wwwwwwwwwwwwwwwwwwwwwwwwwwwwwwwwwwwwww.......................................................................wwwwwwwwwww..............................................................................rr..........................................mmmmmmmmmmmmmmmmmmmmmmmmmmmmmmmmmmmmmmmmmmmmmmmmmmmmmmmmmmmmmmmmmmmmmmmmmmmmmmmmmmmmmmmmmmmmmmm.........m
t..................wwwwwwwwwwwwwwwwwwwwwwwwwwwwwwwwwwwwww.......................................................................wwwwwwwwwww..............................................................................rr..........................................mmmmmmmmmmmmmmmmmmmmmmmmmmmmmmmmmmmmmmmmmmmmmmmmmmmmmmmmmmmmmmmmmmmmmmmmmmmmmmmmmmmmmmmmmmmmmmm.........m
t..................wwwwwwwwwwwwwwwwwwwwwwwwwwwwwwwwwwwwww.......................................................................wwwwwwwwwww..............................................................................rr..........................................mmmmmmmmmmmmmmmmmmmmmmmmmmmmmmmmmmmmmmmmmmmmmmmmmmmmmmmmmmmmmmmmmmmmmmmmmmmmmmmmmmmmmmmmmmmmmmm.........m
t..................wwwwwwwwwwwwwwwwwwwwwwwwwwwwwwwwwwwwww.......................................................................wwwwwwwwwww..............................................................................rr..........................................mmmmmmmmmmmmmmmmmmmmmmmmmmmmmmmmmmmmmmmmmmmmmmmmmmmmmmmmmmmmmmmmmmmmmmmmmmmmmmmmmmmmmmmmmmmmmmm.........m
t..................wwwwwwwwwwwwwwwwwwwwwwwwwwwwwwwwwwwwww.......................................................................wwwwwwwwwww..............................................................................rr..........................................mmmmmmmmmmmmmmmmmmmmmmmmmmmmmmmmmmmmmmmmmmmmmmmmmmmmmmmmmmmmmmmmmmmmmmmmmmmmmmmmmmmmmmmmmmmmmmm.........m
t..................wwwwwwwwwwwwwwwwwwwwwwwwwwwwwwwwwwwwww.......................................................................wwwwwwwwwww..............................................................................rr..........................................mmmmmmmmmmmmmmmmmmmmmmmmmmmmmmmmmmmmmmmmmmmmmmmmmmmmmmmmmmmmmmmmmmmmmmmmmmmmmmmmmmmmmmmmmmmmmmm.........m
t..................wwwwwwwwwwwwwwwwwwwwwwwwwwwwwwwwwwwwww.......................................................................wwwwwwwwwww..............................................................................rr..........................................mmmmmmmmmmmmmmmmmmmmmmmmmmmmmmmmmmmmmmmmmmmmmmmmmmmmmmmmmmmmmmmmmmmmmmmmmmmmmmmmmmmmmmmmmmmmmmm.........m
t..................wwwwwwwwwwwwwwwwwwwwwwwwwwwwwwwwwwwwww.......................................................................wwwwwwwwwww..............................................................................rr..........................................mmmmmmmmmmmmmmmmmmmmmmmmmmmmmmmmmmmmmmmmmmmmmmmmmmmmmmmmmmmmmmmmmmmmmmmmmmmmmmmmmmmmmmmmmmmmmmm.........m
t..................wwwwwwwwwwwwwwwwwwwwwwwwwwwwwwwwwwwwww.......................................................................wwwwwwwwwww..............................................................................rr..........................................mmmmmmmmmmmmmmmmmmmmmmmmmmmmmmmmmmmmmmmmmmmmmmmmmmmmmmmmmmmmmmmmmmmmmmmmmmmmmmmmmmmmmmmmmmmmmmm.........m
t..................wwwwwwwwwwwwwwwwwwwwwwwwwwwwwwwwwwwwww.......................................................................wwwwwwwwwww..............................................................................rr..........................................mmmmmmmmmmmmmmmmmmmmmmmmmmmmmmmmmmmmmmmmmmmmmmmmmmmmmmmmmmmmmmmmmmmmmmmmmmmmmmmmmmmmmmmmmmmmmmm.........m
t..................wwwwwwwwwwwwwwwwwwwwwwwwwwwwwwwwwwwwww.......................................................................wwwwwwwwwww..............................................................................rr..........................................mmmmmmmmmmmmmmmmmmmmmmmmmmmmmmmmmmmmmmmmmmmmmmmmmmmmmmmmmmmmmmmmmmmmmmmmmmmmmmmmmmmmmmmmmmmmmmm.........m
t..................wwwwwwwwwwwwwwwwwwwwwwwwwwwwwwwwwwwwww.......................................................................wwwwwwwwwww..............................................................................rr..........................................mmmmmmmmmmmmmmmmmmmmmmmmmmmmmmmmmmmmmmmmmmmmmmmmmmmmmmmmmmmmmmmmmmmmmmmmmmmmmmmmmmmmmmmmmmmmmmm.........m
t..................wwwwwwwwwwwwwwwwwwwwwwwwwwwwwwwwwwwwww.......................................................................wwwwwwwwwww..............................................................................rr..........................................mmmmmmmmmmmmmmmmmmmmmmmmmmmmmmmmmmmmmmmmmmmmmmmmmmmmmmmmmmmmmmmmmmmmmmmmmmmmmmmmmmmmmmmmmmmmmmm.........m
t..................wwwwwwwwwwwwwwwwwwwwwwwwwwwwwwwwwwwwww.......................................................................wwwwwwwwwww..............................................................................rr..................................................................................................................................................m
t..................wwwwwwwwwwwwwwwwwwwwwwwwwwwwwwwwwwwwww.......................................................................wwwwwwwwwww..............................................................................rr..................................................................................................................................................m
t..................wwwwwwwwwwwwwwwwwwwwwwwwwwwwwwwwwwwwww.......................................................................wwwwwwwwwww.............................................................rrrrrrrrrrrrrrrrrrrrrrrrrrrrrrrrrrrrrrrrrrrrrr.......................................................................................................................m
t..................wwwwwwwwwwwwwwwwwwwwwwwwwwwwwwwwwwwwww.......................................................................wwwwwwwwwww.............................................................r........r......................r............r.......................................................................................................................m
t..................wwwwwwwwwwwwwwwwwwwwwwwwwwwwwwwwwwwwww.......................................................................wwwwwwwwwwwwwwwwwwwwwwwww...............................................r........r......................r............r.......................................................................................................................m
t..................wwwwwwwwwwwwwwwwwwwwwwwwwwwwwwwwwwwwww.......................................................................wwwwwwwwwwwwwwwwwwwwwwwww...............................................r........r......................r............r.......................................................................................................................m
t..................wwwwwwwwwwwwwwwwwwwwwwwwwwwwwwwwwwwwww............................................................................wwwwwwwwwwwwwwwwwwwwwwwwwwwwwww....................................r........r......................r............r.......................................................................................................................m
t..................wwwwwwwwwwwwwwwwwwwwwwwwwwwwwwwwwwwwww............................................................................wwwwwwwwwwwwwwwwwwwwwwwwwwwwwww....................................r........rrrrrrrrrrrrrrrrrrrrrrrr............r.......................................................................................................................m
t....................................................................................................................................wwwwwwwwwwwwwwwwwwwwwwwwwwwwwwwwwwwwwwwwwwwwwwwwwwwwww.............r............................................r.......................................................................................................................m
t.............................................................................................................................................wwwwwwwwwwwwwwwwwwwwwwwwwwwwwwwwwwwwwwwwwwwww.............r............................................r.......................................................................................................................m
t.............................................................................................................................................wwwwwwwwwwwwwwwwwwwwwwwwwwwwwwwwwwwwwwwwwwwww.............r............................................r.......................................................................................................................m
t.......................................................................................................................................................................................................r............................................r.......................................................................................................................m
t.......................................................................................................................................................................................................rrrrrrrrrrrrrrrrrrrrrrrrrrrrrrrrrrrrrrrrrrrrrr.......................................................................................................................m
t............................................................................................................................................................................................................................................................................................................................................................................m
twwwwwwwwwwwwwwwwwwwwwwwwwwwwwwwwwwwwwwwwwwwwwwwwwwwwwwwwwwwwwwwwwwwwwwwwwwwwwwwwwwwwwwwwwwwwwwwwwwwwwwwwwwwwwwwwwwwwwwwwwwwwwwwwwwwwwwwwwwwwwwwwwwwwwwwwwwwwwwwwwwwwwwwwwwwwwwwwwwwwwwwwwwwwwwwwwwwwwwwwwwwwwwwwwwwwwwwwwwwwwwwwwwwwwwwwwwwwwwwwwwwwwwwwwwwwwwwwwwwwwwwwwwwwwwwwwwwwwwwwwwwwwwwwwwwwwwwwwwwwwwwwwwwwwwwwwwwwwwwwwwwwwwwwwwwwwwwwwwwwwwwwwwwwwwwwwwwwwwwwwwwwm
