wwttttmmmmwwwwwwwwwwwwwwwtttttttttttttttttttttttttttttmmmmmmmmmmmmmmmmmmmmmwwwwwwwwwwwwwwwwwwwwwwwwwwmmmmmmmmmmmwwwwwwwwwwwwwwwwwwwwwwwwwwwwwwwwwwwwwwwwwwwwwwwwwwwwwwwwwwwwwwwwwwwwwwwwwwwwwwwwwwwwwwwwwwwwwwwwwwwwwwwwwwwwwwwwwwwwwwwwwwwwwwwwwwwwwwwwwwwwwwwwwwwwwwwwwwwwwwwwwwwwwwwwwwwwwwwwwwwwwwwwwwwwwwwwwwwwwwwwwwwwwwwwwwwwwwwwwwwwwwwwwwwwwwwwwwwwwwwwwwwwwwwwwwwwwm
wwtttttmmmwwww....wwwwwwwwwwwwwtttt.......ttttttttttttttt.mmmmmmmmmmm............wwwwwwwwwwwwwwwwww..mmmmmmmm...wwwwwwwwwwwwwwwwwwwwwwwwwwwwwwwwwwwwwwwwwwwwwwwwwwwwwwwwwwwwwwwwwwwwwwwwwwwwwwwwwwwwwwwwwwwwwwwwwwwwwwwwwwwwwwwwwwwwwwwwwwwwwwwwwwwwwwwwwwwwwwwwwwwwwwwwwwwwwwwwwwwwwwwwwwwwwwwwwwwwwwwwwwwwwwwwwwwwwwwwwwwwwwwwwwwwwwwwwwwwwwwwwwwwwwwwwwwwwwwwwwwwwwwwwwwwwm
wwwtttttt......ttttttttttttwww....................ttttt......mmmm....................wwwwwwwwwwww..mmmmmmm......wwwwwwwwwwwwwwwwwwwwwwwwwwwwwwwwwwwwwwwwwwwwwwwwwwwwwwwwwwwwwwwwwwwwwwwwwwwwwwwwwwwwwwwwwwwwwwwwwwwwwwwwwwwwwwwwwwwwwwwwwwwwwwwwwwwwwwwwwwwwwwwwwwwwwwwwwwwwwwwwwwwwwwwwwwwwwwwwwwwwwwwwwwwwwwwwwwwwwwwwwwwwwwwwwwwwwwwwwwwwwwwwwwwwwwwww....................m
w.tttt............tttttttwwww................................mm........................wwwwwwww....mmmmmmmmmm...wwwwwwwwwwwwwwwwwwwwwwwwwwwwwwwwwwwwwwwwwwwwwww.wwwwwwwwwwwwwwwwwwwwwwwwwwwwwwwwwwwwwwwwwwwwwwwwwwwwwwwwwwwwwwwwwwwwwwwwwwwww........wwwwwwwwwwwwwwwwwwwwwwwwwwwwwwwwwwwwwwwwwwwwwwwwwwwww...................................................................m
w................ttttttwww............tttt......................mmm.................wwwwwwwwwwwww...tttmmmmm....wwwwwwww...wwwwwwwwwwwwwwwwwwwwwwwwwwwwwwwwwwww.wwwwwwwwwwwwwwwwwwwwwwwwwwwwwwwwwwwwwwwwwwwwwwwwwwwwwwwwwwwwwwwwwwwwwwwwwww..............wwwwwwwwwwwwwwwwwwwwwwwwwwwwwwwwww..................................................................................m
w.....................................tttt.....................mmmmm.m...............wwwwwwwwwwwwww......mmmmm..wwwwwwwwww...wwwwwwwwwwwwwwwwwwwwwwwwwwwwwwwwww...wwwwwwwwwwwwwwwwwwwwwwwwwwwwwwwwwwwwwwwwwwwwwwwwwwwwwwwwwwwwwwwwwwwwwwww.........................wwwwwwwwwwwwwwwww.........................................................................................m
w.....r.........................................................mmmmmmm...............wwwwwwwwww.....rrrrttmmmm..wwwwwwwwww.wwwwwwwww...wwwwwwwwwwwwwwwwwwwwww.....wwwwwwwwwwwwwwwwwwwwwwwwwwwwwwwwwwwwwwwwwwwwwwwwwwwwwwwwwwwwwwwwwwwww.....................................................................................................................................m
www...r............................................................mmmmm.............wwwwwwwwwwww....rt.rttmmmm...wwwwwwwwwwwwwwwwww.....wwwwwwwwwwwwwwwwwwwww......wwwwwwwwwwwwwwwwwwwwwwwwwwwwwwwwwwwwwwwwwwwwwwwwwwwwwwwwwwwwwwwwww.......................................................................................................................................m
wwww..r.....tttttttttt..............................................mmmmm..........rrrBBBBBBBBBBBrrrrrt.rtt.rrrrrrrBBBBBBBBBBBBBBBBrrr...wwwwwwwww.wwwwwwwwwww......wwwwwwwwwwwwwwwwwwwwwwwwwwwwwwwwwwwwwwwwwwwwwwwwwwwwwwwwwwwwwww..........................................................................................................................................m
wwww..r....tttttttttttt.............................................m..mmm............wwwwwwwwwww.....t.r.t.r.....wwwwwwwwwwwwwwwwww.....wwwwwwww.wwwwwwwwwww....t..wwwwwwwwwwwwwwwwwwwwwwwwwwwwwwwwwwwwwwwwwwwwwwwwwwwwwwwwwwwwwww..........................................................................................................................................m
wwwwwwbwwwwtttttttttttt...t..................tttttt....................mmmm...........wwwwwwwwwwwtt..tttr.ttr...wwwwwwwwwwwwwwwwwwwww...wwwwwwwwwwwwwwwwwwwww...tt..wwwwwwwwwwwwwwwwwwwwwwwwwwwwwwwwwwwwwwwwwwwwwwwwwwwwwwwwwwwwww...........................................................................................................................................m
mww...r..wwtttttttttttttttt.................tttttttwwwwwwwwwww..........mmm..........wwwwwwwwwwwww...tttr.ttr...wwwwwwwwwwwwwwwwwwwwwwwwwwwwwwwwwwwwwwwwwwww....t...wwwwwwwwwwwwwwwwwwwwwwwwwwwwwwwwwwwwwwww...wwwwwwwwwwwwwwwwww........................................................mmmmmmmmmmmmmmmmmmmmmmmmmmmmmmmmmmmmmmmmmmmmmmmmmmmmmmmmmmmmmmmmmmmmmmmmmmmmmmmmmmmmm
mmww..r.....tttttttttttttttt................ttttttwwwwwwwww.............mm...........wwwwwwwwwwwww.....tr.t.r...wwwwwwwwwwwwwwww.wwwwwwwwwwwwwwwwwwwwwwwwwww...tt...wwwwwwwwwwwwwwwwwwwwwwwwwwwwwwwwwwwwwwww......wwwwwwwwwwwwwww........................................................mmmmmmmmmmmmmmmmmmmmmmmmmmmmmmmmmmmmmmmmmmmmmmmmmmmmmmmmmmmmmmmmmmmmmmmmmmmmmmmmmmmmm
mmm.m.rrrrrrrr......tttttttt................ttttttwwwwww................m..............wwwwwww.www.....trrrrr......wwwwwwwwwwww....wwwwwwwwwwwww..wwwwwwww.....t.....wwwwwwwwwwwwwwwwwwwwwwwwwwwwwwwwwwwwww..........wwwwwwww.wwww.......................................................mmmmmmmmmmmmmmmmmmmmmmmmmmmmmmmmmmmmmmmmmmmmmmmmmmmmmmmmmmmmmmmmmmmmmmmmmmmmmmmmmmmmm
t.m.mm...m...r......ttttttt...................wwwwwwwwwwwwww...............rrr.........wwwww...www.....tt..........wwwwwwwwwwwww.w.wwwwwwwwwwwww.wwwwwwwww............wwwwwwwwwwwwwwwwwwwwwwwwwwwwwwwwwwwww...........wwwwww.....ww......................................................mmmmmmmmmmmmmmmmmmmmmmmmmmmmmmmmmmmmmmmmmmmmmmmmmmmmmmmmmmmmmmmmmmmmmmmmmmmmmmmmmmmmm
t...mmmmmmmm.r...m..........................wwwwwwwwwwwwww.................rrr.........wwwww...www....ttttt.......mmwwwwwwwwwwwwwwwwwwwwwwwwwwwwwwwwwwwww.....tt.......wwwwwwwwwwwwwwwwwwwwwwwwwwwwwwwwww................................................................................mmmmmmmmmmmmmmmmmmmmmmmmmmmmmmmmmmmmmmmmmmmmmmmmmmmmmmmmmmmmmmmmmmmmmmmmmmmmmmmmmmmmm
tt...mm.mmm..r..mmmm......................wwww.............................rrr........wwwwww..wwww..ttttt......m.mmwwwwwwwwwwwwwwwwwwwwwwwwwwwwwwwwwwwwww.....ttt.......wwwwwww..wwwwwwwwwwwwwwwwwwwwwwwww...............................................................................mmmmmmmmmmmmmmmmmmmmmmmmmmmmmmmmmmmmmmmmmmmmmmmmmmmmmmmmmmmmmmmmmmmmmmmmmmmmmmmmmmmmm
tttt.....m...r..mmmm....................wwwwww..............................r.........w..wwwwwwww.ttttt..m.mmmmmmmmwwww...wwwwwwwwwww.w.wwwwwwwwwwwwwwww.......ttt..t.....wwww....wwwwwwwwwwwwwwwwwwwwwwwww...........................wwwwww.............................................mmmmmmmmmmmmmmmmmmmmmmmmmmmmmmmmmmmmmmmmmmmmmmmmmmmmmmmmmmmmmmmmmmmmmmmmmmmmmmmmmmmmm
tttttt.......r.m.m.m...mmm.........ttttwwwww....tttttt......................r........ww..wwwwww.mmmmmmmmmmmmmmmmmm........wwwwwwwwww.....wwwwwwwwww...ww.......ttt...t.............wwwwwwwwwwwwwwwwwwwwwwwwww........................wwwwwww.............................................mmmmmmmmmmmmmmmmmmmmmmmmmmmmmmmmmmmmmmmmmmmmmmmmmmmmmmmmmmmmmmmmmmmmmmmmmmmmmmmmmmmmm
ttttttttt....r.mmm....mmm..........ttttwww....ttttt.........................r.....wwwwwwww.....mmmmmm..mmmmm.m.mm..........................wwwwwwww...w........ttt....tt...........wwwwwwwwwwwwwwwwwwwwwwwwwwwww....................wwwwwwww.............................................mmmmmmmmmmmmmmmmmmmmmmmmmmmmmmmmmmmmmmmmmmmmmmmmmmmmmmmmmmmmmmmmmmmmmmmmmmmmmmmmmmmmm
tttttttttttt.r......................wwwwww...tttt...........................r....wwwwwww........tttttttt..m.....m...................................................t...t...........wwwwwwwwwwwwwwwwwwwwwwwwwwwwwwww..............wwwwwwwwww.............................................mmmmmmmmmmmmmmmmmmmmmmmmmmmmmmmmmmmmmmmmmmmmmmmmmmmmmmmmmmmmmmmmmmmmmmmmmmmmmmmmmmmmm
tttttttt.....rrrrrrrrrrrr......wwwwwwww..tttttt.............................r...wwww............tttttttttt..................................rrrrr...................................wwwwwwwwwwwwwwwwwwwwwwwwwwwwwwwwwwwwwwwwwwwwwwwwwwwwwwww.............................................mmmmmmmmmmmmmmmmmmmmmmmmmmmmmmmmmmmmmmmmmmmmmmmmmmmmmmmmmmmmmmmmmmmmmmmmmmmmmmmmmmmmm
tttttt.................rr....wwwwwwww...tttttt..............................r....wwww.............tttttttt....................................r......................................wwwwwwwwwwwwwwwwwwwwwwwwwwwwwwwwwwwwwwwwwwwwwwwwwwwwwww.............................................mmmmmmmmmmmmmmmmmmmmmmmmmmmmmmmmmmmmmmmmmmmmmmmmmmmmmmmmmmmmmmmmmmmmmmmmmmmmmmmmmmmmm
ttttttttt.........www.trr.wwwwwww.......tttttt...................tt.........r....www.................tttttt...................................r....ttt.................................wwwwwwwwwwwwwwwwwwwwwwwwwwwwwwwwwwwwwwwwwwwwwwwwwwwww.............................................mmmmmmmmmmmmmmmmmmmmmmmmmmmmmmmmmmmmmmmmmmmmmmmmmmmmmmmmmmmmmmmmmmmmmmmmmmmmmmmmmmmmm
ttttttt........wwwwwwwwbbwwwww..........tttttt.................tttt.........r....wwww................tttttt.........tttt............rrrrrrrrrrrrrrrrrrr...................................wwwwwwwwwwwwwwwwwwwwwwwwwwwwwwwwwwwwwwwwwwwwwwwwww.............................................mmmmmmmmmmmmmmmmmmmmmmmmmmmmmmmmmmmmmmmmmmmmmmmmmmmmmmmmmmmmmmmmmmmmmmmmmmmmmmmmmmmmm
ttttwwwwwwwwwwwwwwwwwwwbbw.....................................tttt.........r.....ww.................ttttttt.......tttt..t..........r.........r..r..r.r.........................................wwwwwwwwwwwwwwwwwwwwwwwwwwwwwwwwwwwwwwwwww...............................................mmmmmmmmmmmmmmmmmmmmmmmmmmmmmmmmmmmmmmmmmmmmmmmmmmmmmmmmmmmmmmmmmmmmmmmmmmmmmmmmmmmmm
wwwwwwwwwwwwwwwwww.....rr......................................tt...........r.....ww...............tttttt..........t.tttt...........rr....ww..r..r....rt..t..............................................wwwwwwwwwwwwwwwwwwwwwwwwww......................................................mmmmmmmmmmmmmmmmmmmmmmmmmmmmmmmmmmmmmmmmmmmmmmmmmmmmmmmmmmmmmmmmmmmmmmmmmmmmmmmmmmmmm
wwwwwwwwwttttttt.......rrrrrrrrrrrrrrrrr........................ww.www......rrrrrrBBrrrrrrrrr...ttttttttt........t....t....t........r.....ww.....r....rtt.t........................................................wwwwwwwwwwwww....................................mmmmmmmmmmmmmmmmmmmmmmmmmmmmmmmmmmmmmmmmmmmmmmmmmmmmmmmmmmmmmmmmmmmmmmmmmmmmmmmmmmmmmmmmmmmmmmmmmmmmmmmmmm
tttttttttttttttttt.....................r..............wwwwwww.wwwwwwwwwwww..r.....ww........r......tttt..rrrrrrrrrrrrrrrrrrrrrrrrrrrr.................rtttt............................................................wwwwwww......................................mmmmmmmmmmmmmmmmmmmmmmmmmmmmmmmmmmmmmmmmmmmmmmmmmmmmmmmmmmmmmmmmmmmmmmmmmmmmmmmmmmmmmmmmmmmmmmmmmmmmmmmmmm
ttttttttttttttttttttttttt..............r......wwwwwwwwwwwwwwwwwwwwwwwww.w...r...wwww........r............r.........t.....ttt.t......r.r.r.............rtttt..............................................................www........................................mmmmmmmmmmmmmmmmmmmmmmmmmmmmmmmmmmmmmmmmmmmmmmmmmmmmmmmmmmmmmmmmmmmmmmmmmmmmmmmmmmmmmmmmmmmmmmmmmmmmmmmmmm
ttttttttttttttttttttttttttt............r....wwwwwwwwwwww.www.wwttwwww.......r...wwwww.......r............r.......t..tttttt..........rrrrrrr.........r.rt.t..........................................................................................................mmmmmmmmmmmmmmmmmmmmmmmmmmmmmmmmmmmmmmmmmmmmmmmmmmmmmmmmmmmmmmmmmmmmmmmmmmmmmmmmmmmmmmmmmmmmmmmmmmmmmmmmmm
tttttttttttttttttttttttttttt.tt........r....wwwwwwwwwwwww.w.....t.t.............w.wwww......r............r....tttttttt..............r...............r.r.............................................................................................................mmmmmmmmmmmmmmmmmmmmmmmmmmmmmmmmmmmmmmmmmmmmmmmmmmmmmmmmmmmmmmmmmmmmmmmmmmmmmmmmmmmmmmmmmmmmmmmmmmmmmmmmmm
ttttttttttttttttttttttttttttttttt......r....wwwwwwwww.........tt.....tt.....mmm..wwww.......rrrrrrrrrrrrrr...ttttttttt..............rrrrrrrrrrrrrrrrrrrrrrrrrrrrrrrrrrrrrrrrrrrrrrrrrrrrrrr.........................................................................mmmmmmmmmmmmmmmmmmmmmmmmmmmmmmmmmmmmmmmmmmmmmmmmmmmmmmmmmmmmmmmmmmmmmmmmmmmmmmmmmmmmmmmmmmmmmmmmmmmmmmmmmm
ttttttttttttttttttttttttttttttttttttt..r.....wwwwwwwwwwwwww..tt...........m.mmm..wwwm...mm...............r..tttttttttt...................wtttwwwttt.......................................r.........................................................................mmmmmmmmmmmmmmmmmmmmmmmmmmmmmmmmmmmmmmmmmmmmmmmmmmmmmmmmmmmmmmmmmmmmmmmmmmmmmmmmmmmmmmmmmmmmmmmmmmmmmmmmmm
tttttttttttttttttttttttttttttttttt.....r.......wwwwwwwww............t......mmmmmmwwwmmmmmmm..............r..tttttttttttttttttttttt......wwwwwwwwww........................................r.........................................................................mmmmmmmmmmmmmmmmmmmmmmmmmmmmmmmmmmmmmmmmmmmmmmmmmmmmmmmmmmmmmmmmmmmmmmmmmmmmmmmmmmmmmmmmmmmmmmmmmmmmmmmmmm
ttttttttttttt....ttttttttttttttttt.....r...........................r..t..m.mmmmmmwwwmmmmmmm..............r..tttttttttttttttttttttt.....wwwwwwwwwwwwwwww...................................r.........................................................................mmmmmmmmmmmmmmmmmmmmmmmmmmmmmmmmmmmmmmmmmmmmmmmmmmmmmmmmmmmmmmmmmmmmmmmmmmmmmmmmmmmmmmmmmmmmmmmmmmmmmmmmmm
tttttttttttt.....tttttttttttttttttttt..rrrrrrrrrrrrrrrrrrrrrrrrrrrrtrrrr.m.mmmmmwwwwmmmmmmmmmm...........r..tttttttttttttttttttttt....wwwwwwwwwwwwww......................................r.........................................................................mmmmmmmmmmmmmmmmmmmmmmmmmmmmmmmmmmmmmmmmmmmmmmmmmmmmmmmmmmmmmmmmmmmmmmmmmmmmmmmmmmmmmmmmmmmmmmmmmmmmmmmmmm
ttttttttttttt....ttttttttttttttt...tt..r...........................tttt..mmmmmmwwwwwmmmmmmmmmmm..........r..tttttttttttttttttttttt........wwwwwww.........................................r.........................................................................mmmmmmmmmmmmmmmmmmmmmmmmmmmmmmmmmmmmmmmmmmmmmmmmmmmmmmmmmmmmmmmmmmmmmmmmmmmmmmmmmmmmmmmmmmmmmmmmmmmmmmmmmm
tttttttttttttttttttttttttttttttt...tt..r..........................t.ttttmmmmmmmwwwwwmmmmmmmmmm...........r..ttttttttttttttttttttt.........................................................r.........................................................................mmmmmmmmmmmmmmmmmmmmmmmmmmmmmmmmmmmmmmmmmmmmmmmmmmmmmmmmmmmmmmmmmmmmmmmmmmmmmmmmmmmmmmmmmmmmmmmmmmmmmmmmmm
tttttttttttttttttttttttttttttttt...t...r..........................tmttttmmmmmmmwwwwwmmmmmmmmmmmmmmm.m....rrrrrrrrrrrrrrrrrrrrrrrrrrrrrrrrrrrrrrrrrr.......................................r.........................................................................mmmmmmmmmmmmmmmmmmmmmmmmmmmmmmmmmmmmmmmmmmmmmmmmmmmmmmmmmmmmmmmmmmmmmmmmmmmmmmmmmmmmmmmmmmmmmmmmmmmmmmmmmm
tttttttttttttttttttttt....ttttttttttt..r........................mttmmmmmmmmmmmwwwwwwmmmmmmmmmmmmm.m.mm......tttttttttttttttttt....................r.......................................r.........................................................................mmmmmmmmmmmmmmmmmmmmmmmmmmmmmmmmmmmmmmmmmmmmmmmmmmmmmmmmmmmmmmmmmmmmmmmmmmmmmmmmmmmmmmmmmmmmmmmmmmmmmmmmmm
ttttttttttttttttttttt.....tttttttttt...rr......................tmmtmmmmmmmmmmwwwwwmmmmmmmmmmmmmmmmmm.m.......ttttttttttttttttt.t..........................................................r.........................................................................mmmmmmmmmmmmmmmmmmmmmmmmmmmmmmmmmmmmmmmmmmm..............................................................m
ttttttttttttttttttttt.....ttttttttttt..r........t.........t....ttt.mmmmmmmmmmwwwwwmmmmmmmmmmmmmmmmmmmmm.......tttttttttttttttt.......ttttttttttttt.ttttttt................................r.........................................................................mmmmmmmmmmmmmmmmmmmmmmmmmmmmmmmmmmmmmmmmmmm..............................................................m
ttttttttttttttttttttt....ttttt....ttt..r...............t........mmtm.mmmmmmmmwwwwmmmmmmm.mmmmmmmmmmmmmm.........ttttttttttttttt......t...t.....t.t.......t................................r.........................................................................mmmmmmmmmmmmmmmmmmmmmmmmmmmmmmmmmmmmmmmmmmm..............................................................m
ttttt..........ttt.tt..t..........t.t..r.........................tt...mmmmmwwwwwwmmmmm......mmmmmmmmmmm....r....tttttttttttttt.......t.t.t.t.t.t.ttttt.t.t................................r.........................................................................mmmmmmmmmmmmmmmmmmmmmmmmmmmmmmmmmmmmmmmmmmm..............................................................m
m........ttt.......ttttt...............r....t..t................t.........mwwwwwwmmmm........mmmmmmmmmmmm..r....ttttttttttttttt......t.t.t.t.t.t.....t.t.t................................r.........................................................................mmmmmmmmmmmmmmmmmmmmmmmmmmmmmmmmmmmmmmmmmmm..............................................................m
m..........tttttttt....................r.....t............t............m..wwwwwmmmmmmm.........mmmm...mmm..r....tttttttttttttttttt...t.t.t.t.t.ttttt.t.t.t................................r.........................................................................mmmmmmmmmmmmmmmmmmmmmmmmmmmmmmmmmmmmmmmmmmm..............................................................m
m......................................r.................................mwwwww..mmm....rrr...........mm...r.......ttttttttttttt.....t.t...t.t.........t.t................................r.........................................................................mmmmmmmmmmmmmmmmmmmmmmmmmmmmmmmmmmmmmmmmmmm..............................................................m
mm.........wwww...............................tt.t.........t..............www.............r.......mmmmmm..............tttttt.........t.t.ttttttttttttttt.t................................r.........................................................................mmmmmmmmmmmmmmmmmmmmmmmmmmmmmmmmmmmmmmmmmmm..............................................................m
mm......t....wwww...............................t..................t......www.............r......mmmmmmm.............................t.t.t...............t................................r.........................................................................mmmmmmmmmmmmmmmmmmmmmmmmmmmmmmmmmmmmmmmmmmm..............................................................m
mmm.m....mmmm.................www................t................t.....wwww......ttttt...rrrrrrrr.mmm.....r..w............ttttttttttt.t.ttttttttttttttt.t................................r.........................................................................mmmmmmmmmmmmmmmmmmmmmmmmmmmmmmmmmmmmmmmmmmm..............................................................m
mmm.mm.mtm..m.m...t...........wwwwwwwww...........rrrrrrr...............wtww.....tttttt..........r.........r..w............t...........t.t...............t................................r.........................................................................mmmmmmmmmmmmmmmmmmmmmmmmmmmmmmmmmmmmmmmmmmm..............................................................m
mmmmmmmm.m..m................wwwwwwwww............rrrrrrr.......tt..ttt.wtwww....ttttttt.........r.........r..ww...........tttttttttttttttttttttt.ttttttttmmm.............................r.........................................................................mmmmmmmmmmmmmmmmmmmmmmmmmmmmmmmmmmmmmmmmmmm..............................................................m
m.mmmmm..m..m..............t.wwwwwwwww...tt.......rrrrrrr.........t.ttt.wtwww...tttttttt.........rrrrrrrrrrr.www...........t.............................tmmm.............................r.........................................................................mmmmmmmmmmmmmmmmmmmmmmmmmmmmmmmmmmmmmmmmmmm..............................................................m
m..m..mmmmm....t.........ttttwwwwwwwwwtttttt......rrrrrrr........t..ttt.wtww....tttttttt.........r...........www.........ttt.tttttttttttttttttttttttttttttmmm.............................r.........................................................................mmmmmmmmmmmmmmmmmmmmmmmmmmmmmmmmmmmmmmmmmmm..............................................................m
m.....m.....t.............ttttwwwwwwwwttttt..........r....t.......ttttt.twwww....ttttttt.........r..........wwww.........t.t.t.................t.t.......tmmm.............................r.........................................................................mmmmmmmmmmmmmmmmmmmmmmmmmmmmmmmmmmmmmmmmmmm..............................................................m
mm..m.m.mmmmmmm.t........ttttwwwwwwwwwtttttt......t..rtt..........tttt..twwwww....tttttt.........r..........wwww.........t.t.t.t..tttttttttt.t.t.t.......tmmmmmmm.........................r.........................................................................mmmmmmmmmmmmmmmmmmmmmmmmmmmmmmmmmmmmmmmmmmm..............................................................m
mm..m.m.m.mmmm........tttttttttwwwtwwtttttttt........r............ttt...tt.wwww...ttttt..........r..........wwww.........t.t.t.t..t....t.t...t.t.t.ttttt.tmmmmmmm.........................r.........................................................................mmmmmmmmmmmmmmmmmmmmmmmmmmmmmmmmmmmmmmmmmmm..............................................................m
mmmm..m....mmmm.......ttttttttttwtttttttttt......t...r................tttt.wwwww..ttttm...m......r.........wwww..........t.t.ttttttttt.t.t...t.........t.tmmmmmmm.........................r.........................................................................mmmmmmmmmmmmmmmmmmmmmmmmmmmmmmmmmmmmmmmmmmm..............................................................m
mmm.....mm..m........t.....ttttttttttttttttt.........r................tttttwwwwtttttttt.mm.......r.........wwww..........t.t.......t...t.tttttttt.tttt.t.tmmmmmmm.........................r.........................................................................mmmmmmmmmmmmmmmmmmmmmmmmmmmmmmmmmmmmmmmmmmm..............................................................m
mmmmmmmmmm...m......t..tt.......ttt.....tttt.........rt........t...........wwwwww.....m.mmmm.....r.........ww......tt....t.tttttt.tttt.t.....t.......t.t.tmmmmmmmmmmmm....................r.........................................................................mmmmmmmmmmmmmmmmmmmmmmmmmmmmmmmmmmmmmmmmmmm..............................................................m
mmmmmmmmmmmmm.........t...t.....tt..............rrrrrrrrrrrrrrrrrrrrrrrrrrrBBBrrrrrrr..mmmmmm....r.........ww.....tttt...t.t...t.........ttt.t.ttttt.t.t.tmmmmmmmmmmmm....................r.........................................................................mmmmmmmmmmmmmmmmmmmmmmmmmmmmmmmmmmmmmmmmmmm..............................................................m
mmmmmmmmmmmmmmmmm...........t...tt..............r........................wwwww......r.m.mmmmm.m..r........www....tttt...mt.t.t.t.ttttttttt.ttt.t.....t.t.tmmmmmmmmmmmmmmmm................r.........................................................................mmmmmmmmmmmmmmmmmmmmmmmmmmmmmmmmmmmmmmmmmmm..............................................................m
mmmmmmmmmmm...mm.........t.t..t.......rrrrrrrrrrr...t...ttt.........tttttwwwwwwww...r....mmm...m.r.....wwwwww..tttttt...mt.t.t.t.............t.t.ttttt.t.tmmmmmmmmmmmmmmmm................r.........................................................................mmmmmmmmmmmmmmmmmmmmmmmmmmmmmmmmmmmmmmmmmmm..............................................................m
mmmmmmmmmmmmmmmmm....tttttt...tt.t..tttt.....tttr.....t...ttttttt..tttttwwwwwwwwwww.rrrrrrrrrrrrrr.wwwwwwwww..tttttt...mmt...t....tttttttttt...t.......t.tmmmmmmmmmmmmmmmm................r..................................................................................................................................................................................m
mmmmmmmmmmmmmmmmm....tttttt...tt.t..tttt.....tttr.....t...ttttttt..tttttwwwwwwwwwww.rrrrrrrrrrrrrr.wwwwwwwww.ttttttt..mmmt...t....tttttttttt...t.......t.tmmmmmmmmmmmmm...................r.......................................................rrrrrrrrrrrrrrrrrrrrrrrrrrrrrrrrrrrrrrrrrrrrrrrrrrrrrrrrrrrrrrrrrrrrrrrrrrrrrrrrrrrrrrrrrrrrrrrrrrrrrrrrrrrrrrrrrrrrrrr....m
mmmmmmmmmmmmmmmmmmttttttt.......t...tt..........r...ttttttttttttttttttwwwwwwwwwwwwwwwwwwwwwwwwwwwwwwwwwwwwwttttttttttmmmmttttttttttmmmmmmmmttttttttttttt...mmmmmmmm.......................r..................................................................................................................................................................................m
mmmmmmmmmmmmmmmmmmmm.m..........................r....ttttttttttttttwwwwwwwwwwwwwwwwwwwwwwwwwwwwwwwwwwwwwttttttttttttmmmmmmmmmmmmmmmmmmmmmmmmmmmmmmmmmm......mmmmmm........................r.......................................................................................................wwwwwwwwwwwwwwwwwwwwwwwwwwwww..............................................m
mmmmmmmmmmmmmm...mm....tttttttttttttttt.........r......tttttttttttwwwwwwwwwwwwwwwwwwwwwwwwwwwwwww.......ttttttttttttmmmmmmmmmmmmmmmmmmmmmmmmmmmmm............mmmmmmm......................r.......................................................................................................wwwwwwwwwwwwwwwwwwwwwwwwwwwww..............................................m
mmmmmmmmm.....m........tttttttttttttttt.........r........ttttttwwwwwwwwwwwwwwwwwwww...................tttttttttttttttttt........mmmmmmmmmmmmmmmm........mmmmmmmmmm........................r.......................................................................................................wwwwwwwwwwwwwwwwwwwwwwwwwwwww..............................................m
mmmmmm....m............tttttttttttttttt.........r.........ttttwwwwwwwwwwwwwwww........................ttttttttttttttttttttttt......mmmmmmmmmmmmmmmmmmmmmmm................................r.......................................................................................................wwwwwwwwwwwwwwwwwwwwwwwwwwwww..............................................m
mmmmmmmm...............tttttttttttttttt.........r..........tttwwwwwwwwwww...........................tttttttttttttttttttttttttttttttttttmmmmmmmmmmmmmmmmttt................................r.......................................................................................................wwwwwwwwwwwwwwwwwwwwwwwwwwwww..............................................m
mmmmmmmmmmm..mm...m....tttttttttttttttt.........r...........ttttwwwwww.............................ttttttttttttttttttttttttttttttttttttttmmmmmmmmmmmttttttt...............................r.......................................................................................................wwwwwwwwwwwwwwwwwwwwwwwwwwwww..............................................m
mmmmmmmmmmmmmm.............mm...................r.............ttttt................................ttttttttttttttttttttttttttttttttttttttttmmmmmmmttttttttt...............................r.......................................................................................................wwwwwwwwwwwwwwwwwwwwwwwwwwwww..............................................m
mmmmmmmmmmmmmmmmmm........mmmm..................r...............ttt................................tttttttttttttttttttttttttttttttttttttttttttttttttttttttt...............................r.......................................................................................................wwwwwwwwwwwwwwwwwwwwwwwwwwwww..............................................m
mmmmmmmmmmmmmmmmmmmmmmmmmmmm....................r................................................tttttttttttttttttttttttttttttttttttttttttttttttttttttttttt...............................r.......................................................................................................wwwwwwwwwwwwwwwwwwwwwwwwwwwww..............................................m
mmmmmmmmmmmmmmmmmmmmmmmmmmmmmmm.................r................................................ttttttttttttttttttttttttttttttttttttttttttttttttttttttttt................................r.......................................................................................................wwwwwwwwwwwwwwwwwwwwwwwwwwwww..............................................m
mmmmmmmmmmmmmmmmmmmmmmmmmmmmmmmmmmmm............r...............................................ttttttttttttttttttttttttttttttttttttttt....tttttttttttt...................................r...........................................................................................mmmmmmmmmmmmwwwwwwwwwwwwwwwwwwwwwwwwwwwww..............................................m
mmmmmmmmmmmmmmmmmmmmmmmmmmmmmmmmmmmmmmmmmm......r...............................................ttttttttttttttttttttttttttttttttttttttt.tt...ttttttt......................................r...........................................................................................mmmmmmmmmmmmwwwwwwwwwwwwwwwwwwwwwwwwwwwww..............................................m
mmmmmmmmmmmmmmmmmmmmmmmmmmmmmmmmmmmmmmmmmmm.....r...............................................tttttttttttttttttttttttttttttttttttttttt.t................................................r...........................................................................................mmmmmmmmmmmmwwwwwwwwwwwwwwwwwwwwwwwwwwwww..............................................m
mmmmmmmmmmmmmmmmmmmmmmmmmmmmmmmmmmmmmmmmmmm.....r..............................................ttttttttttttttttttttttttttttttttttttttttttt................................................r...........................................................................................mmmmmmmmmmmmwwwwwwwwwwwwwwwwwwwwwwwwwwwww..............................................m
mmmmmmmmmmmmmmmmmmmmmmmmmmmmmmmmmmmmmmmmmmmm....r..............................................ttttttttttttttttttttttttttttttttttttttttttt................................................r...........................................................................................mmmmmmmmmmmmwwwwwwwwwwwwwwwwwwwwwwwwwwwww..............................................m
mmmmmmmmmmmmmmmmmmmmmmmmmmmmmmmmmmmmmmmmmmmm....r..............................................ttttttttttttttttttttttttt.....ttttttttttttt................................................r...........................................................................................mmmmmmmmmmmmwwwwwwwwwwwwwwwwwwwwwwwwwwwww..............................................m
mmmmmmmmmmmmmmmmmmmmmmmmmmmmmmmmmmmmmmmmmmmm....r..............................................ttttttttttttttttttttttttt.....ttttttttttttt................................................r...........................................................................................mmmmmmmmmmmmwwwwwwwwwwwwwwwwwwwwwwwwwwwww..............................................m
mmmmmmmmmmmmmmmmmmmmmmmmmmmmmmmmmmmmmmmmmmmm....r..............................................ttttttttttttttttttttttttt.....ttttttttttttt................................................rrrrrrrrrrrrrrrrrrrrrrrrrrrrrrrrrrrrrrrrrrrrrrrrrrrrrrrrr...................................mmmmmmmmmmmmwwwwwwwwwwwwwwwwwwwwwwwwwwwww..............................................m
mmmmmmmmmmmmmmmmmmmmmmmmmmmmmmmmmmmmmmmmmmm.....r..............................................ttttttttttttttt...............ttttttttttttt...............................................................................rr...........................................................mmmmmmmmmmmmwwwwwwwwwwwwwwwwwwwwwwwwwwwww..............................................m
mmmmmmmmmmmmmmmmmmmmmmmmmmmmmmmmmmmmmmmmm.m.....r..............................................ttttttttttttttt...............ttttttttttttt...............................................................................rr...........................................................mmmmmmmmmmmmwwwwwwwwwwwwwwwwwwwwwwwwwwwww..............................................m
mmmmmmmmmmmmmmmmmmmmmmmmmmmmmmmmmmmmmmmmm.m....mr..............................................ttttttttttttttt.........r.....ttttttttttttt...............................................................................rr...........................................................mmmmmmmmmmmmwwwwwwwwwwwwwwwwwwwwwwwwwwwww..............................................m
mmmmmmmmmmmmmmmmmmmmmmmmmmmmmmmmmmmmmmmmm....mmmrrrrrrrrrrrrrrrrrrrrrrrrrrrrrrrrrrr............ttttttttttttttt.........r.....ttttttttttttt...............................................................................rr...........................................................mmmmmmmmmmmmwwwwwwwwwwwwwwwwwwwwwwwwwwwww..............................................m
mmmmmmmmmmmmmmmmmmmmmmmmmmmmmmmmmmmmmmmmm....mmm..................................r............tttttttttttt............r.....ttttttttttttttttttttttttttttt...............................................................rr...........................................................mmmmmmmmmmmmwwwwwwwwwwwwwwwwwwwwwwwwwwwww..............................................m
mmmmmmmmmmmmmmmmmmmmmmmmmmmmmmmmmmmmmmmmmmm..mm...................................r............tttttttttttt............r.....ttttttttttttttttttttttttttttt...............................................................rr...........................................................mmmmmmmmmmmmmmmmmmmmmmmmmmmmm..........................................................m
mmmmmmmmmmmmmmmmmmmmmmmmmmmmmmmmmmmmmmmmmmmm.m....................................r............tttttttttttt............r.....ttttttttttttttttttttttttttttt...............................................................rr...........................................................mmmmmmmmmmmmmmmmmmmmmmmmmmmmm..........................................................m
mmmmmmmmmmmmmmmmmmmmmmmmmmmmmmmmmmmmmmmmmmmm....mm................................r............tttttttttttt.....rrrrrrrr.....ttttttttttttttttttttttttttttt...............................................................rr...........................................................mmmmmmmmmmmmmmmmmmmmmmmmmmmmm..........................................................m
mmm....mmmmmmmmmmmmmmmmmmmmmmmmmmmmmmmmmmmmm...mmm................................r............tttttttttttt.....r............ttttttttttttttttttttttttttttt...............................................................rr...........................................................mmmmmmmmmmmmmmmmmmmmmmmmmmmmm..........................................................m
m.........mmmmmmmmmmmmmmmmmmmmmmmmmmmmmmmmm....m..................................r............tttttttttttt.....r............ttttttttttttttttttttttttttttt...............................................................rr...........................................................mmmmmmmmmmmmmmmmmmmmmmmmmmmmm..........................................................m
m...........mmmmmmmmmmmmmmmmmmmmmmmmmmmmmmm..mm...................................r............tttttttttttt.....r............ttttttttttttttttttttttttttttt...............................................................rr...........................................................mmmmmmmmmmmmmmmmmmmmmmmmmmmmm..........................................................m
m............mmmmmmmmmmmmmmmmmmmmmmmmmmmmmmmmmmmm..............................t..r............tttttttttttt.....r.......tttttttttttttttttttttttttttttttttt...............................................................rr...........................................................mmmmmmmmmmmmmmmmmmmmmmmmmmmmm..........................................................m
m.............mmmmmmmmmmmmmmmmmmmmmmmmmmmmmmmmmmm.m...........................tt..r............tttttttttttt.....r.......tttttttttttttttttttttttttttttttttt...............................................................rr.............................................ttttttttttttttmmmmmmmmmmmmmmmmmmmmmmmmmmmmm..........................................................m
w.............mmmmmmmmmmmmmmmmmmmmmmmmmmmmmmmmmmmmm...........................tt..r.............................r.......ttttttttttttttttttt..............................................................................rr.............................................ttttttttttttttmmmmmmmmmmmmmmmmmmmmmmmmmmmmm..........................................................m
w..............mmmmmmmmmmmmmmmmmmmmmmmmmmmmmmmmmmmm...........................tt..r.............................r.......ttttttttttttttttttt..............................................................................rr.............................................ttttttttttttttmmmmmmmmmmmmmmmmmmmmmmmmmmmmm..........................................................m
w................mmmmmmmmmmmmmmmmmmmmmmmmmmmmmmmmm................................r.............................r.......ttttttttttttttttttt..............................................................................rr.............................................ttttttttttttttmmmmmmmmmmmmmmmmmmmmmmmmmmmmm..........................................................m
w................mmmmmmmmmmmmmmmmmmmmmmmmmmmmmmmm..............................t..rrrrrrrrrrrrrrrrrrrrrrrrrrrrrrr.......ttttttttttttttttttt..............................................................................rr.............................................ttttttttttttttmmmmmmmmmmmmmmmmmmmmmmmmmmmmm..........................................................m
ww............m..mmmmmmmmmmmmmmmmmmmmmmmmmmmmmmmmmmm..........mm......................................t.................ttttttttttttttttttt........wwwwwwwwwwwwwwwwwwwwwwwwwwwwwwwwwwwwwwwwwwww..........................rr.............................................ttttttttttttttmmmmmmmmmmmmmmmmmmmmmmmmmmmmm..........................................................m
ww............mmmmmmmmmmmmmmmmmmmmmmmmmmmmmmmmmmmmmmmmmmmm...mmmmm..........................tt.ttt....t.................ttttttttttttttttttt........wwwwwwwwwwwwwwwwwwwwwwwwwwwwwwwwwwwwwwwwwwww..........................rr.............................................ttttttttttttttmmmmmmmmmmmmmmmmmmmmmmmmmmmmm..........................................................m
www...........mmmmmmmmmmmmmmmmmmmmmmmmmmmmmmmmmmmmmmmmmmmmmmmmmmmmm.............t.tttt.....ttttttt.t..t.................ttttttttttttttttttt........wwwwwwwwwwwwwwwwwwwwwwwwwwwwwwwwwwwwwwwwwwww..........................rr.............................................ttttttttttttttmmmmmmmmmmmmmmmmmmmmmmmmmmmmm..........................................................m
www..........mmmmmmmmmmmmmmmmmmmmmmmmmmmmmmmmmmmmmmmmmmmmmmmmmmmmmm.............ttt.ttt.....tt.ttttt..t............................................wwwwwwwwwwwwwwwwwwwwwwwwwwwwwwwwwwwwwwwwwwww..........................rr.............................................ttttttttttttttmmmmmmmmmmmmmmmmmmmmmmmmmmmmm..........................................................m
www.........mmmmmmmmmmmmmmmmmmmmmmmmmmmmmmmmmmmmmmmmmmmmmmmmmmmmmmmmm..........t.....tt....ttt...tt...t............................................wwwwwwwwwwwwwwwwwwwwwwwwwwwwwwwwwwwwwwwwwwww..........................rr.............................................ttttttttttttttmmmmmmmmmmmmmmmmmmmmmmmmmmmmm..........................................................m
wwt.........mmmmmmmmmmmmmmmmmmmmmmmmmmmmmmmmmmmmmmmmmmmmmmmmmmmmmmmmm.................................t............................................wwwwwwwwwwwwwwwwwwwwwwwwwwwwwwwwwwwwwwwwwwww..........................rr.............................................ttttttttttttttmmmmmmmmmmmmmmmmmmmmmmmmmmmmm..........................................................m
wwtttt.......mmmmmmmmmmmmmmmmmmmmmmmmmmmmmmmmmmmmmmmmmmmmmmmmmmmmmmmm.................................t............................................wwwwwwwwwwwwwwwwwwwwwwwwwwwwwwwwwwwwwwwwwwww..........................rr.............................................tttttttttttttttttttttttttttttt.......................................................................m
tttttttt.....mmmmmmmmmmmmmmmmmmmmmmmmmmmmmmmmmmmmmmmmmmmmmmmmmmmmmmmm...m.............................t............................................wwwwwwwwwwwwwwwwwwwwwwwwwwwwwwwwwwwwwwwwwwww..........................rr.............................................tttttttttttttttttttttttttttttt.......................................................................m
tttttttttt.....mmmmmmmmmmmmmmmmmmmmmmmmmmmmmmmmmmmmmmmmmmmmmmmmmmmmmmmmmm.............................t............................................wwwwwwwwwwwwwwwwwwwwwwwwwwwwwwwwwwwwwwwwwwww..........................rr.............................................tttttttttttttttttttttttttttttt.......................................................................m
ttttttttttt.....mmmmmmmmmmmmmmmmmmmmmmmmmmmmmmmmmmmmmmmmmmmmmmmmmmmmmmm...............................t............................................wwwwwwwwwwwwwwwwwwwwwwwwwwwwwwwwwwwwwwwwwwww..........................rr.............................................tttttttttttttttttttttttttttttt.......................................................................m
ttttttttttttt....mmmmmmmmmmmmmmmmmmmmmmmmmmmmmmmmmmmmmmmmmmmmmmmmmmmm.................................t............................................wwwwwwwwwwwwwwwwwwwwwwwwwwwwwwwwwwwwwwwwwwww..........................rr.............................................tttttttttttttttttttttttttttttt.......................................................................m
tttttttttttttt....mmmmmmmmmmmmmmmmmmmmmmmmmmmmmmmmmmmmmmmmmmmmmmmmmmm.................................t............................................wwwwwwwwwwwwwwwwwwwwwwwwwwwwwwwwwwwwwwwwwwww..........................rr.............................................tttttttttttttttttttttttttttttt.......................................................................m
ttttttttttttttt....mmmmmmmmmmmmmmmmmmmmmmmmmmmmmmmmmmmmmmmmmmmmmmmmmmmm...............................t............................................wwwwwwwwwwwwwwwwwwwwwwwwwwwwwwwwwwwwwwwwwwww..........................rr.............................................tttttttttttttttttttttttttttttt.......................................................................m
ttttttttttttttt....mmmmmmmmmmmmmmmmmmmmmmmmmmmmmmmmmmmmmmmmmmmmmmmmmmmmmm.............................t............................................wwwwwwwwwwwwwwwwwwwwwwwwwwwwwwwwwwwwwwwwwwww..........................rr.............................................tttttttttttttttttttttttttttttt.......................................................................m
ttttttttttttttttt....mmmmmmmmmmmmmmmmmmmmmmmmmmmmmmmmmmmmmmmmmmmmmmmmmm...............................t..................................................................................................................rr.............................................tttttttttttttttttttttttttttttt.......................................................................m
ttttttttttttttttttt...mmmmmmmmmmmmmmmmmmmmmmmmmmmmmmmmmmmmmmmmmmmmmmmm................................t..................................................................................................................rr.............................................tttttttttttttttttttttttttttttt.......................................................................m
ttttttttttttttttttt...mmmmmmmmmmmmmmmmmmmmmmmmmmmmmmmmmmmmmmmmmmmmmmmm..m.............................t..................................................................................................................rr.............................................tttttttttttttttttttttttttttttt.......................................................................m
tttttttttttttttttttt..mmmmmmmmmmmmmmmmmmmmmmmmmmmmmmmmmmmmmmmmmmmmmmmmmmm.............................t..................................................................................................................rr.............................................tttttttttttttttttttttttttttttt.......................................................................m
tttttttttttttttttttt..mmmmmmmmmmmmmmmmmmmmmmmmmmmmmmmmmmmmmmmmmmmmmmmmmmmmm...........................t......................................................mmmmmmmmmmmmmmmmmmmmmmmmmmmmmmm.............................rr.............................................tttttttttttttttttttttttttttttt.......................................................................m
tttttttttttttttttttt...mmmmmmmmmmmmmmmmmmmmmmmmmmmmmmmmmmmmmmmmmmmmmmmmmmmmmmm........................t......................................................mmmmmmmmmmmmmmmmmmmmmmmmmmmmmmm.............................rr.............................................tttttttttttttttttttttttttttttt.......................................................................m
tttttttttttttttttttt...mmmmmmmmmmmmmmmmmmmmmmmmmmmmmmmmmmmmmmmmmmmmmmmmmmmmmmmm.......................t......................................................mmmmmmmmmmmmmmmmmmmmmmmmmmmmmmm.............................rr.............................................tttttttttttttttttttttttttttttt.......................................................................m
tttttttttttttttttttt...mmmmmmmmmmmmmmmmmmmmmmmmmmmmmmmmmmmmmmmmmmmmmmmmmmmmmmmmmm.....................t...........................mmmmmmmmmmmmmmmmmmmmmmmmmmmmmmmmmmmmmmmmmmmmmmmmmmmmmmmmmm.............................rr..................................................................................................................................................m
tttttttttttttttttttt...mmmmmmmmmmmmmmmmmmmmmmmmmmmmmmmmmmmmmmmmmmmmmmmmmmmmmmm........................t...........................mmmmmmmmmmmmmmmmmmmmmmmmmmmmmmmmmmmmmmmmmmmmmmmmmmmmmmmmmmmmmmmmmmmmmmmmmmm............rr..................................................................................................................................................m
ttttttttttttttttttttt...mmmmmmmmmmmmmmmmmmmmmmmmmmmmmmmmmmmmmmmmmmmmmmmmmmmmmmmmm.....................t...........................mmmmmmmmmmmmmmmmmmmmmmmmmmmmmmmmmmmmmmmmmmmmmmmmmmmmmmmmmmmmmmmmmmmmmmmmmmm............rr..................................................................................................................................................m
ttttttttttttttttttttt...mmmmmmmmmmmmmmmmmmmmmmmmmmmmmmmmmmmmmmmmmmmmmmmmmmmmmmmmmmm...................t...........................mmmmmmmmmmmmmmmmmmmmmmmmmmmmmmmmmmmmmmmmmmmmmmmmmmmmmmmmmmmmmmmmmmmmmmmmmmm............rr..................................................................................................................................................m
ttttttttttttttttttttttt....mmmmmmmmmmmmmmmmmmmmmmmmmmmmmmmmmmmmmmmmmmmmmmmmmmmmm......................t...........................mmmmmmmmmmmmmmmmmmmmmmmmmmmmmmmmmmmmmmmmmmmmmmmmmmmmmmmmmmmmmmmmmmmmmmmmmmm............rr..................................................................................................................................................m
ttttttttttttttttttttttt....mmmmmmmmmmmmmmmmmmmmmmmmmmmmmmmmmmmmmmmmmmmmmmmmmmmmm......................t...........................mmmmmmmmmmmmmmmmmmmmmmmmmmmmmmmmmmmmmmmmmmmmmmmmmmmmmmmmmmmmmmmmmmmmmmmmmmmmmmmmmmmmmm.rr..................................................................................................................................................m
tttttttttttttttttttttttt....mmmmmmmmmmmmmmmmmmmmmmmmmmmmmmmmmmmmmmmmmmmmmmmmmm.mmm....................t...........................mmmmmmmmmmmmmmmmmmmmmmmmmmmmmmmmmmmmmmmmmmmmmmmmmmmmmmmmmmmmmmmmmmmmmmmmmmmmmmmmmmmmmm.rr..................................................................................................................................................m
tttttttttttttttttttttttttt...mmmmmmmmmmmmmmmmmmmmmmmmmmmmmmmmmmmmmmmmmmmmmmmmm.mmmmm..................t...........................mmmmmmmmmmmmmmmmmmmmmmmmmmmmmmmmmmmmmmmmmmmmmmmmmmmmmmmmmmmmmmmmmmmmmmmmmmmmmmmmmmmmmm.rr..................................................................................................................................................m
tttttttttttttttttttttttttt....mmmmmmmmmmmmmmmmmmmmmmmmmmmmmmmmmmmmmmmmmmmmmmmmmm..m....m..............t...........................mmmmmmmmmmmmmmmmmmmmmmmmmmmmmmmmmmmmmmmmmmmmmmmmmmmmmmmmmmmmmmmmmmmmmmmmmmmmmmmmmmmmmm.rr..................................................................................................................................................m
tttttttttttttttttttttttttmm.....mmmmmmmmmmmmmmmmmmmmmmmmmmmmmmmmmmmmmmmmmmmmmm..........m.............t...........................mmmmmmmmmmmmmmmmmmmmmmmmmmmmmmmmmmmmmmmmmmmmmmmmmmmmmmmmmmmmmmmmmmmmmmmmmmmmmmmmmmmmmm.rr..................................................................................................................................................m
tttttttttttttttttttttttttmmm...mmmmmmmmmmmmmmmmmmmmmmmmmmmmmmmmmmmmmmmmmmmmmmmmm..m.m......m..........t...........................mmmmmmmmmmmmmmmmmmmmmmmmmmmmmmmmmmmmmmmmmmmmmmmmmmmmmmmmmmmmmmmmmmmmmmmmmmmmmmmmmmmmmm.rr..................................................................................................................................................m
tttttttttttttttttttttttttmmm..mmmmmmmmmmmmmmmmmmmmmmmmmmmmmmmmmmmmmmmmmmmmmmmmmmmmm.....mm............t...........................mmmmmmmmmmmmmmmmmmmmmmmmmmmmmmmmmmmmmmmmmmmmmmmmmmmmmmmmmmmmmmmmmmmmmmmmmmmmmmmmmmmmmm.rr..................................................................................................................................................m
ttttttttttttttttttttttttmmmm.mmmmmmmmmmmmmmmmmmmmmmmmmmmmmmmmmmmmmmmmmmmmmmmmm...mm.....mmmm..........t...........................mmmmmmmmmmmmmmmmmmmmmmmmmmmmmmmmmmmmmmmmmmmmmmmmmmmmmmmmmmmmmmmmmmmmmmmmmmm............rr..........................................mmmmmmmmmmmmmmmmmmmmmmmmmmmmmmmmmmmmmmmmmmmmmmmmmmmmmmmmmmmmmmmmmmmmmmmmmmmmmmmmmmmmmmmmmmmmmmm.........m
ttttttttttttttttttttttttmmmm.mmmmm.m.mmmmmmmmmmmmmmmmmmmmmmmmmmmmmmmmmmmmmmmmmmmmmm....mmmmmmm........t...........................mmmmmmmmmmmmmmmmmmmmmmmmmmmmmmmmmmmmmmmmmmmmmmmmmmmmmmmmmmmmmmmmmmmmmmmmmmm............rr..........................................mmmmmmmmmmmmmmmmmmmmmmmmmmmmmmmmmmmmmmmmmmmmmmmmmmmmmmmmmmmmmmmmmmmmmmmmmmmmmmmmmmmmmmmmmmmmmmm.........m
tttttttttttttttttttttttmmmmm..mm.......mmmmmmmmmmmmmmmmmmmmmmmmmmmmmmmmmmmmmmmmmm.....mmmmmmm.........t............................................mmmmmmmmmmmmmmmmmmmmmmmmmmmmmmmmmmmmmmmmmmmmmmmmmmmmmmmmmm............rr..........................................mmmmmmmmmmmmmmmmmmmmmmmmmmmmmmmmmmmmmmmmmmmmmmmmmmmmmmmmmmmmmmmmmmmmmmmmmmmmmmmmmmmmmmmmmmmmmmm.........m
ttttttttttttttttttttttmmmmmm........m..mmmmmmmmmmmmmmmmmmmmmmmmmmmmmmmmmmmmmmmmmm....mmmmmm...........t............................................mmmmmmmmmmmmmmmmmmmmmmmmmmmmmmmmmmmmmmmmm.............................rr..........................................mmmmmmmmmmmmmmmmmmmmmmmmmmmmmmmmmmmmmmmmmmmmmmmmmmmmmmmmmmmmmmmmmmmmmmmmmmmmmmmmmmmmmmmmmmmmmmm.........m
tttttttttttttttttttttmmmmmmm...mmmmmmm..mmmmmmmmmmmmmmmmmmmmmmmmmmmmmmmmmmmmmmmm....mmmmm.............t............................................mmmmmmmmmmmmmmmmmmmmmmmmmmmmmmmmmmmmmmmmm.............................rr..........................................mmmmmmmmmmmmmmmmmmmmmmmmmmmmmmmmmmmmmmmmmmmmmmmmmmmmmmmmmmmmmmmmmmmmmmmmmmmmmmmmmmmmmmmmmmmmmmm.........m
ttttttttttttttttttttmmmmmmm...mmmmmmmmm...mmmmmmmmmmmmmmmmmmmmmmmmmmmmmmmmmmmmm....mmmmm..............t............................................mmmmmmmmmmmmmmmmmmmmmmmmmmmmmmmmmmmmmmmmm.............................rr..........................................mmmmmmmmmmmmmmmmmmmmmmmmmmmmmmmmmmmmmmmmmmmmmmmmmmmmmmmmmmmmmmmmmmmmmmmmmmmmmmmmmmmmmmmmmmmmmmm.........m
tttttttttttttttttttmmmmmmmmmmmmmmmmmmmmm....mmmmmmmmmmmmmmmmmmmmmmmmmmmmmmmmm.......mmmmmmm...........t............................................mmmmmmmmmmmmmmmmmmmmmmmmmmmmmmmmmmmmmmmmm.............................rr..........................................mmmmmmmmmmmmmmmmmmmmmmmmmmmmmmmmmmmmmmmmmmmmmmmmmmmmmmmmmmmmmmmmmmmmmmmmmmmmmmmmmmmmmmmmmmmmmmm.........m
tttttttttttttttttmmmmmmmmmmmmmmmmmmmmmmmm...mmmmmmmmmmmmmmmmmmmmmmmmmmmmm..........mmmmm..............t..................................................................................................................rr..........................................mmmmmmmmmmmmmmmmmmmmmmmmmmmmmmmmmmmmmmmmmmmmmmmmmmmmmmmmmmmmmmmmmmmmmmmmmmmmmmmmmmmmmmmmmmmmmmm.........m
ttttttttttttttmmmmmmmmmmmmmmmmmmmmmmmmmmmm..mmmmmmmmmmmmmmmmmmmmmmmmmmm..mmmmm........................trrrrrrrrrrrrrrrrrrrrrrrrrrrrrrrrrrrrrrrrrrrrrrrrrrrrrrrrrrrrrrrrrrrrrrrrrrrrrrrrrrrrrrrrrrrrrrrrrrrrrrrrrrrrrrrrrrrr..........................................mmmmmmmmmmmmmmmmmmmmmmmmmmmmmmmmmmmmmmmmmmmmmmmmmmmmmmmmmmmmmmmmmmmmmmmmmmmmmmmmmmmmmmmmmmmmmmm.........m
tttttttttttmmmmmmmmmmmmmmmmmmmmmmmmmmmm......mmmmmmmmmmmmmmmmmmmmmm......................................................................................................................................................rr..........................................mmmmmmmmmmmmmmmmmmmmmmmmmmmmmmmmmmmmmmmmmmmmmmmmmmmmmmmmmmmmmmmmmmmmmmmmmmmmmmmmmmmmmmmmmmmmmmm.........m
ttttttttmmmmmmmmmmmmmmmmmmmmmmmmm..............mmmmmmmmmmmmmmm...........................................................................................................................................................rr..........................................mmmmmmmmmmmmmmmmmmmmmmmmmmmmmmmmmmmmmmmmmmmmmmmmmmmmmmmmmmmmmmmmmmmmmmmmmmmmmmmmmmmmmmmmmmmmmmm.........m
tttttmmmmmmmmmmmmmmmmmmmmm...........mmm....mm..mmmmmmmmmmmmm............mmmmm...........................................................................................................................................rr..........................................mmmmmmmmmmmmmmmmmmmmmmmmmmmmmmmmmmmmmmmmmmmmmmmmmmmmmmmmmmmmmmmmmmmmmmmmmmmmmmmmmmmmmmmmmmmmmmm.........m
ttttttt....mmmmmmmmmm...............mmm......mm....mmmmmmmmmmm.........mmmm..............................................................................................................................................rr..........................................mmmmmmmmmmmmmmmmmmmmmmmmmmmmmmmmmmmmmmmmmmmmmmmmmmmmmmmmmmmmmmmmmmmmmmmmmmmmmmmmmmmmmmmmmmmmmmm.........m
tttttttttt..mmmmmm........m..mm......m...............mmmmmmmmmm..........................................................................................................................................................rr..........................................mmmmmmmmmmmmmmmmmmmmmmmmmmmmmmmmmmmmmmmmmmmmmmmmmmmmmmmmmmmmmmmmmmmmmmmmmmmmmmmmmmmmmmmmmmmmmmm.........m
ttttttt....mmmmm.........m....................m.......mmmmmm........mmmmmmmmmmm..........................................................................................................................................rr.............ttttttttttttttttttttttttttttttttttttttttttttttttttttttttttttttttttttttttttttttttttttttttttttmmmmmmmmmmmmmmmmmmmmmmmmmmmmmmmm.........m
tttttt.....mmmmmm.......m.m..m............m....m.....mmmmmmmmmm.........mmmmm............................................................................................................................................rr.............ttttttttttttttttttttttttttttttttttttttttttttttttttttttttttttttttttttttttttttttttttttttttttttmmmmmmmmmmmmmmmmmmmmmmmmmmmmmmmm.........m
tttt.....mmmmmmmmmm.......mm........................mmmmmmmmmmmmmmm.......mmmmm..........................................................................................................................................rr.............ttttttttttttttttttttttttttttttttttttttttttttttttttttttttttttttttttttttttttttttttttttttttttttmmmmmmmmmmmmmmmmmmmmmmmmmmmmmmmm.........m
ttt....mmmmmmmmmmmmm.......m..................m....mmmmmmmmmmmmmmmmmm.........mmm........................................................................................................................................rr.............ttttttttttttttttttttttttttttttttttttttttttttttttttttttttttttttttttttttttttttttttttttttttttttmmmmmmmmmmmmmmmmmmmmmmmmmmmmmmmm.........m
tt...mmmmmmmmmmmmm...............................mmmmmmmmmmmmmmmmmmmmmmmmmmm.............................................................................................................................................rr.............ttttttttttttttttttttttttttttttttttttttttttttttttttttttttttttttttttttttttttttttttttttttttttttmmmmmmmmmmmmmmmmmmmmmmmmmmmmmmmm.........m
tt..mmmmmmmmmm.................................mmmmmmmmmmmmmmmmmmmmmmmmmmmmmmmmmmmmmm....................................................................................................................................rr.............ttttttttttttttttttttttttttttttttttttttttttttttttttttttttttttttttttttttttttttttttttttttttttttmmmmmmmmmmmmmmmmmmmmmmmmmmmmmmmm.........m
tt.....mmmm.....mm...............................mmmmmmmmmmmmmmmmmmmmmmmmmmmmmmmmmmmmmmmmmmm..............................................................................................................wwwwwwwwww.....rr.............ttttttttttttttttttttttttttttttttttttttttttttttttttttttttttttttttttttttttttttttttttttttttttttmmmmmmmmmmmmmmmmmmmmmmmmmmmmmmmm.........m
tt..m.........m........................................mmmmmmmmmmmmmmmmmmmmmmmmmmmmmmmmmmmmmmmmm..........................................................................................................wwwwwwwwwwwww..rr..wwwwwwwwwwwwwwwwwwwwwwwwwwwwwwwwwwwwwwwwwwwwwwwwwwwwwwwwwwwttttttttttttttttttttttttttttttttttttttttttttmmmmmmmmmmmmmmmmmmmmmmmmmmmmmmmm.........m
tt................................................t.......mmmmmmmmmmmmmmmmmmmmmmmmmmmmmmmmmmmm............................................................................................................wwwwwwwwwwwww..rr..wwwwwwwwwwwwwwwwwwwwwwwwwwwwwwwwwwwwwwwwwwwwwwwwwwwwwwwwwwwttttttttttttttttttttttttttttttttttttttttttttmmmmmmmmmmmmmmmmmmmmmmmmmmmmmmmm.........m
tt.........mm.m..................................ttmmm.....m.mmmmmmmmmmmmmmmmmmmmmmmmmmmmmmmmmmmm..m.mmmm.mmmm............................................................................................wwwwwwwwwwwww..rr..wwwwwwwwwwwwwwwwwwwwwwwwwwwwwwwwwwwwwwwwwwwwwwwwwwwwwwwwwwwttttttttttttttttttttttttttttttttttttttttttttmmmmmmmmmmmmmmmmmmmmmmmmmmmmmmmm.........m
tt..........mm.................................t..tmmmm.....m...mmmmmmmmmmmmmmmmmmmmmmmmmmmmm.mmmmmmm.mmm..mmmmm...................................................................wwwwwwwwwwwwwwwwwwwwwwwwwwwwwwwwwwww..rr..wwwwwwwwwwwwwwwwwwwwwwwwwwwwwwwwwwwwwwwwwwwwwwwwwwwwwwwwwwwttttttttttttttttttttttttttttttttttttttttttttmmmmmmmmmmmmmmmmmmmmmmmmmmmmmmmm.........m
tt...............................................tmmmm..........m..mmmmmmmmmmmmmmmmmmmmmmmmmmmmmm.mmm.mmmmmmm......................................................................wwwwwwwwwwwwwwwwwwwwwwwwwwwwwwwwwwww..rr..wwwwwwwwwwwwwwwwwwwwwwwwwwwwwwwwwwwwwwwwwwwwwwwwwwwwwwwwwwwttttttttttttttttttttttttttttttttttttttttttttmmmmmmmmmmmmmmmmmmmmmmmmmmmmmmmm.........m
tt................................................t.mm....mmm....m.ttt.mmmmmmmmmmmmmmmmmmmmmmmm.......m..mm........................................................................wwwwwwwwwwwwwwwwwwwwwwwwwwwwwwwwwwwwwwrrwwwwwwwwwwwwwwwwwwwwwwwwwwwwwwwwwwwwwwwwwwwwwwwwwwwwwwwwwwwwwttttttttttttttttttttttttttttttttttttttttttttmmmmmmmmmmmmmmmmmmmmmmmmmmmmmmmm.........m
tt.............................................t........tmmmmm......tt.t..mmmmmmmmmmmmmmmmm.t...t......m...........................................................................wwwwwwwwwwwwwwwwwwwwwwwwwwwwwwwwwwwwwwbbwwwwwwwwwwwwwwwwwwwwwwwwwwwwwwwwwwwwwwwwwwwwwwwwwwwwwwwwwwwwwttttttttttttttttttttttttttttttttttttttttttttmmmmmmmmmmmmmmmmmmmmmmmmmmmmmmmm.........m
t...................................................t....ttmm....m........t.mmmmmmmmmmmmmtt..t.....................................................................................wwwwwwwwwwwwwwwwwwwwwwwwwwwwwwwwwwwwwwbbwwwwwwwwwwwwwwwwwwwwwwwwwwwwwwwwwwwwwwwwwwwwwwwwwwwwwwwwwwwwwttttttttttttttttttttttttttttttttttttttttttttmmmmmmmmmmmmmmmmmmmmmmmmmmmmmmmm.........m
t...........................................................t.............t.tmmmmmmmmmm....t...t...................................................................................wwwwwwwwwwwwwwwwwwwwwwwwwwwwwwwwwwwwwwbbwwwwwwwwwwwwwwwwwwwwwwwwwwwwwwwwwwwwwwwwwwwwwwwwwwwwwwwwwwwwwttttttttttttttttttttttttttttttttttttttttttttmmmmmmmmmmmmmmmmmmmmmmmmmmmmmmmm.........m
t............................................................................tmmmmmmm.t.t........tt.t..............................................................................wwwwwwwwwwwwwwwwwwwwwwwwwwwwwwwwwwwwwwrrwwwwwwwwwwwwwwwwwwwwwwwwwwwwwwwwwwwwwwwwwwwwwwwwwwwwwwwwwwwwwttttttttttttttttttttttttttttttttttttttttttttmmmmmmmmmmmmmmmmmmmmmmmmmmmmmmmm.........m
t........................................................................t....tmmmm.t....tttt.t.ttttt.................................................................................................wwwwwwwwwwwwwwwww..rr....wwwwwwwwwwwwwwwwwwwwwwwwwwwwwwwwwwwwwwwwwwwwwwwwwwwwwwwwwttttttttttttttttttttttttttttttttttttttttttttmmmmmmmmmmmmmmmmmmmmmmmmmmmmmmmm.........m
t..................................................t.t..........................mm..t.t..tttt.tttttttt................................................................................................wwwwwwwwwwwwwwwww..rr....wwwwwwwwwwwwwwwwwwwwwwwwwwwwwwwwwwwwwwwwwwwwwwwwwwwwwwwwwttttttttttttttttttttttttttttttttttttttttttttmmmmmmmmmmmmmmmmmmmmmmmmmmmmmmmm.........m
t.................................................t.t.t..................................tttttttttttttttt.............................................................................................wwwwwwwwwwwwwwwww..rr....wwwwwwwwwwwwwwwwwwwwwwwwwwwwwwwwwwwwwwwwwwwwwwwwwwwwwwwwwttttttttttttttttttttttttttttttttttttttttttttmmmmmmmmmmmmmmmmmmmmmmmmmmmmmmmm.........m
t............wwwww................................tt.t......................t.......t....tttttttttttttttttt...........................................................................................wwwwwwwwwwwwww.....rr.............ttttttttttttttttttttttttttttttttttttttttttttttttttttttttttttttttttttttttttttttttttttttttttttmmmmmmmmmmmmmmmmmmmmmmmmmmmmmmmm.........m
t............wwwwwwwwwww..........................ttt........................t..t......tttttttttttttttttttt.....................wwwwwwwwwww...........................................................wwwwwwwwwwwwww.....rr.............ttttttttttttttttttttttttttttttttttttttttttttttttttttttttttttttttttttttttttttttttttttttttttttmmmmmmmmmmmmmmmmmmmmmmmmmmmmmmmm.........m
t...........wwwwwwwwwwwwwwwwwwwwwww..............................................t.....ttttttttt..tttttttttt....................wwwwwwwwwww...........................................................wwwwwwwwwwwwww.....rr.............ttttttttttttttttttttttttttttttttttttttttttttttttttttttttttttttttttttttttttttttttttttttttttttmmmmmmmmmmmmmmmmmmmmmmmmmmmmmmmm.........m
t...........wwwwwwwwwwwwwwwwwwwwwwwwwwwww........................................tttt.t..ttttttttttttttt.ttttt..................wwwwwwwwwww...........................................................wwwwwwwwwwwwww.....rr.............ttttttttttttttttttttttttttttttttttttttttttttttttttttttttttttttttttttttttttttttttttttttttttttmmmmmmmmmmmmmmmmmmmmmmmmmmmmmmmm.........m
t.............wwwwwwwwwwwwwwwwwwwwwwwwwwwwww...................................ttt.ttttttttttttt...tt.ttttttt...................wwwwwwwwwww...........................................................wwwwwwwwwwwwww.....rr.............ttttttttttttttttttttttttttttttttttttttttttttttttttttttttttttttttttttttttttttttttttttttttttttmmmmmmmmmmmmmmmmmmmmmmmmmmmmmmmm.........m
t.............wwwwwwwwwwwwwwwwwwwwwwwwwwwwwwwww................................ttttt.tttt.tt.ttt......tt.t.tt...................wwwwwwwwwww..............................................................................rr..........................................mmmmmmmmmmmmmmmmmmmmmmmmmmmmmmmmmmmmmmmmmmmmmmmmmmmmmmmmmmmmmmmmmmmmmmmmmmmmmmmmmmmmmmmmmmmmmmm.........m
t..............wwwwwwwwwwwwwwwwwwwwwwwwwwwwwwwwwwwww............................ttt.ttt.tttttt..................................wwwwwwwwwww..............................................................................rr..........................................mmmmmmmmmmmmmmmmmmmmmmmmmmmmmmmmmmmmmmmmmmmmmmmmmmmmmmmmmmmmmmmmmmmmmmmmmmmmmmmmmmmmmmmmmmmmmmm.........m
t...............wwwwwwwwwwwwwwwwwwwwwwwwwwwwwwwwwww..............................t..tttttt......................................wwwwwwwwwww..............................................................................rr..........................................mmmmmmmmmmmmmmmmmmmmmmmmmmmmmmmmmmmmmmmmmmmmmmmmmmmmmmmmmmmmmmmmmmmmmmmmmmmmmmmmmmmmmmmmmmmmmmm.........m
t................wwwwwwwwwwwwwwwwwwwwwwwwwwwwwwww...............................................................................wwwwwwwwwww..............................................................................rr..........................................mmmmmmmmmmmmmmmmmmmmmmmmmmmmmmmmmmmmmmmmmmmmmmmmmmmmmmmmmmmmmmmmmmmmmmmmmmmmmmmmmmmmmmmmmmmmmmm.........m
t...............w.wwwwwwwwwwwwwwwwwwwwwwwwwwwwwwwww.............................................................................wwwwwwwwwww..............................................................................rr..........................................mmmmmmmmmmmmmmmmmmmmmmmmmmmmmmmmmmmmmmmmmmmmmmmmmmmmmmmmmmmmmmmmmmmmmmmmmmmmmmmmmmmmmmmmmmmmmmm.........m
t...............wwwwwwwwwwwwwwwwwwwwwwwwwwwwwwwwwwwww...........................................................................wwwwwwwwwww..............................................................................rr..........................................mmmmmmmmmmmmmmmmmmmmmmmmmmmmmmmmmmmmmmmmmmmmmmmmmmmmmmmmmmmmmmmmmmmmmmmmmmmmmmmmmmmmmmmmmmmmmmm.........m
t..................wwwww...ww......wwwwwwwwwwwwwwwwwwww.........................................................................wwwwwwwwwww..............................................................................rr..........................................mmmmmmmmmmmmmmmmmmmmmmmmmmmmmmmmmmmmmmmmmmmmmmmmmmmmmmmmmmmmmmmmmmmmmmmmmmmmmmmmmmmmmmmmmmmmmmm.........m
t..................ww................wwwwwwwwwwwwwwwwwwww.......................................................................wwwwwwwwwww..............................................................................rr..........................................mmmmmmmmmmmmmmmmmmmmmmmmmmmmmmmmmmmmmmmmmmmmmmmmmmmmmmmmmmmmmmmmmmmmmmmmmmmmmmmmmmmmmmmmmmmmmmm.........m
t..................w.................wwwwwwwwwwwwwwwwwww........................................................................wwwwwwwwwww..............................................................................rr..........................................mmmmmmmmmmmmmmmmmmmmmmmmmmmmmmmmmmmmmmmmmmmmmmmmmmmmmmmmmmmmmmmmmmmmmmmmmmmmmmmmmmmmmmmmmmmmmmm.........m
t..................B..................wwwwwwwwwwwwwwwwwww.......................................................................wwwwwwwwwww..............................................................................rr..........................................mmmmmmmmmmmmmmmmmmmmmmmmmmmmmmmmmmmmmmmmmmmmmmmmmmmmmmmmmmmmmmmmmmmmmmmmmmmmmmmmmmmmmmmmmmmmmmm.........m
t..................w...................wwwwwwwwwwwwwww..........................................................................wwwwwwwwwww..............................................................................rr..........................................mmmmmmmmmmmmmmmmmmmmmmmmmmmmmmmmmmmmmmmmmmmmmmmmmmmmmmmmmmmmmmmmmmmmmmmmmmmmmmmmmmmmmmmmmmmmmmm.........m
t................wwww..................wwwwwwwwwwwwwwww.........................................................................wwwwwwwwwww..............................................................................rr..........................................mmmmmmmmmmmmmmmmmmmmmmmmmmmmmmmmmmmmmmmmmmmmmmmmmmmmmmmmmmmmmmmmmmmmmmmmmmmmmmmmmmmmmmmmmmmmmmm.........m
t................wwwwww..........wwww..wwwwwwwwwwwwwwwwww.......................................................................wwwwwwwwwww..............................................................................rr..........................................mmmmmmmmmmmmmmmmmmmmmmmmmmmmmmmmmmmmmmmmmmmmmmmmmmmmmmmmmmmmmmmmmmmmmmmmmmmmmmmmmmmmmmmmmmmmmmm.........m
t..............wwwwwww...ww....wwwwwww.wwwwwwwwwwwwwwwwww.......................................................................wwwwwwwwwww..............................................................................rr..........................................mmmmmmmmmmmmmmmmmmmmmmmmmmmmmmmmmmmmmmmmmmmmmmmmmmmmmmmmmmmmmmmmmmmmmmmmmmmmmmmmmmmmmmmmmmmmmmm.........m
t..............wwwwwwwwwwwwwwwwwwwwwww.wwwwwwwwwwwwwwwwww.......................................................................wwwwwwwwwww..............................................................................rr..................................................................................................................................................m
t..........w....wwwwwwwwwwwwwwwwwwwwwwwwwwwwwwwwwwwwww..........................................................................wwwwwwwwwww..............................................................................rr..................................................................................................................................................m
t..........w....wwwwwwwwwwwwwwwwwwwwwwwwwwwwwwwwwwww............................................................................wwwwwwwwwww.............................................................rrrrrrrrrrrrrrrrrrrrrrrrrrrrrrrrrrrrrrrrrrrrrr.......................................................................................................................m
t..........ww...wwwwwwwwwwwwwwwwwwwwwwwwwwwwwwwwwwww............................................................................wwwwwwwwwww.............................................................r........r......................r............r.......................................................................................................................m
t.........www....wwwwwwwwwwwwwwwwwwwwwwwwwwwwwwwwwwwww..........................................................................wwwwwwwwwwwwwwwwwwwwwwwww...............................................r........r......................r............r.......................................................................................................................m
t........www.....wwwwwwwwwwwwwwwwwwwwwwwwwwwwwwwwwwwwwww........................................................................wwwwwwwwwwwwwwwwwwwwwwwww...............................................r........r......................r............r.......................................................................................................................m
t.........www....wwwwwwwwwwwwwwwwwwwwwwwwwwwwwwwwwwwwwwwwwwww........................................................................wwwwwwwwwwwwwwwwwwwwwwwwwwwwwww....................................r........r......................r............r.......................................................................................................................m
t........wwww......wwwwwwwwwwwwwwwwwwwwwwwwwwwwwwwwwwwwww............................................................................wwwwwwwwwwwwwwwwwwwwwwwwwwwwwww....................................r........rrrrrrrrrrrrrrrrrrrrrrrr............r.......................................................................................................................m
t.......wwww........wwwwwwwwwwwwwwwwwwwwwwwwwwww.....................................................................................wwwwwwwwwwwwwwwwwwwwwwwwwwwwwwwwwwwwwwwwwwwwwwwwwwwwww.............r............................................r.......................................................................................................................m
t......wwwwww..........wwwwwwwwwwwwwwwww......................................................................................................wwwwwwwwwwwwwwwwwwwwwwwwwwwwwwwwwwwwwwwwwwwww.............r............................................r.......................................................................................................................m
t.....wwwwwwwwwwww.......wwwwwwwwwwww.........................................................................................................wwwwwwwwwwwwwwwwwwwwwwwwwwwwwwwwwwwwwwwwwwwww.............r............................................r.......................................................................................................................m
t.wwwwwwwwwwwwwwwwwwwwwwwwwwwwwwwwwwwwwwwwwwwwwww.......................................................................................................................................................r............................................r.......................................................................................................................m
wwwwwwwwwwwwwwwwwwwwwwwwwwwwwwwwwwwwwwwwwwwwwwwwwwwwwwwwwwwwwwww........................................................................................................................................rrrrrrrrrrrrrrrrrrrrrrrrrrrrrrrrrrrrrrrrrrrrrr.......................................................................................................................m
wwwwwwwwwwwwwwwwwwwwwwwwwwwwwwwwwwwwwwwwwwwwwwwwwwwwwwwwwwwwwwwwwwwwwwwwwwwwwwwwww...........................................................................................................................................................................................................................................................................................m
wwwwwwwwwwwwwwwwwwwwwwwwwwwwwwwwwwwwwwwwwwwwwwwwwwwwwwwwwwwwwwwwwwwwwwwwwwwwwwwwwwwwwwwwwwwwwwwwwwwwwwwwwwwwwwwwwwwwwwwwwwwwwwwwwwwwwwwwwwwwwwwwwwwwwwwwwwwwwwwwwwwwwwwwwwwwwwwwwwwwwwwwwwwwwwwwwwwwwwwwwwwwwwwwwwwwwwwwwwwwwwwwwwwwwwwwwwwwwwwwwwwwwwwwwwwwwwwwwwwwwwwwwwwwwwwwwwwwwwwwwwwwwwwwwwwwwwwwwwwwwwwwwwwwwwwwwwwwwwwwwwwwwwwwwwwwwwwwwwwwwwwwwwwwwwwwwwwwwwwwwwwwwm
