wwttttmmmmwwwwwwwwwwwwwwwtttttttttttttttttttttttttttttmmmmmmmmmmmmmmmmmmmmmwwwwwwwwwwwwwwwwwwwwwwwwwwmmmmmmmmmmmwwwwwwwwwwwwwwwwwwwwwwwwwwwwwwwwwwwwwwwwwwwwwwwwwwwwwwwwwwwwwwwwwwwwwwwwwwwwwwwwwwwwwwwwwwwwwwwwwwwwwwwwwwwwwwwwwwwwwwwwwwwwwwwwwwwwwwwwwwwwwwwwwwwwwwwwwwwwwwwwwwwwwwwwwwwwwwwwwwwwwwwwwwwwwwwwwwwwwwwwwwwwwwwwwwwwwwwwwwwwwwwwwwwwwwwwwwwwwwwwwwwwwwwwwwwwwm
wwtttttmmmwwww....wwwwwwwwwwwwwtttt.......ttttttttttttttt.mmmmmmmmmmm............wwwwwwwwwwwwwwwwww..mmmmmmmm...wwwwwwwwwwwwwwwwwwwwwwwwwwwwwwwwwwwwwwwwwwwwwwwwwwwwwwwwwwwwwwwwwwwwwwwwwwwwwwwwwwwwwwwwwwwwwwwwwwwwwwwwwwwwwwwwwwwwwwwwwwwwwwwwwwwwwwwwwwwwwwwwwwwwwwwwwwwwwwwwwwwwwwwwwwwwwwwwwwwwwwwwwwwwwwwwwwwwwwwwwwwwwwwwwwwwwwwwwwwwwwwwwwwwwwwwwwwwwwwwwwwwwwwwwwwwwm
wwwtttttt......ttttttttttttwww....................ttttt......mmmm....................wwwwwwwwwwww..mmmmmmm......wwwwwwwwwwwwwwwwwwwwwwwwwwwwwwwwwwwwwwwwwwwwwwwwwwwwwwwwwwwwwwwwwwwwwwwwwwwwwwwwwwwwwwwwwwwwwwwwwwwwwwwwwwwwwwwwwwwwwwwwwwwwwwwwwwwwwwwwwwwwwwwwwwwwwwwwwwwwwwwwwwwwwwwwwwwwwwwwwwwwwwwwwwwwwwwwwwwwwwwwwwwwwwwwwwwwwwwwwwwwwwwwwwwwwwwww....................m
w.tttt............tttttttwwww................................mm........................wwwwwwww....mmmmmmmmmm...wwwwwwwwwwwwwwwwwwwwwwwwwwwwwwwwwwwwwwwwwwwwwww.wwwwwwwwwwwwwwwwwwwwwwwwwwwwwwwwwwwwwwwwwwwwwwwwwwwwwwwwwwwwwwwwwwwwwwwwwwwww........wwwwwwwwwwwwwwwwwwwwwwwwwwwwwwwwwwwwwwwwwwwwwwwwwwwww...................................................................m
w................ttttttwww............tttt......................mmm.................wwwwwwwwwwwww...tttmmmmm....wwwwwwww...wwwwwwwwwwwwwwwwwwwwwwwwwwwwwwwwwwww.wwwwwwwwwwwwwwwwwwwwwwwwwwwwwwwwwwwwwwwwwwwwwwwwwwwwwwwwwwwwwwwwwwwwwwwwwww..............wwwwwwwwwwwwwwwwwwwwwwwwwwwwwwwwww..................................................................................m
w.....................................tttt.....................mmmmm.m...............wwwwwwwwwwwwww......mmmmm..wwwwwwwwww...wwwwwwwwwwwwwwwwwwwwwwwwwwwwwwwwww...wwwwwwwwwwwwwwwwwwwwwwwwwwwwwwwwwwwwwwwwwwwwwwwwwwwwwwwwwwwwwwwwwwwwwwww.........................wwwwwwwwwwwwwwwww.........................................................................................m
w.....r.........................................................mmmmmmm...............wwwwwwwwww.....rrrrttmmmm..wwwwwwwwww.wwwwwwwww...wwwwwwwwwwwwwwwwwwwwww.....wwwwwwwwwwwwwwwwwwwwwwwwwwwwwwwwwwwwwwwwwwwwwwwwwwwwwwwwwwwwwwwwwwwww.....................................................................................................................................m
www...r............................................................mmmmm.............wwwwwwwwwwww....rt.rttmmmm...wwwwwwwwwwwwwwwwww.....wwwwwwwwwwwwwwwwwwwww......wwwwwwwwwwwwwwwwwwwwwwwwwwwwwwwwwwwwwwwwwwwwwwwwwwwwwwwwwwwwwwwwww.......................................................................................................................................m
wwww..r.....tttttttttt..............................................mmmmm..........rrrBBBBBBBBBBBrrrrrt.rtt.rrrrrrrBBBBBBBBBBBBBBBBrrr...wwwwwwwww.wwwwwwwwwww......wwwwwwwwwwwwwwwwwwwwwwwwwwwwwwwwwwwwwwwwwwwwwwwwwwwwwwwwwwwwwww..........................................................................................................................................m
wwww..r....tttttttttttt.............................................m..mmm............wwwwwwwwwww.....t.r.t.r.....wwwwwwwwwwwwwwwwww.....wwwwwwww.wwwwwwwwwww....t..wwwwwwwwwwwwwwwwwwwwwwwwwwwwwwwwwwwwwwwwwwwwwwwwwwwwwwwwwwwwwww..........................................................................................................................................m
wwwwwwbwwwwtttttttttttt...t..................tttttt....................mmmm...........wwwwwwwwwwwtt..tttr.ttr...wwwwwwwwwwwwwwwwwwwww...wwwwwwwwwwwwwwwwwwwww...tt..wwwwwwwwwwwwwwwwwwwwwwwwwwwwwwwwwwwwwwwwwwwwwwwwwwwwwwwwwwwwww...........................................................................................................................................m
mww...r..wwtttttttttttttttt.................tttttttwwwwwwwwwww..........mmm..........wwwwwwwwwwwww...tttr.ttr...wwwwwwwwwwwwwwwwwwwwwwwwwwwwwwwwwwwwwwwwwwww....t...wwwwwwwwwwwwwwwwwwwwwwwwwwwwwwwwwwwwwwww...wwwwwwwwwwwwwwwwww........................................................mmmmmmmmmmmmmmmmmmmmmmmmmmmmmmmmmmmmmmmmmmmmmmmmmmmmmmmmmmmmmmmmmmmmmmmmmmmmmmmmmmmmm
mmww..r.....tttttttttttttttt................ttttttwwwwwwwww.............mm...........wwwwwwwwwwwww.....tr.t.r...wwwwwwwwwwwwwwww.wwwwwwwwwwwwwwwwwwwwwwwwwww...tt...wwwwwwwwwwwwwwwwwwwwwwwwwwwwwwwwwwwwwwww......wwwwwwwwwwwwwww........................................................mmmmmmmmmmmmmmmmmmmmmmmmmmmmmmmmmmmmmmmmmmmmmmmmmmmmmmmmmmmmmmmmmmmmmmmmmmmmmmmmmmmmm
mmm.m.rrrrrrrr......tttttttt................ttttttwwwwww................m..............wwwwwww.www.....trrrrr......wwwwwwwwwwww....wwwwwwwwwwwww..wwwwwwww.....t.....wwwwwwwwwwwwwwwwwwwwwwwwwwwwwwwwwwwwww..........wwwwwwww.wwww.......................................................mmmmmmmmmmmmmmmmmmmmmmmmmmmmmmmmmmmmmmmmmmmmmmmmmmmmmmmmmmmmmmmmmmmmmmmmmmmmmmmmmmmmm
t.m.mm...m...r......ttttttt...................wwwwwwwwwwwwww...............rrr.........wwwww...www.....tt..........wwwwwwwwwwwww.w.wwwwwwwwwwwww.wwwwwwwww............wwwwwwwwwwwwwwwwwwwwwwwwwwwwwwwwwwwww...........wwwwww.....ww......................................................mmmmmmmmmmmmmmmmmmmmmmmmmmmmmmmmmmmmmmmmmmmmmmmmmmmmmmmmmmmmmmmmmmmmmmmmmmmmmmmmmmmmm
t...mmmmmmmm.r...m..........................wwwwwwwwwwwwww.................rrr.........wwwww...www....ttttt.......mmwwwwwwwwwwwwwwwwwwwwwwwwwwwwwwwwwwwww.....tt.......wwwwwwwwwwwwwwwwwwwwwwwwwwwwwwwwww................................................................................mmmmmmmmmmmmmmmmmmmmmmmmmmmmmmmmmmmmmmmmmmmmmmmmmmmmmmmmmmmmmmmmmmmmmmmmmmmmmmmmmmmmm
tt...mm.mmm..r..mmmm......................wwww.............................rrr........wwwwww..wwww..ttttt......m.mmwwwwwwwwwwwwwwwwwwwwwwwwwwwwwwwwwwwwww.....ttt.......wwwwwww..wwwwwwwwwwwwwwwwwwwwwwwww...............................................................................mmmmmmmmmmmmmmmmmmmmmmmmmmmmmmmmmmmmmmmmmmmmmmmmmmmmmmmmmmmmmmmmmmmmmmmmmmmmmmmmmmmmm
tttt.....m...r..mmmm....................wwwwww..............................r.........w..wwwwwwww.ttttt..m.mmmmmmmmwwww...wwwwwwwwwww.w.wwwwwwwwwwwwwwww.......ttt..t.....wwww....wwwwwwwwwwwwwwwwwwwwwwwww...........................wwwwww.............................................mmmmmmmmmmmmmmmmmmmmmmmmmmmmmmmmmmmmmmmmmmmmmmmmmmmmmmmmmmmmmmmmmmmmmmmmmmmmmmmmmmmmm
tttttt.......r.m.m.m...mmm.........ttttwwwww....tttttt......................r........ww..wwwwww.mmmmmmmmmmmmmmmmmm........wwwwwwwwww.....wwwwwwwwww...ww.......ttt...t.............wwwwwwwwwwwwwwwwwwwwwwwwww........................wwwwwww.............................................mmmmmmmmmmmmmmmmmmmmmmmmmmmmmmmmmmmmmmmmmmmmmmmmmmmmmmmmmmmmmmmmmmmmmmmmmmmmmmmmmmmmm
ttttttttt....r.mmm....mmm..........ttttwww....ttttt.........................r.....wwwwwwww.....mmmmmm..mmmmm.m.mm..........................wwwwwwww...w........ttt....tt...........wwwwwwwwwwwwwwwwwwwwwwwwwwwww....................wwwwwwww.............................................mmmmmmmmmmmmmmmmmmmmmmmmmmmmmmmmmmmmmmmmmmmmmmmmmmmmmmmmmmmmmmmmmmmmmmmmmmmmmmmmmmmmm
tttttttttttt.r......................wwwwww...tttt...........................r....wwwwwww........tttttttt..m.....m...................................................t...t...........wwwwwwwwwwwwwwwwwwwwwwwwwwwwwwww..............wwwwwwwwww.............................................mmmmmmmmmmmmmmmmmmmmmmmmmmmmmmmmmmmmmmmmmmmmmmmmmmmmmmmmmmmmmmmmmmmmmmmmmmmmmmmmmmmmm
tttttttt.....rrrrrrrrrrrr......wwwwwwww..tttttt.............................r...wwww............tttttttttt..................................rrrrr...................................wwwwwwwwwwwwwwwwwwwwwwwwwwwwwwwwwwwwwwwwwwwwwwwwwwwwwwww.............................................mmmmmmmmmmmmmmmmmmmmmmmmmmmmmmmmmmmmmmmmmmmmmmmmmmmmmmmmmmmmmmmmmmmmmmmmmmmmmmmmmmmmm
tttttt.................rr....wwwwwwww...tttttt..............................r....wwww.............tttttttt....................................r......................................wwwwwwwwwwwwwwwwwwwwwwwwwwwwwwwwwwwwwwwwwwwwwwwwwwwwwww.............................................mmmmmmmmmmmmmmmmmmmmmmmmmmmmmmmmmmmmmmmmmmmmmmmmmmmmmmmmmmmmmmmmmmmmmmmmmmmmmmmmmmmmm
ttttttttt.........www.trr.wwwwwww.......tttttt...................tt.........r....www.................tttttt...................................r....ttt.................................wwwwwwwwwwwwwwwwwwwwwwwwwwwwwwwwwwwwwwwwwwwwwwwwwwwww.............................................mmmmmmmmmmmmmmmmmmmmmmmmmmmmmmmmmmmmmmmmmmmmmmmmmmmmmmmmmmmmmmmmmmmmmmmmmmmmmmmmmmmmm
ttttttt........wwwwwwwwbbwwwww..........tttttt.................tttt.........r....wwww................tttttt.........tttt............rrrrrrrrrrrrrrrrrrr...................................wwwwwwwwwwwwwwwwwwwwwwwwwwwwwwwwwwwwwwwwwwwwwwwwww.............................................mmmmmmmmmmmmmmmmmmmmmmmmmmmmmmmmmmmmmmmmmmmmmmmmmmmmmmmmmmmmmmmmmmmmmmmmmmmmmmmmmmmmm
ttttwwwwwwwwwwwwwwwwwwwbbw.....................................tttt.........r.....ww.................ttttttt.......tttt..t..........r.........r..r..r.r.........................................wwwwwwwwwwwwwwwwwwwwwwwwwwwwwwwwwwwwwwwwww...............................................mmmmmmmmmmmmmmmmmmmmmmmmmmmmmmmmmmmmmmmmmmmmmmmmmmmmmmmmmmmmmmmmmmmmmmmmmmmmmmmmmmmmm
wwwwwwwwwwwwwwwwww.....rr......................................tt...........r.....ww...............tttttt..........t.tttt...........rr....ww..r..r....rt..t..............................................wwwwwwwwwwwwwwwwwwwwwwwwww......................................................mmmmmmmmmmmmmmmmmmmmmmmmmmmmmmmmmmmmmmmmmmmmmmmmmmmmmmmmmmmmmmmmmmmmmmmmmmmmmmmmmmmmm
wwwwwwwwwttttttt.......rrrrrrrrrrrrrrrrr........................ww.www......rrrrrrBBrrrrrrrrr...ttttttttt........t....t....t........r.....ww.....r....rtt.t........................................................wwwwwwwwwwwww....................................mmmmmmmmmmmmmmmmmmmmmmmmmmmmmmmmmmmmmmmmmmmmmmmmmmmmmmmmmmmmmmmmmmmmmmmmmmmmmmmmmmmmmmmmmmmmmmmmmmmmmmmmmm
tttttttttttttttttt.....................r..............wwwwwww.wwwwwwwwwwww..r.....ww........r......tttt..rrrrrrrrrrrrrrrrrrrrrrrrrrrr.................rtttt............................................................wwwwwww......................................mmmmmmmmmmmmmmmmmmmmmmmmmmmmmmmmmmmmmmmmmmmmmmmmmmmmmmmmmmmmmmmmmmmmmmmmmmmmmmmmmmmmmmmmmmmmmmmmmmmmmmmmmm
ttttttttttttttttttttttttt..............r......wwwwwwwwwwwwwwwwwwwwwwwww.w...r...wwww........r............r.........t.....ttt.t......r.r.r.............rtttt..............................................................www........................................mmmmmmmmmmmmmmmmmmmmmmmmmmmmmmmmmmmmmmmmmmmmmmmmmmmmmmmmmmmmmmmmmmmmmmmmmmmmmmmmmmmmmmmmmmmmmmmmmmmmmmmmmm
ttttttttttttttttttttttttttt............r....wwwwwwwwwwww.www.wwttwwww.......r...wwwww.......r............r.......t..tttttt..........rrrrrrr.........r.rt.t..........................................................................................................mmmmmmmmmmmmmmmmmmmmmmmmmmmmmmmmmmmmmmmmmmmmmmmmmmmmmmmmmmmmmmmmmmmmmmmmmmmmmmmmmmmmmmmmmmmmmmmmmmmmmmmmmm
tttttttttttttttttttttttttttt.tt........r....wwwwwwwwwwwww.w.....t.t.............w.wwww......r............r....tttttttt..............r...............r.r.............................................................................................................mmmmmmmmmmmmmmmmmmmmmmmmmmmmmmmmmmmmmmmmmmmmmmmmmmmmmmmmmmmmmmmmmmmmmmmmmmmmmmmmmmmmmmmmmmmmmmmmmmmmmmmmmm
ttttttttttttttttttttttttttttttttt......r....wwwwwwwww.........tt.....tt.....mmm..wwww.......rrrrrrrrrrrrrr...ttttttttt..............rrrrrrrrrrrrrrrrrrrrrrrrrrrrrrrrrrrrrrrrrrrrrrrrrrrrrrr.........................................................................mmmmmmmmmmmmmmmmmmmmmmmmmmmmmmmmmmmmmmmmmmmmmmmmmmmmmmmmmmmmmmmmmmmmmmmmmmmmmmmmmmmmmmmmmmmmmmmmmmmmmmmmmm
ttttttttttttttttttttttttttttttttttttt..r.....wwwwwwwwwwwwww..tt...........m.mmm..wwwm...mm...............r..tttttttttt...................wtttwwwttt.......................................r.........................................................................mmmmmmmmmmmmmmmmmmmmmmmmmmmmmmmmmmmmmmmmmmmmmmmmmmmmmmmmmmmmmmmmmmmmmmmmmmmmmmmmmmmmmmmmmmmmmmmmmmmmmmmmmm
tttttttttttttttttttttttttttttttttt.....r.......wwwwwwwww............t......mmmmmmwwwmmmmmmm..............r..tttttttttttttttttttttt......wwwwwwwwww........................................r.........................................................................mmmmmmmmmmmmmmmmmmmmmmmmmmmmmmmmmmmmmmmmmmmmmmmmmmmmmmmmmmmmmmmmmmmmmmmmmmmmmmmmmmmmmmmmmmmmmmmmmmmmmmmmmm
ttttttttttttt....ttttttttttttttttt.....r...........................r..t..m.mmmmmmwwwmmmmmmm..............r..tttttttttttttttttttttt.....wwwwwwwwwwwwwwww...................................r.........................................................................mmmmmmmmmmmmmmmmmmmmmmmmmmmmmmmmmmmmmmmmmmmmmmmmmmmmmmmmmmmmmmmmmmmmmmmmmmmmmmmmmmmmmmmmmmmmmmmmmmmmmmmmmm
tttttttttttt.....tttttttttttttttttttt..rrrrrrrrrrrrrrrrrrrrrrrrrrrrtrrrr.m.mmmmmwwwwmmmmmmmmmm...........r..tttttttttttttttttttttt....wwwwwwwwwwwwww......................................r.........................................................................mmmmmmmmmmmmmmmmmmmmmmmmmmmmmmmmmmmmmmmmmmmmmmmmmmmmmmmmmmmmmmmmmmmmmmmmmmmmmmmmmmmmmmmmmmmmmmmmmmmmmmmmmm
ttttttttttttt....ttttttttttttttt...tt..r...........................tttt..mmmmmmwwwwwmmmmmmmmmmm..........r..tttttttttttttttttttttt........wwwwwww.........................................r.........................................................................mmmmmmmmmmmmmmmmmmmmmmmmmmmmmmmmmmmmmmmmmmmmmmmmmmmmmmmmmmmmmmmmmmmmmmmmmmmmmmmmmmmmmmmmmmmmmmmmmmmmmmmmmm
tttttttttttttttttttttttttttttttt...tt..r..........................t.ttttmmmmmmmwwwwwmmmmmmmmmm...........r..ttttttttttttttttttttt.........................................................r.........................................................................mmmmmmmmmmmmmmmmmmmmmmmmmmmmmmmmmmmmmmmmmmmmmmmmmmmmmmmmmmmmmmmmmmmmmmmmmmmmmmmmmmmmmmmmmmmmmmmmmmmmmmmmmm
tttttttttttttttttttttttttttttttt...t...r..........................tmttttmmmmmmmwwwwwmmmmmmmmmmmmmmm.m....rrrrrrrrrrrrrrrrrrrrrrrrrrrrrrrrrrrrrrrrrr.......................................r.........................................................................mmmmmmmmmmmmmmmmmmmmmmmmmmmmmmmmmmmmmmmmmmmmmmmmmmmmmmmmmmmmmmmmmmmmmmmmmmmmmmmmmmmmmmmmmmmmmmmmmmmmmmmmmm
tttttttttttttttttttttt....ttttttttttt..r........................mttmmmmmmmmmmmwwwwwwmmmmmmmmmmmmm.m.mm......tttttttttttttttttt....................r.......................................r.........................................................................mmmmmmmmmmmmmmmmmmmmmmmmmmmmmmmmmmmmmmmmmmmmmmmmmmmmmmmmmmmmmmmmmmmmmmmmmmmmmmmmmmmmmmmmmmmmmmmmmmmmmmmmmm
ttttttttttttttttttttt.....tttttttttt...rr......................tmmtmmmmmmmmmmwwwwwmmmmmmmmmmmmmmmmmm.m.......ttttttttttttttttt.t..........................................................r.........................................................................mmmmmmmmmmmmmmmmmmmmmmmmmmmmmmmmmmmmmmmmmmm..............................................................m
ttttttttttttttttttttt.....ttttttttttt..r........t.........t....ttt.mmmmmmmmmmwwwwwmmmmmmmmmmmmmmmmmmmmm.......tttttttttttttttt.......ttttttttttttt.ttttttt................................r.........................................................................mmmmmmmmmmmmmmmmmmmmmmmmmmmmmmmmmmmmmmmmmmm..............................................................m
ttttttttttttttttttttt....ttttt....ttt..r...............t........mmtm.mmmmmmmmwwwwmmmmmmm.mmmmmmmmmmmmmm.........ttttttttttttttt......t...t.....t.t.......t................................r.........................................................................mmmmmmmmmmmmmmmmmmmmmmmmmmmmmmmmmmmmmmmmmmm..............................................................m
ttttt..........ttt.tt..t..........t.t..r.........................tt...mmmmmwwwwwwmmmmm......mmmmmmmmmmm....r....tttttttttttttt.......t.t.t.t.t.t.ttttt.t.t................................r.........................................................................mmmmmmmmmmmmmmmmmmmmmmmmmmmmmmmmmmmmmmmmmmm..............................................................m
m........ttt.......ttttt...............r....t..t................t.........mwwwwwwmmmm........mmmmmmmmmmmm..r....ttttttttttttttt......t.t.t.t.t.t.....t.t.t................................r.........................................................................mmmmmmmmmmmmmmmmmmmmmmmmmmmmmmmmmmmmmmmmmmm..............................................................m
m..........tttttttt....................r.....t............t............m..wwwwwmmmmmmm.........mmmm...mmm..r....tttttttttttttttttt...t.t.t.t.t.ttttt.t.t.t................................r.........................................................................mmmmmmmmmmmmmmmmmmmmmmmmmmmmmmmmmmmmmmmmmmm..............................................................m
m......................................r.................................mwwwww..mmm....rrr...........mm...r.......ttttttttttttt.....t.t...t.t.........t.t................................r.........................................................................mmmmmmmmmmmmmmmmmmmmmmmmmmmmmmmmmmmmmmmmmmm..............................................................m
mm.........wwww...............................tt.t.........t..............www.............r.......mmmmmm..............tttttt.........t.t.ttttttttttttttt.t................................r.........................................................................mmmmmmmmmmmmmmmmmmmmmmmmmmmmmmmmmmmmmmmmmmm..............................................................m
mm......t....wwww...............................t..................t......www.............r......mmmmmmm.............................t.t.t...............t................................r.........................................................................mmmmmmmmmmmmmmmmmmmmmmmmmmmmmmmmmmmmmmmmmmm..............................................................m
mmm.m....mmmm.................www................t................t.....wwww......ttttt...rrrrrrrr.mmm.....r..w............ttttttttttt.t.ttttttttttttttt.t................................r.........................................................................mmmmmmmmmmmmmmmmmmmmmmmmmmmmmmmmmmmmmmmmmmm..............................................................m
mmm.mm.mtm..m.m...t...........wwwwwwwww...........rrrrrrr...............wtww.....tttttt..........r.........r..w............t...........t.t...............t................................r.........................................................................mmmmmmmmmmmmmmmmmmmmmmmmmmmmmmmmmmmmmmmmmmm..............................................................m
mmmmmmmm.m..m................wwwwwwwww............rrrrrrr.......tt..ttt.wtwww....ttttttt.........r.........r..ww...........tttttttttttttttttttttt.ttttttttmmm.............................r.........................................................................mmmmmmmmmmmmmmmmmmmmmmmmmmmmmmmmmmmmmmmmmmm..............................................................m
m.mmmmm..m..m..............t.wwwwwwwww...tt.......rrrrrrr.........t.ttt.wtwww...tttttttt.........rrrrrrrrrrr.www...........t.............................tmmm.............................r.........................................................................mmmmmmmmmmmmmmmmmmmmmmmmmmmmmmmmmmmmmmmmmmm..............................................................m
m..m..mmmmm....t.........ttttwwwwwwwwwtttttt......rrrrrrr........t..ttt.wtww....tttttttt.........r...........www.........ttt.tttttttttttttttttttttttttttttmmm.............................r.........................................................................mmmmmmmmmmmmmmmmmmmmmmmmmmmmmmmmmmmmmmmmmmm..............................................................m
m.....m.....t.............ttttwwwwwwwwttttt..........r....t.......ttttt.twwww....ttttttt.........r..........wwww.........t.t.t.................t.t.......tmmm.............................r.........................................................................mmmmmmmmmmmmmmmmmmmmmmmmmmmmmmmmmmmmmmmmmmm..............................................................m
mm..m.m.mmmmmmm.t........ttttwwwwwwwwwtttttt......t..rtt..........tttt..twwwww....tttttt.........r..........wwww.........t.t.t.t..tttttttttt.t.t.t.......tmmmmmmm.........................r.........................................................................mmmmmmmmmmmmmmmmmmmmmmmmmmmmmmmmmmmmmmmmmmm..............................................................m
mm..m.m.m.mmmm........tttttttttwwwtwwtttttttt........r............ttt...tt.wwww...ttttt..........r..........wwww.........t.t.t.t..t....t.t...t.t.t.ttttt.tmmmmmmm.........................r.........................................................................mmmmmmmmmmmmmmmmmmmmmmmmmmmmmmmmmmmmmmmmmmm..............................................................m
mmmm..m....mmmm.......ttttttttttwtttttttttt......t...r................tttt.wwwww..ttttm...m......r.........wwww..........t.t.ttttttttt.t.t...t.........t.tmmmmmmm.........................r.........................................................................mmmmmmmmmmmmmmmmmmmmmmmmmmmmmmmmmmmmmmmmmmm..............................................................m
mmm.....mm..m........t.....ttttttttttttttttt.........r................tttttwwwwtttttttt.mm.......r.........wwww..........t.t.......t...t.tttttttt.tttt.t.tmmmmmmm.........................r.........................................................................mmmmmmmmmmmmmmmmmmmmmmmmmmmmmmmmmmmmmmmmmmm..............................................................m
mmmmmmmmmm...m......t..tt.......ttt.....tttt.........rt........t...........wwwwww.....m.mmmm.....r.........ww......tt....t.tttttt.tttt.t.....t.......t.t.tmmmmmmmmmmmm....................r.........................................................................mmmmmmmmmmmmmmmmmmmmmmmmmmmmmmmmmmmmmmmmmmm..............................................................m
mmmmmmmmmmmmm.........t...t.....tt..............rrrrrrrrrrrrrrrrrrrrrrrrrrrBBBrrrrrrr..mmmmmm....r.........ww.....tttt...t.t...t.........ttt.t.ttttt.t.t.tmmmmmmmmmmmm....................r.........................................................................mmmmmmmmmmmmmmmmmmmmmmmmmmmmmmmmmmmmmmmmmmm..............................................................m
mmmmmmmmmmmmmmmmm...........t...tt..............r........................wwwww......r.m.mmmmm.m..r........www....tttt...mt.t.t.t.ttttttttt.ttt.t.....t.t.tmmmmmmmmmmmmmmmm................r.........................................................................mmmmmmmmmmmmmmmmmmmmmmmmmmmmmmmmmmmmmmmmmmm..............................................................m
mmmmmmmmmmm...mm.........t.t..t.......rrrrrrrrrrr...t...ttt.........tttttwwwwwwww...r....mmm...m.r.....wwwwww..tttttt...mt.t.t.t.............t.t.ttttt.t.tmmmmmmmmmmmmmmmm................r.........................................................................mmmmmmmmmmmmmmmmmmmmmmmmmmmmmmmmmmmmmmmmmmm..............................................................m
mmmmmmmmmmmmmmmmm....tttttt...tt.t..tttt.....tttr.....t...ttttttt..tttttwwwwwwwwwww.rrrrrrrrrrrrrr.wwwwwwwww..tttttt...mmt...t....tttttttttt...t.......t.tmmmmmmmmmmmmmmmm................r..................................................................................................................................................................................m
mmmmmmmmmmmmmmmmm....tttttt...tt.t..tttt.....tttr.....t...ttttttt..tttttwwwwwwwwwww.rrrrrrrrrrrrrr.wwwwwwwww.ttttttt..mmmt...t....tttttttttt...t.......t.tmmmmmmmmmmmmm...................r.......................................................rrrrrrrrrrrrrrrrrrrrrrrrrrrrrrrrrrrrrrrrrrrrrrrrrrrrrrrrrrrrrrrrrrrrrrrrrrrrrrrrrrrrrrrrrrrrrrrrrrrrrrrrrrrrrrrrrrrrrrr....m
mmmmmmmmmmmmmmmmmmttttttt.......t...tt..........r...ttttttttttttttttttwwwwwwwwwwwwwwwwwwwwwwwwwwwwwwwwwwwwwttttttttttmmmmttttttttttmmmmmmmmttttttttttttt...mmmmmmmm.......................r.......................................................r..........................................................................................................................m
mmmmmmmmmmmmmmmmmmmm.m..ttt..ttt................r....ttttttttttttttwwwwwwwwwwwwwwwwwwwwwwwwwwwwwwwwwwwwwttttttttttttmmmmmmmmmmmmmmmmmmmmmmmmmmmmmmmmmm......mmmmmm........................r.......................................................r...............................................wwwwwwwwwwwwwwwwwwwwwwwwwwwww..............................................m
mmmmmmmmmmmmmm...mm....tttttttttttttttt.........r......tttttttttttwwwwwwwwwwwwwwwwwwwwwwwwwwwwwww.......ttttt..tttttmmmmmmmmmmmmmmmmmmmmmmmmmmmmm............mmmmmmm......................r.......................................................r...............................................wwwwwwwwwwwwwwwwwwwwwwwwwwwww..............................................m
mmmmmmmmm.....m.......tttttttttttttttttt........r........ttttttwwwwwwwwwwwwwwwwwwww...................tt.........ttttttt........mmmmmmmmmmmmmmmm........mmmmmmmmmm........................r.......................................................r...............................................wwwwwwwwwwwwwwwwwwwwwwwwwwwww..............................................m
mmmmmm....m..........ttttttttttttttttttt...ttt..r......t..ttttwwwwwwwwwwwwwwww..........mmmmmmmm.......t......ttttttttttttttt......mmmmmmmmmmmmmmmmmmmmmmm................................r.......................................................r...............................................wwwwwwwwwwwwwwwwwwwwwwwwwwwww..............................................m
mmmmmmmm.............tttttttttttttttttt....ttt..r.tt.......tttwwwwwwwwwww.............mmm.mmmmmm....t...tttt..tttttttttttttttttttttttttmmmmmmmmmmmmmmmmttt................................r.......................................................r...............................................wwwwwwwwwwwwwwwwwwwwwwwwwwwww..............................................m
mmmmmmmmmmm..mm...m...ttttttttttttttttt....tttttr.tt.t......ttttwwwwww............mmmmmmmmmmmmm..t.ttt..tttttttttttttttttttttttttttttttttmmmmmmmmmmmttttttt...............................r.......................................................r...............................................wwwwwwwwwwwwwwwwwwwwwwwwwwwww..............................................m
mmmmmmmmmmmmmm........ttt..mm..ttttt.......ttt.tr.tt.t.....t..ttttt.....t....mmmmmmmmmm..........t.ttt....tttttttttttttttttttttttttttttttttmmmmmmmtttttttt................................r.......................................................r...............................................wwwwwwwwwwwwwwwwwwwwwwwwwwwww..............................................m
mmmmmmmmmmmmmmmmmm........mmmm...tt........tttttr.tttt..........ttt..........mmmmmmm...............ttt....ttttttttttttttttttttttttttttttttttttttttttttttttt...............................r.......................................................r...............................................wwwwwwwwwwwwwwwwwwwwwwwwwwwww..............................................m
mmmmmmmmmmmmmmmmmmmmmmmmmmmm.....tt.........tt..r.ttt...t.....................mmmmm....t..t.m....tttttt...ttttttttttttttttttttttttttttttttttttttttttttttttt...............................r.......................................................r...............................................wwwwwwwwwwwwwwwwwwwwwwwwwwwww..............................................m
mmmmmmmmmmmmmmmmmmmmmmmmmmmmmmm.............tt..r..tt...............t...............m............ttttttttttttttttttttttttttttttttttttttttttttttttttttttttt................................r.......................................................r...............................................wwwwwwwwwwwwwwwwwwwwwwwwwwwww..............................................m
mmmmmmmmmmmmmmmmmmmmmmmmmmmmmmmmmmmm........t...r.........t...............t.....................ttttttttttttttttttttttttttttttttttttttt.ttttttttttttttt..w................................r.......................................................r...................................mmmmmmmmmmmmwwwwwwwwwwwwwwwwwwwwwwwwwwwww..............................................m
mmmmmmmmmmmmmmmmmmmmmmmmmmmmmmmmmmmmmmmmmm......r..t..........t..........................t......ttttttttttttttttttttttttttttttttttttttt.tttt.ttttttt.wwwww.www............................r.......................................................r...................................mmmmmmmmmmmmwwwwwwwwwwwwwwwwwwwwwwwwwwwww..............................................m
mmmmmmmmmmmmmmmmmmmmmmmmmmmmmmmmmmmmmmmmmmm.....r..t...........................t...tt.........tttttttttttttttttttttttttttttttttttttttttttttt...wwwwwwww..wwwww............................r.......................................................r...................................mmmmmmmmmmmmwwwwwwwwwwwwwwwwwwwwwwwwwwwww..............................................m
mmmmmmmmmmmmmmmmmmmmmmmmmmmmmmmmmmmmmmmmmmm.....r..t........................t.............t..tttttttttttttttttttttttttttttttttttttttttttttt....wwwwwwww.ww..........ww....................r.......................................................r...................................mmmmmmmmmmmmwwwwwwwwwwwwwwwwwwwwwwwwwwwww..............................................m
mmmmmmmmmmmmmmmmmmmmmmmmmmmmmmmmmmmmmmmmmmmm....r.tt....t..............tt....t...............t.ttttttttttttttttttttttttttttttttttttttttttt.....wwww.wwww............w.w...................r.......................................................r...................................mmmmmmmmmmmmwwwwwwwwwwwwwwwwwwwwwwwwwwwww..............................................m
mmmmmmmmmmmmmmmmmmmmmmmmmmmmmmmmmmmmmmmmmmmm....r...t.t....ttt..t...tt.ttttttt...............t.tttttttttttttttttttttttttt.tttttttttttttttt....wwwwwww.w.....ttt...wwwwwwww..w.............r.......................................................r...................................mmmmmmmmmmmmwwwwwwwwwwwwwwwwwwwwwwwwwwwww..............................................m
mmmmmmmmmmmmmmmmmmmmmmmmmmmmmmmmmmmmmmmmmmmm....r...tttt..ttttt....t.tttttttt................tttttttttttttttttttttttttttt...tttttttttttttt....wwwwwwwww.....tt....w...w.ww..ww............r.......................................................r...................................mmmmmmmmmmmmwwwwwwwwwwwwwwwwwwwwwwwwwwwww..............................................m
mmmmmmmmmmmmmmmmmmmmmmmmmmmmmmmmmmmmmmmmmmmm....r..tttt...ttttt.......ttt.tttt.....t...m.....t.tttttttttttttttttttttttttt...tttttttttttttt....www.ww...............w.ww...w.w.ww..........rrrrrrrrrrrrrrrrrrrrrrrrrrrrrrrrrrrrrrrrrrrrrrrrrrrrrrrrr...................................mmmmmmmmmmmmwwwwwwwwwwwwwwwwwwwwwwwwwwwww..............................................m
mmmmmmmmmmmmmmmmmmmmmmmmmmmmmmmmmmmmmmmmmmm.....r..tt.t..tttttt..t...ttt.ttttt....m....m....tt.tttttt...tttttttttttttt.......tttttttttttttt.....www................w.w....www.ww...................................tt....rr...........................................................mmmmmmmmmmmmwwwwwwwwwwwwwwwwwwwwwwwwwwwww..............................................m
mmmmmmmmmmmmmmmmmmmmmmmmmmmmmmmmmmmmmmmmm.m.....r..tt.....tttt....t..t.ttttttt....mm..m.....ttttttttt...ttttttt..t..........ttttttttttttttt...........................w...www.ww..ww..............................tttt...rr...........................................................mmmmmmmmmmmmwwwwwwwwwwwwwwwwwwwwwwwwwwwww..............................................m
mmmmmmmmmmmmmmmmmmmmmmmmmmmmmmmmmmmmmmmmm.m....mr...t......t...t.....tt....tt.........m.m..ttttttttt......tttttt.......r...ttttttttttttttttt.......ttt..................w...www.w.w.w.............................tttt...rr...........................................................mmmmmmmmmmmmwwwwwwwwwwwwwwwwwwwwwwwwwwwww..............................................m
mmmmmmmmmmmmmmmmmmmmmmmmmmmmmmmmmmmmmmmmm....mmmrrrrrrrrrrrrrrrrrrrrrrrrrrrrrrrrrrr...mmm..tttttttttt.......tt.t.......r.....tttttttttttttttt....ttt.tt...t........w.w..ww.wwww.wwwww........................tttttttttt..rr...........................................................mmmmmmmmmmmmwwwwwwwwwwwwwwwwwwwwwwwwwwwww..............................................m
mmmmmmmmmmmmmmmmmmmmmmmmmmmmmmmmmmmmmmmmm....mmm..................................r...mmm..tttttttttttttttt.t.....t....r..tt.ttttttttttttttttttttttttttttttt.......w.ww....w.wwwwwwwww..............tttt.t.tttttttttttt..rr...........................................................mmmmmmmmmmmmwwwwwwwwwwwwwwwwwwwwwwwwwwwww..............................................m
mmmmmmmmmmmmmmmmmmmmmmmmmmmmmmmmmmmmmmmmmmm..mm...................................r...mmm..ttt.tttttttttttt.......tt...r...tttttttttttttttttttttttttttttt.ttt......w.ww..w.w.ww....wwww.............ttttttt.ttttttttttt..rr...........................................................mmmmmmmmmmmmmmmmmmmmmmmmmmmmm..........................................................m
mmmmmmmmmmmmmmmmmmmmmmmmmmmmmmmmmmmmmmmmmmmm.m......mm............................r..mmmm...ttttttttttttttt............r....tttttttttttttttttttttttttttttttt.......w.www.....wwww..wwwwww..w.......tttttttttttttttttttt..rr...........................................................mmmmmmmmmmmmmmmmmmmmmmmmmmmmm..........................................................m
mmmmmmmmmmmmmmmmmmmmmmmmmmmmmmmmmmmmmmmmmmmm....mm............t.tttt..............r..mmmm...ttttttttttttttt..t..rrrrrrrr...ttttttttttttttttttttttttttttttttt.......w..wwwwww..wwwwwwwwwww.ww.......t.tttttttttttttttt....rr...........................................................mmmmmmmmmmmmmmmmmmmmmmmmmmmmm..........................................................m
mmm....mmmmmmmmmmmmmmmmmmmmmmmmmmmmmmmmmmmmm...mmm..........ttttttt...............r..mm.m...ttttttttttttttt..t..r........tt.tttttttttttttttttttttt..tttttt.tt.....w.ww.ww..w....ww.wwwwwwwww.......ttttttttttttttttt.....rr...........................................................mmmmmmmmmmmmmmmmmmmmmmmmmmmmm..........................................................m
m.........mmmmmmmmmmmmmmmmmmmmmmmmmmmmmmmmm....m.....tt..tt.ttttttt...............r..mm.m....tttttttttttttt..t..r........ttttttttttttttttttttttttt..tttttttt......w..w.ww..w....wwwwwwwwwwww......tttt.tttttttttttt......rr...........................................................mmmmmmmmmmmmmmmmmmmmmmmmmmmmm..........................................................m
m...........mmmmmmmmmmmmmmmmmmmmmmmmmmmmmmm..mm......tttt.t.....tt................r..mm....ttttttttttttttttt....r..t.....t...ttttttttttttttttttttt....tttttt...w....wwwwww.wwww.wwwwwwww.ww.......tttt.tttttttttttt......rr...........................................................mmmmmmmmmmmmmmmmmmmmmmmmmmmmm..........................................................m
m............mmmmmmmmmmmmmmmmmmmmmmmmmmmmmmmmmmmm....tttttt....................t..r..m.mm...ttttttttttttttttt...r......ttttttttttttttttttt.tttttttt..ttttt.....w..w...w..w.www..w.wwwwwwww........tttt...tttttttt........rr...........................................................mmmmmmmmmmmmmmmmmmmmmmmmmmmmm..........................................................m
m.............mmmmmmmmmmmmmmmmmmmmmmmmmmmmmmmmmmm.m..t.tttt...................tt..r..mmmmm.....tttttttttttttt...r.....ttttttttttttttttttt..ttttttttt..tttt.....w..www.w.wwww.....w.wwwwwww.........tt...tttttttttm.......rr.............................................ttttttttttttttmmmmmmmmmmmmmmmmmmmmmmmmmmmmm..........................................................m
w.............mmmmmmmmmmmmmmmmmmmmmmmmmmmmmmmmmmmmm.ttttttttt.................tt..r..mmmmm........tt.t...t......r.....ttttttttttttttttttt.tttttttttttttttt.....wwwww....wwww....wwwwwww..w.........ttt.tttttttrrrrrr.....rr.............................................ttttttttttttttmmmmmmmmmmmmmmmmmmmmmmmmmmmmm..........................................................m
w..............mmmmmmmmmmmmmmmmmmmmmmmmmmmmmmmmmmmm.tt.tttttt.................tt..r.................tt...tt.....r.....ttttttttttttttt..tt..t.tt.t.ttttt........ww...ww..wwww...w.www.ww.ww................tt.tr.tm.......rr.............................................ttttttttttttttmmmmmmmmmmmmmmmmmmmmmmmmmmmmm..........................................................m
w................mmmmmmmmmmmmmmmmmmmmmmmmmmmmmmmmm.......t...........t............r.............................r.....t.ttttttttttttt..ttt...tttt............www.w.www..ww.w..ww.w.....ww.................t.ttrttm.......rr.............................................ttttttttttttttmmmmmmmmmmmmmmmmmmmmmmmmmmmmm..........................................................m
w................mmmmmmmmmmmmmmmmmmmmmmmmmmmmmmmm....................t.........t..rrrrrrrrrrrrrrrrrrrrrrrrrrrrrrr....tttttttttt..tttt.ttttttt................w...w.wwwwww.ww...ww......ww................mm..rrtm.m......rr.............................................ttttttttttttttmmmmmmmmmmmmmmmmmmmmmmmmmmmmm..........................................................m
ww............m..mmmmmmmmmmmmmmmmmmmmmmmmmmmmmmmmmmm..........mm.....tttt.............................r........t......ttttttttttt.tt..ttttt.t...t...w.w...wwwwwwww.wwwwwwww.........www.................mmmm.rtmm.m......rr.............................................ttttttttttttttmmmmmmmmmmmmmmmmmmmmmmmmmmmmm..........................................................m
ww............mmmmmmmmmmmmmmmmmmmmmmmmmmmmmmmmmmmmmmmmmmmm...mmmmm..........................tt.ttt....r.tttttttt......t.ttttttttt..tt.ttttt.t..tt...w...wwwwwwww.wwwwwwwwwwww.wwwwwwwwwww..w..w........m.mmm.rtmmmm......rr.............................................ttttttttttttttmmmmmmmmmmmmmmmmmmmmmmmmmmmmm..........................................................m
www...........mmmmmmmmmmmmmmmmmmmmmmmmmmmmmmmmmmmmmmmmmmmmmmmmmmmmm.............t.tttt.....ttttttt.t..r.tttttttt......tttttttttttt...tttttttt...........wwwwwwwww..wwwwwwwwww.www...wwwwww.w..w........m.mmm.rtmmmm......rr.............................................ttttttttttttttmmmmmmmmmmmmmmmmmmmmmmmmmmmmm..........................................................m
www..........mmmmmmmmmmmmmmmmmmmmmmmmmmmmmmmmmmmmmmmmmmmmmmmmmmmmmm.............ttt.ttt.....tt.ttttt..r.ttttttttt.......tttttttttt....t....t...........wwwwwww.wwwwwwwwwww....wwwwwwwwwwwww..ww........mmmm..rtm.mm......rr.............................................ttttttttttttttmmmmmmmmmmmmmmmmmmmmmmmmmmmmm..........................................................m
www.........mmmmmmmmmmmmmmmmmmmmmmmmmmmmmmmmmmmmmmmmmmmmmmmmmmmmmmmmm..........t.....tt....ttt...tt...r.ttttttt.t.........tt.ttttttt..t...t..........wwwwwwwww.wwwwwwwwwww.wwwwwwwwwwwwwwwww.ww.......mmm.m.trtm.mm......rr.............................................ttttttttttttttmmmmmmmmmmmmmmmmmmmmmmmmmmmmm..........................................................m
wwt.........mmmmmmmmmmmmmmmmmmmmmmmmmmmmmmmmmmmmmmmmmmmmmmmmmmmmmmmmm.................................r..tttttt..t...t......tttttttt.....t............wwwwwwww..wwwwwwww..wwwwwwwwwwwwwwwwwwwww......mmmmm..rrtm.m.m.....rr.............................................ttttttttttttttmmmmmmmmmmmmmmmmmmmmmmmmmmmmm..........................................................m
wwtttt.......mmmmmmmmmmmmmmmmmmmmmmmmmmmmmmmmmmmmmmmmmmmmmmmmmmmmmmmm.....................mm..........r.ttttttt..t...ttt......ttttt..................wwwwwwwwwwwwwwwwwww..wwwwwwwwwwwwwww.wwww........mmm.t.rttm.m.m.....rr.............................................tttttttttttttttttttttttttttttt.......................................................................m
tttttttt.....mmmmmmmmmmmmmmmmmmmmmmmmmmmmmmmmmmmmmmmmmmmmmmmmmmmmmmmm...m............m.mm.mmw.........r.tt.tttt..t....t.............................wwwwww.wwwwwwwwwwwwwwwwwwwwwwwwwwwwwwwwwww........mmmm.trt.mmm.......rr.............................................tttttttttttttttttttttttttttttt.......................................................................m
tttttttttt.....mmmmmmmmmmmmmmmmmmmmmmmmmmmmmmmmmmmmmmmmmmmmmmmmmmmmmmmmmm.....t......mmmm.mmmwwwww..t.r.tttttttttt......................ttt...........wwwwwwwwwwwwwwwwwwwwwwwwwwwwwwwwwwwwwww......m.mmmmm.rrt.mmm.m.....rr.............................................tttttttttttttttttttttttttttttt.......................................................................m
tttttttt.tt.....mmmmmmmmmmmmmmmmmmmmmmmm............mmmmmmmmmmmmmmmmmmm.......ttt....mmmmmmwwwwwww.tt.r.tttttttt.......................tttt............wwwww.wwwwwwwwww....wwwwwwwwwwwwwwwwww.w......mmmmm.rtmmmmm.m.....rr.............................................tttttttttttttttttttttttttttttt.......................................................................m
ttttttttttttt....mmmmmmmmmmmmmmmmmmmmmmm..mm..mmmmm...mmmmmmmmmmmmmmm.......t.t.t....m.m.mmwwwwww..tt.r.tttttttt..............tt.......t..t..........w..wwwwwwwwwwwwwwwwwwwwwww..wwwwwwwwwww.....m..m.mmmt.rtmmmmm.m.....rr.............................................tttttttttttttttttttttttttttttt.......................................................................m
tttttttttttttt....mmmmmmmmmmmmmmmmmmmmmmm.mww.m.mmmmmm.mmmmmmmmmmmmmm.......tttttt...mmm..w.wwww.ttt..r..tttt.tt.....t........tttt....................w..wwwwwwwwwwwwwwwwwwwwwwwwwwwwwwww.........mmmmmmm.rrtmmmmmm......rr.............................................tttttttttttttttttttttttttttttt.......................................................................m
ttttttttttttttt....mmmmmmmmmmmmmmmmmmmmmm..wwmwwwmmmmm..mmmmmmmmmmmmmmm......tt.tt....mm..ww.....ttt..r..tttt..t....tt.........ttt.................ww.ww.................wwwwwwwwwwww..............mmmmmm.rtmmmmmmmm.....rr.............................................tttttttttttttttttttttttttttttt.......................................................................m
ttttttttttttttt....mmmmmmmmmmmmmmmmmmmmmm.www.w..wwmwmmm.mmmmmmmmmmmmmmmm.....tttt....mmm........t.t..r..ttt........tt..........tt.................w............wwwww...................wwwwwww..mm.mmmmtrrtmmmmmmmm.....rr.............................................tttttttttttttttttttttttttttttt.......................................................................m
ttttttttttttttttt....mmmmmmmmmmmmmmmmmmmm.www.www.www.www.mmmmmmmmmmmmm.......t.ttt...mmmmm...t..t.t..r...tt...................................................................................mm.mmmmmm.rttmmmmmmmm.....rr.............................................tttttttttttttttttttttttttttttt.......................................................................m
tttttttttttttt.tttt...mmmmmmmmmmmmmmmmmmm..wwwww.wwwww.mw..mmmmmmmmmmm............t....mmmm...t.tttt..r...t...................................................................................mmmmmmmmmtrrtmmmmmmmmm.....rr.............................................tttttttttttttttttttttttttttttt.......................................................................m
ttttttttttttttttttt...mmmmmmmmmmmmmmmmmmm...wwwwwwww.mw.wm.mmmmmmmmmmm..m...............mmm...t.tttt..r...t...t...........tt.....................................................mm..........mmmmmmmmmt.rttmmmmmmmmm.....rr.............................................tttttttttttttttttttttttttttttt.......................................................................m
tttttttttttttttttttt..mmmmmmmmmmmmmmmmmmm...wwwmm.wwwwwww..mmmmmmmmmmmmmm................mm...ttttt...r...t...t....t......tt.........................mmmm...mmmm........mmmm....mmmmm.......mmmmmmm.ttt.rtm.mmmmmmmm.....rr.............................................tttttttttttttttttttttttttttttt.......................................................................m
tttttttttttttttttttt..mmmmmmmmmmmmmmmmmmm.m.wwwwwwwwwwwwwm..mmmmmmmmmmmmmmm..............mm....tttt...r...t..ttt...t......t......................mmmmm...mmmmmmmmmmmmmmmmmmmmmmmmmmmmmmmmmmmm.mmmmmttttrrtmmmmmmmmmm.....rr.............................................tttttttttttttttttttttttttttttt.......................................................................m
ttttttttttttttttttt....mmmmmmmmmmmmmmmmmm...ww.wwwm.wmw.mmmm.mmmmmmmmmmmmmmmmm...........mm....ttttt..r.t.....ttt..tt.t...............mmmmmmm.mmm......mmmmmmmmmmmmmmmmmmmmmmmmmmmmmmmmmmmmmmmmmmmmtmtrrttmmmmmmmmmm.....rr.............................................tttttttttttttttttttttttttttttt.......................................................................m
tttttttttttttttt.ttt...mmmmmmmmmmmmmmmmmmm..wwwwwwwwwwww.m.m.mmmmmmmmmmmmmmmmmm................tt.tt..r.......ttt..tt................mmmmmmmmmmmmmmmmmm.mmm..mmmmmmmmmmmmmmmmmmmmmmmmmmmmmmm.mmmm.mtmrrtttmmmmmmmmmm.....rr.............................................tttttttttttttttttttttttttttttt.......................................................................m
tttttttttttttttttttt....mmmmmmmmmmmmmmmmmm...wwmwwmwwww...w.mmmmmmmmmmmmmmmmmmmmm.............ttt.t...r.....t.tttt..ttt........mmmmmmmmmmmmmmmmmmmmmmmmmmmmmmmmmmmmmmmmmmmmmmmmmmmmmmmmmmmmtttmmm.mtrrtttmmmmmmmmmmm.....rr..................................................................................................................................................m
tttttttttttttttttttt...mmmmmmmmmmmmmmmmmmm....wwwwwwwwwwwwwmmmmmmmmmmmmmmmmmmm.................t......r.......t.tt..tttt.......mmmmmmmmmmmmmmmmmmmmmmmmmmmmmmmmmmmmmmmmmmmmmmmmmmmmmmmmmmmtttmmmm.m.rtmttmmmmmmmmmmm.....rr..................................................................................................................................................m
ttttttttttttttttttttt...mmmmmmmmmmmmmmmmmmm....wmmwmmwwww.wmmmmmmmmmmmmmmmmmmmmmm..............tt.....r..........t..ttttt......mmmmmmmmmmmmmmmmmmmmmmmmmmmmmmmmmmmmmmmmmmtttttmmmmmmmmmmmttmmmmmm..rrttttmmmmmmmmmmm.....rr..................................................................................................................................................m
ttttttttttttttttttttt...m.mmmmmmmmmmmmmmmmm....wwwwwwwwwwwwmmmmmmmmmmmmmmmmmmmmmmmm.............t.....r...w........tttttttt.....mmmmmmmmmmmmmmmmmmmtttmmmmmmmmmmmmmmmmmttmttmmmmmmmmmmmmttmmmmttttrrtttttmmmmmmmmmmm...m.rr..................................................................................................................................................m
ttttttttttttttttttttttt....mmmmmmmmmmmmmmmmm.m.....ww.ww..mmmmmmmmmmmmmmmmmmmmmm................t.....r..ww.w.......ttttttt.....mmmmmmmmmmmmmmmttttmmttmmmmmmmmtmmmmmmtmtttttttmmmmmmmtmtmmttttmrrrtmtmttmmmmmmmmmmmmm.m.rr..................................................................................................................................................m
tttttttttttttttttttttt.....mmmmmmmmmmmmmmmmmm..mm...www..mmmmmmmmmmmmmmmmmmmmmmm......................r..wwww.w.....tttttt......mmmmmmmmmmmtttttmtttttttttttttttttttttmttmmmmmtttmmmttmmttrrrrrrrtmttttttmmmmmmmmmmmmmmm.rr..................................................................................................................................................m
tttttttttttttttttttttttt....mmmmmmmmmmmmmmmmmmm...m...mmmmmmmmmmmmmmmmmmmmmmmm.mmm....................r..wwwwww......ttttt...mmmmmmmmmmmmmmmtttttt.rrrrrrrrrrrrrrrtt...tt.....mmtrrrrrrrrrrtttttttmttttttmmmmmmmmmmmmmmm.rr..................................................................................................................................................m
tttttttttttttttttttttttttt...mmmmmmmmmmmmmmmmmmmmmmmmmmmmmmmmmmmmmmmmmmmmmmmmm.mmmmm..................r..wwwwww......tttt....mmmmmmmmmmmmmmmmmmt...mmmmtttttttt..rrrrrrrrrrrrrrrrr..ttttttmmttmmmttmtttmtmmmmmmmmmmmmmmm.rr..................................................................................................................................................m
tttttttttttttttttttttttttt....mmmmmmmmmmmmmmmmmmmmmmmmmmmmmmmmmmmmmmmmmmmmmmmmmm..m....m......m.......r..wwwwww.....ttttt......mmmmmmmmmmmmmmmmmmmttttttttttmttt....tttttttttttttmttmttmmtmmtmmmmmmtmtmmtmmmmmmmmmmmmmmm.rr..................................................................................................................................................m
tttttttttttttttttttttttttmm.....mmmmmmmmmmmmmmmmmmmmmmmmmmmmmmmmmmmmmmmmmmmmmm..........m.............r..wwwwwww...............mmmmmmmmmmmmmmmmmmmmttmmtmmmmmttmtmtttmmmmmmmmtttttttttmmmtmmmmmmmmmmmmtttmmmmmmmmmmmmmmm.rr..................................................................................................................................................m
tttttttttttttttttttttttttmmm...mmmmmmmmmmmmmmmmmmmmmmmmmmmmmmmmmmmmmmmmmmmmmmmmm..m.m......m..........r...wwww.w..rrrrrrrrrrrr..m.mmmmmmmmmmmmmmmmmttttmmmmmmttmtttmmmmmmmmmmmmmmtmtmmmmmttttmmmmmmmmmmmtmmmmmmmmmmmmmmm.rr..................................................................................................................................................m
tttttttttttttttttttttttttmm...mmmmmmmmmmmmmmmmmmmmmmmmmmmmmmmmmmmmmmmmmmmmmmmmmmmmm.....mm............r..wwwww.w..r..........r..m.mmmmmmmmmmmmmmmmmmmmmmmmmmmtmmmmmmmmmmmmmmmmmmmmttmmmmmmttmmmmmmmmmmmmmmmmmmmmmmmmmmmm.rr..................................................................................................................................................m
ttttttttttttttttttttttttmmmm.mmmmmmmmmmmmmmmmmmmmmmmmmmmmmmmmmmmmmmmmmmmmmmmmm...mm.....mmmm..........r..wwwwwww..r..m.......r....mmmmmmmmmmmmmmmmmmmmmmmmmmmtmmmmmmmmmmmmmmmmmmmmmmmmmmmmmmmmmmmmmmmmmmmmmmmm...m.......rr..........................................mmmmmmmmmmmmmmmmmmmmmmmmmmmmmmmmmmmmmmmmmmmmmmmmmmmmmmmmmmmmmmmmmmmmmmmmmmmmmmmmmmmmmmmmmmmmmmm.........m
ttttttttttttttttttttttttmm.m.mmmmm.m.mmmmmmmmmmmmmmmmmmmmmmmmmmmmmmmmmmmmmmmmmmmmmm....mmmmmmm........r.wwwwwww.rrr..mm.m....r....mmmmmmmmmmmmmmmmmmmmmmmmmmmmmmmmmmmmmmmmmmmmmmmmmmmmmmmmmmmmmmmmmmmmmmmmmmmmm.m........rr..........................................mmmmmmmmmmmmmmmmmmmmmmmmmmmmmmmmmmmmmmmmmmmmmmmmmmmmmmmmmmmmmmmmmmmmmmmmmmmmmmmmmmmmmmmmmmmmmmm.........m
tttttttttttttttttttttttmmmmm..mm.......mmmmmmmmmmmmmmmmmmmmmmmmmmmmmmmmmmmmmmmmmm.....mmmmmmm..m......r.wwwwww..r..tmmmmmm...rrr....mm....mm...mmmmmmmmmmmmmmmmmmmmmmmmmmmmmmmmmmmmmmmmmmmmmmmmmmmmmmmmmmmmmmm.mm........rr..........................................mmmmmmmmmmmmmmmmmmmmmmmmmmmmmmmmmmmmmmmmmmmmmmmmmmmmmmmmmmmmmmmmmmmmmmmmmmmmmmmmmmmmmmmmmmmmmmm.........m
ttttttttttttttttttttttmmmmmm........m..mmmmmmmmmmmmmmmmmmmmmmmmmmmmmmmmmmmmmmmmmm....mmmmmm....m......r..wwwww..r..mmmmmmmmm...r......mmmmm..mmm..mmmmmmmmmmmmmmmmmmmmmmmmmmmmmmmmmmmmmmmmmmmmmmmm.......................rr..........................................mmmmmmmmmmmmmmmmmmmmmmmmmmmmmmmmmmmmmmmmmmmmmmmmmmmmmmmmmmmmmmmmmmmmmmmmmmmmmmmmmmmmmmmmmmmmmmm.........m
tttttttttttttttttttttmmmmmmm...mmmmmmm..mmmmmmmmmmmmmmmmmmmmmmmmmmmmmmmmmmmmmmmm....mmmmm.............r.........r.tmmmmmmmt....r...........mmmm.m.mmmmmmmmmmmmmmmmmmmm......mmmmmmmmmmmmmmmmmmmm.........................rr..........................................mmmmmmmmmmmmmmmmmmmmmmmmmmmmmmmmmmmmmmmmmmmmmmmmmmmmmmmmmmmmmmmmmmmmmmmmmmmmmmmmmmmmmmmmmmmmmmm.........m
ttttttttttttttttttttmmmmmmm...mmmmmmmmm...mmmmmmmmmmmmmmmmmmmmmmmmmmmmmmmmmmmmm....mmmmm..............r.........r.mmmmmmmmm....r......ttt.......mmmmmmmmm....mmmm.mmmm.ttt..mmm.mmmmmmmmmmmm..mm.........................rr..........................................mmmmmmmmmmmmmmmmmmmmmmmmmmmmmmmmmmmmmmmmmmmmmmmmmmmmmmmmmmmmmmmmmmmmmmmmmmmmmmmmmmmmmmmmmmmmmmm.........m
tttttttttttttttttttmmmmmmmmmmmmmmmmmmmmm....mmmmmmmmmmmmmmmmmmmmmmmmmmmmmmmmm.......mmmmmmm...........r.........r.mmmmmmmmmm...r..........t........mmmmmmmmm.mmmmm..................mmmmmmmmmmm..........................rr..........................................mmmmmmmmmmmmmmmmmmmmmmmmmmmmmmmmmmmmmmmmmmmmmmmmmmmmmmmmmmmmmmmmmmmmmmmmmmmmmmmmmmmmmmmmmmmmmmm.........m
tttttttttttttttttmmmmmmmmmmmmmmmmmmmmmmmm...mmmmmmmmmmmmmmmmmmmmmmmmmmmmm..........mmmmm..............r.........r.mmmmmmmmmmm..r.........................................................................................rr..........................................mmmmmmmmmmmmmmmmmmmmmmmmmmmmmmmmmmmmmmmmmmmmmmmmmmmmmmmmmmmmmmmmmmmmmmmmmmmmmmmmmmmmmmmmmmmmmmm.........m
ttttttttttttttmmmmmmmmmmmmmmmmmmmmmmmmmmmm..mmmmmmmmmmmmmmmmmmmmmmmmmmm..mmmmm........................rrrrrrrrrrrmmmmmmmmmmmm..rrrrrrrrrrrrrrrrrrrrrrrrrrrrrrrrrrrrrrrrrrrrrrrrrrrrrrrrrrrrrrrrrrrrrrrrrrrrrrrrrrrrrrrrrrrr..........................................mmmmmmmmmmmmmmmmmmmmmmmmmmmmmmmmmmmmmmmmmmmmmmmmmmmmmmmmmmmmmmmmmmmmmmmmmmmmmmmmmmmmmmmmmmmmmmm.........m
tttttttttttmmmmmmmmmmmmmmmmmmmmmmmmmmmm......mmmmmmmmmmmmmmmmmmmmmm........................mm...................mmmmmmmmmmmmm............................................................................................rr..........................................mmmmmmmmmmmmmmmmmmmmmmmmmmmmmmmmmmmmmmmmmmmmmmmmmmmmmmmmmmmmmmmmmmmmmmmmmmmmmmmmmmmmmmmmmmmmmmm.........m
ttttttttmmmmmmmmmmmmmmmmmmmmmmmmm..............mmmmmmmmmmmmmmm............................mm...................mmmmmmmmmmmmmm............................................................................................rr..........................................mmmmmmmmmmmmmmmmmmmmmmmmmmmmmmmmmmmmmmmmmmmmmmmmmmmmmmmmmmmmmmmmmmmmmmmmmmmmmmmmmmmmmmmmmmmmmmm.........m
tttttmmmmmmmmmmmmmmmmmmmmm...........mmm....mm..mmmmmmmmmmmmm......m.....mmmmm....m........................mmmmmmmmmmmmmmmmmm............................................................................................rr..............tt....tttttttt..............mmmmmmmmmmmmmmmmmmmmmmmmmmmmmmmmmmmmmmmmmmmmmmmmmmmmmmmmmmmmmmmmmmmmmmmmmmmmmmmmmmmmmmmmmmmmmmm.........m
ttttttt....mmmmmmmmmm...............mmm......mm....mmmmmmmmmmm.........mmmm.......m.....................mmmmmmmmmmmmmm..mmmmm............................................................................................rr................tt.tt.ttt...ttt...........mmmmmmmmmmmmmmmmmmmmmmmmmmmmmmmmmmmmmmmmmmmmmmmmmmmmmmmmmmmmmmmmmmmmmmmmmmmmmmmmmmmmmmmmmmmmmmm.........m
tttttttttt..mmmmmm........m..mm......m...............mmmmmmmmmm....................................mmmmmmmmmmmmmmmmmmmmmmm.mm............................................................................................rr............tttt.tttttttttt.tt.tt.........mmmmmmmmmmmmmmmmmmmmmmmmmmmmmmmmmmmmmmmmmmmmmmmmmmmmmmmmmmmmmmmmmmmmmmmmmmmmmmmmmmmmmmmmmmmmmmm.........m
ttttttt....mmmmm.........m......t.............m.......mmmmmm........mmmmmmmmmmm....................m.mmm.mmmmmmmmm.m....mm.m.............................................................................................rr...........t.ttttttttttttttttttttttttttttttttttttttttttttttttttttttttttttttttttttttttttttttttttttttttttttmmmmmmmmmmmmmmmmmmmmmmmmmmmmmmmm.........m
tttttt.....mmmmmm...t...m.m..m............m....m.....mmmmmmmmmm.........mmmmm.......................mmmmmmmmmmm.mmm......mm..............................................................................................rr...........ttttttttttttttttttttttttttttttttttttttttttttttttttttttttttttttttttttttttttttttttttttttttttttttmmmmmmmmmmmmmmmmmmmmmmmmmmmmmmmm.........m
tttt.....mmmmmmmmmm.......mm......t.................mmmmmmmmmmmmmmm.......mmmmm............mm.............mmmmm.mmm...................wwwwwww............................................................................rr...........ttttttttttttttttttttttttttttttttttttttttttttttttttttttttttttttttttttttttttttttttttttttttttttttmmmmmmmmmmmmmmmmmmmmmmmmmmmmmmmm.........m
ttt....mmmmmmmmmmmmm.......m..................m....mmmmmmmmmmmmmmmmmm.........mmm..mm................................................w..w.ww.wwwww........................................ttttt..........................rr...........ttttttttttttttttttttttttttttttttttttttttttttttttttttttttttttttttttttttttttttttttttttttttttttttmmmmmmmmmmmmmmmmmmmmmmmmmmmmmmmm.........m
tt...mmmmmmmmmmmmm...............................mmmmmmmmmmmmmmmmmmmmmmmmmmm.........................................................wwww.wwwwwwwww.............ttttttt...........tttttttttttttt...t.....................rr........ttt.tttttttttttttttttttttttttttttttttttttttttttttttttttttttttttttttttttttttttttttttttttttttttttttmmmmmmmmmmmmmmmmmmmmmmmmmmmmmmmm.........m
tt..mmmmmmmmmm.........t.......................mmmmmmmmmmmmmmmmmmmmmmmmmmmmmmmmmmmmmm...............................................wwwwwwwwwwwwwwwwwwww.........ttttttt........ttttttttttttttt....t.....................rr..........ttttttttttwwtttttttttttttttttttttttttttttttttttttttttttttttttttttttttttttttttttttttttttttttttttmmmmmmmmmmmmmmmmmmmmmmmmmmmmmmmm.........m
tt.....mmmm.....mm..................t............mmmmmmmmmmmmmmmmmmmmmmmmmmmmmmmmmmmmmmmmmmm.......................................w.wwwwwwwww..wwwwwwwwwww............t..........tttttt.........ttt......wwwwwwwwww.....rr.............tttttwwwwwwwwwwwwwwtttttttttttttttttttttttttttttttttttttttttttttttttttttttttttttttttttttttttmmmmmmmmmmmmmmmmmmmmmmmmmmmmmmmm.........m
tt..m.........m.....................ttttt..............mmmmmmmmmmmmmmmmmmmmmmmmmmmmmmmmmmmmmmmmm...................................wwwwwwwwwwwwwwwwwwwwwwwwww................................ttttt.......wwwwwwwwwwwwww..rr.....wwwwwwwwwwwwwwwwwwwwwwwwwwwwwwwwwwwwwwwwwwwwwwwwwwwwwwwwttttttttttttttttttttttttttttttttttttttttttttmmmmmmmmmmmmmmmmmmmmmmmmmmmmmmmm.........m
tt..........................tt.......ttt..........t.......mmmmmmmmmmmmmmmmmmmmmmmmmmmmmmmmmmmm....................................w.wwwwwwwwwwwwww.wwwwwwww.www...............................tttt....wwwwwwwwwwwwwwwww..rr...wwwwwwwwwwwwwwwwwwwwwwwwwwwwwwwwwwwwwwwwwwwwwwwwwwwwwwwwwwttttttttttttttttttttttttttttttttttttttttttttmmmmmmmmmmmmmmmmmmmmmmmmmmmmmmmm.........m
ttt........mm.m............ttt.......tt..........ttmmm.....m.mmmmmmmmmmmmmmmmmmmmmmmmmmmmmmmmmmmm..m.mmmm.mmmm....................w.wwwwwwwwwwwwwwwwwwwwwwwww..wwwwwwwwwwwwww........................wwwwwwwwwwwwwwwwww..rr..wwwwwwwwwwwwwwwwwwwwwwwwwwwwwwwwwwwwwwwwwwwwwwwwwwwwwwwwwwwttttttttttttttttttttttttttttttttttttttttttttmmmmmmmmmmmmmmmmmmmmmmmmmmmmmmmm.........m
ttt...tt....mm.......................t.........t..tmmmm.....m...mmmmmmmmmmmmmmmmmmmmmmmmmmmmm.mmmmmmm.mmm..mmmmm..................wwwwwwwwwwww..wwwwwwwwwwwwwwwwwwwwwwwwwwwwww.....wwwwwwwwwwwwwwwwwwwwwwwwwwwwwwwwwwwww.rr..wwwwwwwwwwwwwwwwwwwwwwwwwwwwwwwwwwwwwwwwwwwwwwwwwwwwwwwwwwwttttttttttttttttttttttttttttttttttttttttttttmmmmmmmmmmmmmmmmmmmmmmmmmmmmmmmm.........m
ttt....t.................................t.......tmmmm..........m..mmmmmmmmmmmmmmmmmmmmmmmmmmmmmm.mmm.mmmmmmm.....................wwwwwwwwwwww.....wwwwwwwwwwww.wwwwwwwwwwwwwwwwwwwwwwwwwwwwwwwwwwwwwwwwwwwwwwwwwwwwwwww.rr.wwwwwwwwwwwwwwwwwwwwwwwwwwwwwwwwwwwwwwwwwwwwwwwwwwwwwwwwwwwwttttttttttttttttttttttttttttttttttttttttttttmmmmmmmmmmmmmmmmmmmmmmmmmmmmmmmm.........m
ttt....t.......t........................tt........t.mm....mmm....m.ttt.mmmmmmmmmmmmmmmmmmmmmmmm.......m..mm.......................wwwwwwwwwwww......wwwwwwwwwwwwwwwwwwwwwwwwwwwwwwwwwwwwwwwwwwwwwwwwwwwwwwwwwwwwwwwwwwwwwrrwwwwwwwwwwwwwwwwwwwwwwwwwwwwwwwwwwwwwwwwwwwwwwwwwwwwwwwwwwwwwttttttttttttttttttttttttttttttttttttttttttttmmmmmmmmmmmmmmmmmmmmmmmmmmmmmmmm.........m
tttt....t.............t.................tt.....t........tmmmmm......tt.t..mmmmmmmmmmmmmmmmm.t...t......m..........................wwwwwwwwwwwwww....ww.wwwwwwwwwwwwwwwwwwwwwwwwwwwwwwwwwwwwwwwwwwwwwwwwwwwwwwwwwwwwwwwwwwbbwwwwwwwwwwwwwwwwwwwwwwwwwwwwwwwwwwwwwwwwwwwwwwwwwwwwwwwwwwwwwttttttttttttttttttttttttttttttttttttttttttttmmmmmmmmmmmmmmmmmmmmmmmmmmmmmmmm.........m
ttttt.........................t..........tt.........t....ttmm....m........t.mmmmmmmmmmmmmtt..t....................................wwwwwwwwwww.ww....wwwwwwwwwwww.........wwwwwwwwwwwwwwwwwwwwwwwwwwwwwwwwwwwwwwwwwwwwwwwwbbwwwwwwwwwwwwwwwwwwwwwwwwwwwwwwwwwwwwwwwwwwwwwwwwwwwwwwwwwwwwwttttttttttttttttttttttttttttttttttttttttttttmmmmmmmmmmmmmmmmmmmmmmmmmmmmmmmm.........m
ttttt......t..................tt............................t.............t.tmmmmmmmmmm....t...t..................................www.wwwwwww.w.....wwwwwwwwwww............wwwwwwwwwwwwwwwwwwwwwwwwwwwwwwwwwwwwwwwwwwwwwwbbwwwwwwwwwwwwwwwwwwwwwwwwwwwwwwwwwwwwwwwwwwwwwwwwwwwwwwwwwwwwwttttttttttttttttttttttttttttttttttttttttttttmmmmmmmmmmmmmmmmmmmmmmmmmmmmmmmm.........m
ttttt........................................................................tmmmmmmm.t.t........tt.t.............................wwwwwwwwwwww......wwwwwwwwww..............ww.wwwwwwwwwwwwwwwwwwwwwwwwwwwwwwwwwwwwwwwwwwrrwwwwwwwwwwwwwwwwwwwwwwwwwwwwwwwwwwwwwwwwwwwwwwwwwwwwwwwwwwwwwttttttttttttttttttttttttttttttttttttttttttttmmmmmmmmmmmmmmmmmmmmmmmmmmmmmmmm.........m
ttttt....................................................................t....tmmmm.t....tttt.t.ttttt.............................wwwwwwwww.ww......wwwwwwwww................wwwwwwww.......wwwwwwwwwwwwwwwwwwwwwwwwwww..rr.....wwwwwwwwwwwwwwwwwwwwwwwwwwwwwwwwwwwwwwwwwwwwwwwwwwwwwwwwttttttttttttttttttttttttttttttttttttttttttttmmmmmmmmmmmmmmmmmmmmmmmmmmmmmmmm.........m
ttt.....................ttt................t.......t.t..........................mm..t.t..tttt.tttttttt............................wwwwwwwwwww........wwwwwww...................................wwwwwwwwwwwwwwwwwwwwwwww..rr.......wwwwwwwwwwwwwwwwwwwwwwwwwwwwwwwwwwwwwwwwwwwwwwwwwwwwwwttttttttttttttttttttttttttttttttttttttttttttmmmmmmmmmmmmmmmmmmmmmmmmmmmmmmmm.........m
ttt..............................ttt....ttt.......t.t.t..................................tttttttttttttttt.........................wwwwwwwwww.....................................................wwwwwwwwwwwwwwwwwwwwww..rr.........ww...wwwwwwwwwwwwwwwwwwwwwwwwwwwwwwwwwwwwwwwwwwwwwwwttttttttttttttttttttttttttttttttttttttttttttmmmmmmmmmmmmmmmmmmmmmmmmmmmmmmmm.........m
tt....t..t...wwwww......................ttt.......tt.t......................t.......t....tttttttttttttttttt.......................w.www.www.......................................................wwwwwwwwwwwwwwwwwww....rr.............twwwtwttwwwww.wwwwttttttttttttttttttttttttttttttttttttttttttttttttttttttttttttttttttttttttttmmmmmmmmmmmmmmmmmmmmmmmmmmmmmmmm.........m
t............wwwwwwwwwww..............ttttt.......ttt........................t..t......tttttttttttttttttttt.......................wwwwwwwww........................................................wwwwwwwwwwwwwwwwww....rr...........t.ttttttt..wwwwwttttttttttttttttttttttttttttttttttttttttttttttttttttttttttttttttttttttttttttttmmmmmmmmmmmmmmmmmmmmmmmmmmmmmmmm.........m
t...........wwwwwwwwwwwwwwwwwwwwwww.tttttttt.....................................t.....ttttttttt..tttttttttt......................wwwwwwwww........................................................wwwwwwwwwwwwwwwww.....rr.........tt.tttttttttttttttttttttttttttttttttttttttttttttttttttttttttttttttttttttttttttttttttttttttttttttmmmmmmmmmmmmmmmmmmmmmmmmmmmmmmmm.........m
t...........wwwwwwwwwwwwwwwwwwwwwwwwwwwwwttt...t.................................tttt.t..ttttttttttttttt.ttttt....................wwwwwwwww......tt.................................................wwwwwwwwwwwwwwww.....rr........ttt.tttttttttttttttttttttttttttttttttttttttttttttttttttttttttttttttttttttttttttttttttttttttttttttmmmmmmmmmmmmmmmmmmmmmmmmmmmmmmmm.........m
t.............wwwwwwwwwwwwwwwwwwwwwwwwwwwwwt.t.tt..............................ttt.ttttttttttttt...tt.ttttttt....................wwwwwwwwww.....ttt.................................................wwwwwwwwwwwwwwwww....rr.........ttttttttttttttttttttttttttttttttttttttttttttttttttttttttttttttttttttttttttttttttttttttttttttttttmmmmmmmmmmmmmmmmmmmmmmmmmmmmmmmm.........m
t....tt.......wwwwwwwwwwwwwwwwwwwwwwwwwwwwwwwww.tt.............................ttttt.tttt.tt.ttt......tt.t.tt....................wwwwwwwwww....ttttt..............................................................wwww...rr.........tttttttttttttttttttt.tt.tttttttt.mmmmmmmmmmmmmmmmmmmmmmmmmmmmmmmmmmmmmmmmmmmmmmmmmmmmmmmmmmmmmmmmmmmmmmmmmmmmmmmmmmmmmmmmmmmmmmm.........m
t.....ttt......wwwwwwwwwwwwwwwwwwwwwwwwwwwwwwwwwwwww............................ttt.ttt.tttttt.................................w.wwwwwwwwww....tttt.t...t...........................................................ww...rr.........tt.t.tt.t..tttttttttttttt.t.tt...mmmmmmmmmmmmmmmmmmmmmmmmmmmmmmmmmmmmmmmmmmmmmmmmmmmmmmmmmmmmmmmmmmmmmmmmmmmmmmmmmmmmmmmmmmmmmmm.........m
tt....ttttt.....wwwwwwwwwwwwwwwwwwwwwwwwwwwwwwwwwww....ttt.......................t..tttttt....................................wwwwwwwwwwwww....tttttttttttt.........................................................ww...rr......tt.tttttt...tttt..tttt.ttt.t..ttt...mmmmmmmmmmmmmmmmmmmmmmmmmmmmmmmmmmmmmmmmmmmmmmmmmmmmmmmmmmmmmmmmmmmmmmmmmmmmmmmmmmmmmmmmmmmmmmm.........m
ttt...ttttt......wwwwwwwwwwwwwwwwwwwwwwwwwwwwwwww.............................................................................wwwwwwwwwwwww....ttttttttttttt.............................................................rr.....t..t...........tt.tttttttttttttt.....mmmmmmmmmmmmmmmmmmmmmmmmmmmmmmmmmmmmmmmmmmmmmmmmmmmmmmmmmmmmmmmmmmmmmmmmmmmmmmmmmmmmmmmmmmmmmmm.........m
ttt.....ttt.....w.wwwwwwwwwwwwwwwwwwwwwwwwwwwwwwwww..........................................................................wwwwwwwwwwwwwww....t.ttttt.tttttt...........................................................rr....ttttt...............tt................mmmmmmmmmmmmmmmmmmmmmmmmmmmmmmmmmmmmmmmmmmmmmmmmmmmmmmmmmmmmmmmmmmmmmmmmmmmmmmmmmmmmmmmmmmmmmmm.........m
ttt.....ttt..t..wwwwwwwwwwwwwwwwwwwwwwwwwwwwwwwwwwwww........................................................................w.wwwwwwwwwwwww....ttttttttttttttt..........................................................rr..........................................mmmmmmmmmmmmmmmmmmmmmmmmmmmmmmmmmmmmmmmmmmmmmmmmmmmmmmmmmmmmmmmmmmmmmmmmmmmmmmmmmmmmmmmmmmmmmmm.........m
ttt......tt........wwwww...ww......wwwwwwwwwwwwwwwwwwww......................................................................w.wwwwwwwwwwwww......tttttt.................................................................rr..........................................mmmmmmmmmmmmmmmmmmmmmmmmmmmmmmmmmmmmmmmmmmmmmmmmmmmmmmmmmmmmmmmmmmmmmmmmmmmmmmmmmmmmmmmmmmmmmmm.........m
tt.................ww................wwwwwwwwwwwwwwwwwwww.........................................t..........................ww.wwwwwwwwwwww......ttttt..................................................................rr..........................................mmmmmmmmmmmmmmmmmmmmmmmmmmmmmmmmmmmmmmmmmmmmmmmmmmmmmmmmmmmmmmmmmmmmmmmmmmmmmmmmmmmmmmmmmmmmmmm.........m
tt...t.............w.................wwwwwwwwwwwwwwwwwww.....................................................................wwwwwwwwwwwwwww.......ttt...................................................................rr..........................................mmmmmmmmmmmmmmmmmmmmmmmmmmmmmmmmmmmmmmmmmmmmmmmmmmmmmmmmmmmmmmmmmmmmmmmmmmmmmmmmmmmmmmmmmmmmmmm.........m
tt.................B..................wwwwwwwwwwwwwwwwwww...................................t................................wwwwwwwwwwwwwww........tt...................................................................rr..........................................mmmmmmmmmmmmmmmmmmmmmmmmmmmmmmmmmmmmmmmmmmmmmmmmmmmmmmmmmmmmmmmmmmmmmmmmmmmmmmmmmmmmmmmmmmmmmmm.........m
tt......tt..t......w...................wwwwwwwwwwwwwww.......................................................................wwwwwwwwwwwwwwww............................................................................rr..........................................mmmmmmmmmmmmmmmmmmmmmmmmmmmmmmmmmmmmmmmmmmmmmmmmmmmmmmmmmmmmmmmmmmmmmmmmmmmmmmmmmmmmmmmmmmmmmmm.........m
ttt......ttt.....wwww..................wwwwwwwwwwwwwwww......................................................................wwwwwwwwwwwwww.w............................................................................rr..........................................mmmmmmmmmmmmmmmmmmmmmmmmmmmmmmmmmmmmmmmmmmmmmmmmmmmmmmmmmmmmmmmmmmmmmmmmmmmmmmmmmmmmmmmmmmmmmmm.........m
ttt......tt......wwwwww..........wwww..wwwwwwwwwwwwwwwwww......................................t..t..........................ww.wwwwwwwwwwwww............................................................................rr..........................................mmmmmmmmmmmmmmmmmmmmmmmmmmmmmmmmmmmmmmmmmmmmmmmmmmmmmmmmmmmmmmmmmmmmmmmmmmmmmmmmmmmmmmmmmmmmmmm.........m
ttt..t.........wwwwwww...ww....wwwwwww.wwwwwwwwwwwwwwwwww...............................t......ttt..t........................wwwwwwwwwwwwwwww............................................................................rr..........................................mmmmmmmmmmmmmmmmmmmmmmmmmmmmmmmmmmmmmmmmmmmmmmmmmmmmmmmmmmmmmmmmmmmmmmmmmmmmmmmmmmmmmmmmmmmmmmm.........m
ttt.tt.........wwwwwwwwwwwwwwwwwwwwwww.wwwwwwwwwwwwwwwwww...................................tt..t............................wwwwwwwwwwwwwwww............................................................................rr..................................................................................................................................................m
tttttt.....w....wwwwwwwwwwwwwwwwwwwwwwwwwwwwwwwwwwwwww.............................t........ttt.t.........t..................wwwwwwwwwwwwwwwww...........................................................................rr..................................................................................................................................................m
tttttt.....w....wwwwwwwwwwwwwwwwwwwwwwwwwwwwwwwwwwww...tttt..............................ttttttt...t..........................w.wwwwwwwwwwww............................................................rrrrrrrrrrrrrrrrrrrrrrrrrrrrrrrrrrrrrrrrrrrrrr.......................................................................................................................m
tttttt.....ww...wwwwwwwwwwwwwwwwwwwwwwwwwwwwwwwwwwww....ttttt..........................tttttttttt...t.........................wwwwwwwwwwwww.wwwwwwww....................................................r........r......................r............r.......................................................................................................................m
tttttt....www....wwwwwwwwwwwwwwwwwwwwwwwwwwwwwwwwwwwww....................................tttttttt..ttt.......................w.wwwwwwwwwwwwwwwwwwwwwwwww...............................................r........r......................r............r.......................................................................................................................m
ttttt....www.t...wwwwwwwwwwwwwwwwwwwwwwwwwwwwwwwwwwwwwww..................................ttttttttt.tt.........................wwwwwwwwwwwwwwwwwwwwwwwwwwwwwwww.........................................r........r......................r............r.......................................................................................................................m
tttt......www....wwwwwwwwwwwwwwwwwwwwwwwwwwwwwwwwwwwwwwwwwwww......................t...ttttttttttttt....ttt.....................www.wwwwwwwwwwwwwwwwwwwwwwwwwwwwwwwww...................................r........r......................r............r.......................................................................................................................m
ttt......wwww..t...wwwwwwwwwwwwwwwwwwwwwwwwwwwwwwwwwwwwww............................tttttttttttttttttt..tt.......................wwwwwwwwwwwwwwwwwwwwwwwwwwwwwwwwww.www.............w..................r........rrrrrrrrrrrrrrrrrrrrrrrr............r.......................................................................................................................m
ttt.....wwww........wwwwwwwwwwwwwwwwwwwwwwwwwwww........................tt..........tttttttttttttttttttt.ttt.........................wwwwwwwwwwwwwwwwwwwwwwwwwwwwwwwwwwwwwwwwwwwwwwwwwwwwww.............r............................................r.......................................................................................................................m
tt.....wwwwww..........wwwwwwwwwwwwwwwww..tt.......ttttt...........ttttt.t.........ttttttttttttttttttttt...tt............................w..wwwwwwwwwwwwwwwwwwwwwwwwwwwwwwwwwwwwwwwwwwwwwwwww...........r............................................r.......................................................................................................................m
tt....wwwwwwwwwwww.......wwwwwwwwwwww....t..........tttt.t...........ttttt......ttttttttttttttttttttttttt................................wwww.wwwwwwwwwwwwwwwwwwwwwwwwwwwwwwwwwwwwwwwwwwwwwwwww.........r............................................r.......................................................................................................................m
t.wwwwwwwwwwwwwwwwwwwwwwwwwwwwwwwwwwwwwwwwwwwwwww....tttt....................ttttttttttttttttttttttttttttt....t.....................................................................wwwwwwwwww..........r............................................r.......................................................................................................................m
wwwwwwwwwwwwwwwwwwwwwwwwwwwwwwwwwwwwwwwwwwwwwwwwwwwwwwwwwwwwwwww...........tttttttttttttttttttttttttttttttt..ttttttt.....................................................rrrrrrrrrrrrrBBBBBBBrr.........rrrrrrrrrrrrrrrrrrrrrrrrrrrrrrrrrrrrrrrrrrrrrr.......................................................................................................................m
wwwwwwwwwwwwwwwwwwwwwwwwwwwwwwwwwwwwwwwwwwwwwwwwwwwwwwwwwwwwwwwwwwwwwwwwwwwwwtttttttttttttttttttttttttttttttt..ttttt...................................................................wwwwwww...............................................................................................................................................................................m
wwwwwwwwwwwwwwwwwwwwwwwwwwwwwwwwwwwwwwwwwwwwwwwwwwwwwwwwwwwwwwwwwwwwwwwwwwwwwtttttttttttttttttttttttttttttttttttttttttttwwwwwwwwwwwwwwwwwwwwwwwwwwwwwwwwwwwwwwwwwwwwwwwwwwwwwwwwwwwwwwwwwwwwwwwwwwwwwwwwwwwwwwwwwwwwwwwwwwwwwwwwwwwwwwwwwwwwwwwwwwwwwwwwwwwwwwwwwwwwwwwwwwwwwwwwwwwwwwwwwwwwwwwwwwwwwwwwwwwwwwwwwwwwwwwwwwwwwwwwwwwwwwwwwwwwwwwwwwwwwwwwwwwwwwwwwwwwwwwwwwwwwm
