mmmtttttttttwwwwwwwwwwwwwtttttttttttttttttttttttttttttmmmmmmmmmmmmmmmmmmmmmwwwwwwwwwwwwwwwwwwwwwwwwwwmmmmmmmmmmmwwwwwwwwwwwwwwwwwwwwwwwwwwwwwwwwwwwwwwwwwwwwwwwwwwwwwwwwwwwwwwwwwwwwwwwwwwwwwwwwwwwwwwwwwwwwwwwwwwwwwwwwwwwwwwwwwwwwwwwwwwwwwwwwwwwwwwwwwwwwwwwwwwwwwwwwwwwwwwwwwwwwwwwwwwwwwwwwwwwwwwwwwwwwwwwwwwwwwwwwwwwwwwwwwwwwwwwwwwwwwwwwwwwwwwwwwwwwwwwwwwwwwwwwwwwwwm
mmmttt.ttttwww....wwwwwwwwwwwwwtttt.......ttttttttttttttt.mmmmmmmmmmm............wwwwwwwwwwwwwwwwww..mmmmmmmm...wwwwwwwwwwwwwwwwwwwwwwwwwwwwwwwwwwwwwwwwwwwwwwwwwwwwwwwwwwwwwwwwwwwwwwwwwwwwwwwwwwwwwwwwwwwwwwwwwwwwwwwwwwwwwwwwwwwwwwwwwwwwwwwwwwwwwwwwwwwwwwwwwwwwwwwwwwwwwwwwwwwwwwwwwwwwwwwwwwwwwwwwwwwwwwwwwwwwwwwwwwwwwwww..wwwwwwwwwwwwwwwwwwwwwwwwwwwwwwwwwwwwwwwwwwwm
mmmtttt..tttt..ttttttttttttwww........t...........ttttt......mmmm....................wwwwwwwwwwww..mmmmmmm......wwwwwwwwwwwwwwwwwwwwwwwwwwwwwwwwwwwwwwwwwwwwwwwwwwwwwwwwwwwwwwwwwwwwwwwwwwwwwwwwwwwwwwwwwwwwwwwwwwwwwwwwwwwwwwwwwwwwwwwwwwwwwwwwwwwwwwwwwwwwwwwwwwwwwww.wwwwwwwwww.....wwwwwwww...wwwwwwwwwwwwwwwwwwwwwwwwww.......wwwwwwwwwwwwwwwwwwwwww....................m
w.tt.t...tttt.....tttttttwwww......t.........ttt.tttt...tt...mm........ttt.............wwwwwwww....mmmmmmmmmm...wwwwwwwwwwwwwwwwwwwwwwwwwwwwwwwwwwwwwwwwwwwwwww.wwwwwwwwwwwwwwwwwwwwwwwwwwwwwwwwwwwwwwwwwwwwwwwwwwwwwwwwwwwwwtwwwwwwwwwwwwwwmm.......wwwwwwwwwwwwwwwww...wwwwwwwwww......wwwww......wwwwmmmmmm..............................................ttttt............m
w.....t.....t....tttttt.ww......tttttt..ttt...ttttttt.tttt......mmm.....tttttt..t...wwwwwwwwwwwww...tttmmmmm....wwwwwmww...wwwwwwwwwwwwwwwwwwwwwwwwwwwwwwwwwwww.wwwwwwwwwwwwwwwwwwwwwwwwwwwwwwwwwwwwwwwwwwwwwwwwwwwwwwwwwwwwwwwwwwwwwwwwwwwmmmmmmm.......wwwwwwwwwwwww....wwwwwwwwww..................mmmmm.mmmmm.......ttttt........tt...................ttttttttt......mmmmm
w..........t.................ttttt.....ttttt..tttttt..ttttt.t..mmmmm.m..ttttttt.tt...wwwwwwwwwwwwww......mmmmm..wwwwwwwwww...wwwwwwwwwwwwwwwwwwwwwwwwwwwwwwwwww...wwwwwwwwwwwwwwwwwwwwwwwwwwwwwwwwwwwwwwwwwwwwwwwwwwwwwwwwwwwwwwwwwwwwwwmmmmmmmmmm.................w.......wwwwwwwww..................m.mmmm..........tttttt.........tttt..tttttt...........ttt.........mmmmmm
w.....r...tttt..........tttttttt...ttttttttt...ttttt.....tt.....mmmmmmm..........t....wwwwwwwwww.....rrrrttmmmm..wwwwwwwwww.wwwwwwwww...wwwwwwwwwwwwwwwwwwwwww.....wwwwwwwwwwwwwwwwwwwwwwwwwwwwwwwwwwwwwwwwwwwwwwwwwwwwwwwwwwwwwwwwwwwmmmmmmmmmmmmm..t...............................................mmmmmmmm........tttttt............ttttttttt.......................mmmmmmm
www...r...ttttttttt.....t.tt......t.ttttttttt...ttttttt.ttt........mmmmm.............wwwwwwwwwwww....rt.rttmmmm...wwwwwwwwwwwwwwwwww.....wwwwwwwwwwwwwwwwwwwww......wwwwwwwwwwwwwwwwwwwwwwwwwwwwwwwwwwwwwwwwwwwwwwwwwwwwwwwwwwwwwwwwwmmmmmmmmmmmmmm..ttt...........................................mmmmmmmmmmm.....ttttt................tttttt..........mmm.......mmm..mmmmmmm
wwww..r...tttttttttttt.tt.....t..tttttttttt..t.......ttt..tttttt....mmmmm....t.....rrrBBBBBBBBBBBrrrrrt.rtt.rrrrrrrBBBBBBBBBBBBBBBBrrr...wwwwwwwww.wwwwwwwwwww..t...wwwwwwwwwwwwwwwwwwwwwwwwwwwwwwwwwwwwwwwwwwwwwwwwwwwwwwwwwwwwwww...........mmmmm..ttttt.......................................mmmmmmmmmm.mmm.....ttt..........m....................mmmmmmmmmmmmmmm.mmmm.mmm
wwww..r...tttttttttttt..tt.....ttttttttttttt...................tt...m..mmm............wwwwwwwwwww.....t.r.t.r.....wwwwwwwwwwwwwwwwww.....wwwwwwww.wwwwwwwwwww...tt..wwwwwwwwwwwwwwwwwwwwwwwwwwwwwwwwwwwwwwwwwwwwwwwwwwwwwwwwwwwwwww.............mmmm..tttt.ttt...............................mmmmmmmmmmmmmm.mmm.....t...mmmmm...mm..................mmmmmmmmmmmmmmmmmmmmmm.mmm
wwwwwwbwwwwtttttttttttt....tttttttttttttt....tttttt.............ttt....mmmm.....tt....wwwwwwwwwwwtt..tttr.ttr...wwwwwwwwwwwwwwwwwwwww...wwwwwwwwwwwwwwwwwwwww..ttt..wwwwwwwwwwwwwwwwwwwwwwwwwwwwwwwwwwwwwwwwsswwwwwwwwwwwwwwwwwwww..............mmmmm.tttt..ttt.......tttt..................mmmmmmmmmmmmmmmmmmm........mmmmmmmmmmmmmm...........mmmmmmmmmmmmmmmmmmmmmmmmmm.mmm
mww...r..wwttttttttttttttt..ttttttttttttt...tttttttwwwwwwwwwww..tttt....mmm..........wwwwwwwwwwwww...tttr.ttr...wwwwwwwwwwwwwwwwwwwwwwwwwwwwwwwwwwwwwwwwwwww...tt...wwwwwwwwwwwwwwwwwwwwwwwwwwwwwwwwwwwwwwwsssssswwwwwwwwwwwwwwww................mmmm.ttttt..tttt....ttttttt............mmmmmmmmmmmmmmmmmmmmm........mmmmmmmmmmmmmmmmm......mmmmmmmmmmmmmmmmmmmmmmmmmmmmm..mmm
mmww..r.....ttttttttttttttt..tttttttttttt...ttttttwwwwwwwww....tt..tt...mm...........wwwwwwwwwwwww.....tr.t.r...wwwwwwwwwwwwwwww.wwwwwwwwwwwwwwwwwwwwwwwwwww...tt...wwwwwwwwwwwwwwwwwwwwwwwwwwwwwwwwwwwwwwwsssssssswwwwwwwwwwwwww.................mmm.ttttt...ttt....ttttttttt.........mmmmmmmmmmmmmmmmmmmmmm.mmm.....mmmmmmmmmmmmmmmm....mmmmmmmmmmmmmmm............mmm..mmmm
mmm.m.rrrrrrrr......tttttttt..ttttttttt.....ttttttwwwwww.....ttt....t...m..............wwwwwww.www.....trrrrr......wwwwwwwwwwww....wwwwwwwwwwwww..wwwwwwwwt....t.....wwwwwwwwwwwwwwwwwwwwwwwwwwwwwwwwwwwwwwsssssssssswwwwwwsssswww................mmm..ttttt..ttttttttttttttttt.......mmmmmmmmmmm.....mmmmmm..mmmm......mmmmmmmmmmmmm....mmmmmmmmmmmmmm......mmm..mm...m.mmmmm
t.m.mm...m...r......ttttttt....ttttt.tt.......wwwwwwwwwwwwwwtt......tt.....rrr....t....wwwww...www.....tt..........wwwwwwwwwwwww.w.wwwwwwwwwwwww.wwwwwwwwwt..........swwwwwwwwwwwwwwwwwwwwwwwwwwwwwwwwwwwwsssssssssssssssssssssssww................mm...ttttt.tttttttttttttttttt......mmmmmmmmmm...mm..mmmmm.mmmmmmm.....mmmmmmmmmmm....mmmmmmmmmmmm.....mmmmmmmm.mmmm...mmmmm
t...mmmmmmmm.r...m..............ttt...t.....wwwwwwwwwwwwww..t.......ttt....rrr....tt...wwwww...www....ttttt.......mmwwwwwwwwwwwwwwwwwwwwwwwwwwwwwwwwwwwwwtt...tt.....ssswwwwwwwsswwwwwwwwwwwwwwwwwwwwwwwwssssssssssssssssssssssssss................mm....tttt.tttttttttttttttttt......mmmmmmmmm...mmmm.mmmm..mmmmmmmm.....mmmmmmmmm....mmmmmmmmmmm.....mmmmmmmmmm....mm..mmmmm
tt...mm.mmm..r..mmmm............ttt.......wwww..................t...t..tt..rrr....tt..wwwwww..wwww..ttttt......m.mmwwwwwwwwwwwwwwwwwwwwwwwwwwwwwwwwwwwwwwtt...ttt......sswwwwwsssswwwwwwwwwwwwwwwwwwwwwwwsssssssssssssssssssssssssss....wwww......mmm......tttttttttttttttttttttt.....mm.mmmmmm.mmmmmm.mmmm..mmmmmmmmm.....mmmmmmmm...mmmmmmmmmmm...mmmmmmmmmmmmmmmm..m...mmmm
tttt.....m...r..mmmm........t.t.........wwwwww................ttt..tt.......r....tt...w..wwwwwwww.ttttt..m.mmmmmmmmwwww...wwwwwwwwwww.w.wwwwwwwwwwwwwwww.tt....ttt..t...sssssss..sswwwwwwwwwwwwwwwwwwwwwwsssssssssssssssssssssssssss..wwwwwwww....mmmm.....tttttttttttttttttttttt.....mmmmmmmmm.mmmmmm.mmmm..mmmmmmmmmm..m...mmmmm....mmmmmmmmmm..mmmmmmmmmmmmmmmmmmm.mm..mmmm
tttttt.......r.m.m.m...mmm..t.t....ttttwwwww....tttttt.....tttt....ttt...tt.r........ww..wwwwww.mmmmmmmmmmmmmmmmmm........wwwwwwwwww.....wwwwwwwwww...ww.tt....ttt...t............sswwwwwwwwwwwwwwwwwwwwwwwssssssssssssssssssssssss..wwwwwrrrrr....mmmm.....ttttttttt........ttttt.....mmmmmmmm.mmmmmm.mmmm..mmmmmmmmmmm......mmmm...mmmmmmmmmm..mmmmmmmmmmmmmmmmmmmmmmm..mmmm
ttttttttt....r.mmm....mmm...ttt....ttttwww....ttttt....t...ttt...ttt.tt.....r.....wwwwwwww.....mmmmmm..mmmmm.m.mm..........................wwwwwwww...w.tttt...ttt....tt...........sswwwwwwwwwwwwwwwwwwwwwwwwwssssssssssssssssssss..wwwwwwrrrrr.....mmmmm....ttttttt...........ttt.....m.mmmmmm.mmmmmm.mmmmm..mmmmmmmmmmmm..m........mmmmmmmm....mm.....mmmmmmm...........mmmm
tttttttttttt.r......................wwwwww...tttt.....tt.......ttt..........r....wwwwwww........tttttttt..m.....m...tt.t........tttttttt.................ttt........t...t...........swwwwwwwwwwwwwwwwwwwwwwwwwwwwwwwssssssssssss..wwwwwwwwrrrrr......mmmm.....ttttt.............ttt....m.mmmmmm.mmmmmm.mmmmm..mmmmmmmmmmmmm..........mmmmmmm....mm......mmmmmm....mm......mmmm
tttttttt.....rrrrrrrrrrrr......wwwwwwww..tttttt.....tt........tt.........t..r...wwww............tttttttttt.........t.ttttt....tttttttttttt..rrrrr.........ttt..............t........sswwwwwwwwwwwwwwwwwwwwwwwwwwwwwwwwwwsssswwwwwwwwwwwwwwrrrrrrr.....mmmm....tttt.....................mmmmmmmm.mmmmmm.mmmmmmmmmmmmmmmmmmmmmm...................m...mmm.mmmmm..mmmmmmmmmmmmmmm
tttttt.................rr....www.wwww...tttttt...t..........ttt.....tttttt..r....wwww.....tt......tttttttt....t....tttttttttt..t.ttt....t.....r..........tttt........................sswwwwwwwwwwwwwwwwwwwwwwwwwwwwwwwwwwwwwwwwwwwwwwwwwwwrrrrr.r.....mmmmm.....tt......................mmmmmmm.mmmmmm..mmmmmmmmmmmmmmmmmmmmmmmmmmmmmm......mmmmm..mmmm.mmmm..mmmmmmmmmmmmmmmm
ttttttttt.........www.trr.wwwwwww.......tttttt...tt..tttt...t....tttt.......r....www.....ttt.........tttttt...tttt..tttttttt..t.tt............r....ttt......t.....ttttttt.............ssswwwsswwwwwwwwwwwwwwwwwwwwwwwwwwwwwwwwwwwwwwwwwwwwrrrrr.r.......mmm............mmm....mm........mmmmmmm..mmmmm..mmmmmm..mmmmmmmmmmmmmmmmmmmmmmmmmmmmmmmm..mmmm..mmmm..mmmmmmmmmmmmmmmm
ttttttt........wwwwwwwwbbwwwww......tt..tttttt....tt.tttt...t..ttttt........r....wwww..ttttt.........tttttt...ttt...ttttt..ttt.tt...rrrrrrrrrrrrrrrrrrr..t......tttttttttt.............ssssssssswwwwwwwwwwwwwwwwwwwwwwwwwwwwwwwwwwwwwwwwwwww.w..r.......mmmm...........mmmmmmmmm........mmmmmmmm.mmmmm...mmm...mmmmmmmmmmmmmmmmmmmmmmmmmmmmmmmm..mmmmm..mmmm..mmmmmmmmmmmmmmmm
ttttwwwwwwwwwwwwwwwwwwwbbw..........t...........t..t..ttt..t...tttt....tttt.r.....ww...tt............ttttttt.......tttt..t.....t....r.........r..r..r.r........ttttttttttttt............sssssssssssswwwwwwwwwwwwwwttwwwwwwwwwwwwwwwwwwwwww......r........mmmm.........mmmmmmmmmmmmm.....mmmmmmmm.mmmmmm.......mmmmmmmmmmmmmmmmmmmmmmmmmmmmmmmm...mmmmm..mmmm..mmmmmmmmmmmmmmmm
wwwwwwwwwwwwwwwwww.....rr..................t.tttt..........t...tt...........r.....ww...............tttttt..........t.tttt......t....rr....ww..r..r....rt..t...ttttttttt..ttttt..................ssssssssswwwwwwwwwtttwwwwwwwwwwwwwtt..wwwww.....r........mmmm.........mmmmmmmmmmmmmmmm...mmmmmmm.mmmmmmmmmmmmmmmmmmmmmmmmmmmmmmmmmmmmmmmmmmmmm..mmmmmm..mmmm..mmmmmmmmmmmmmmmm
wwwwwwwwwttttttt.......rrrrrrrrrrrrrrrrr.ttt.ttt................ww.www......rrrrrrBBrrrrrrrrr...ttttttttt........t....t....t........r.....ww.....r....rtt.t...tttttttt......tttttt.................................ttttwwwwwwwwwttt.....www.....r........mmmmm.....mmmmmmmmmmmmmmmmmmmm..mmmmmmm.mmmmmmmmmmmmmmmmmmmmmmmmmmmmmmmmmmmmmmmmmmmmm.mmmmmm..mmmmmm..mmm......mmmmmm
tttttttttttttttttt.....................r.tt...........wwwwwww.wwwwwwwwwwww..r.....ww........r.t....tttt..rrrrrrrrrrrrrrrrrrrrrrrrrrrr.................rtttt...ttttttttttt...tttttttttt.............................ttttttwwwwwtttt......www.....rrrrrrrr..mmmmm....mmmmmmmmmmmmmmmmmmmmm..mmmmm..mmmmmmmmmmmmmmmmmmmm...mmmmmmmmmmmmmmmmmmmmm..mmmmm...mmmmmmm......mm...mmmmm
ttttttttttttttttttttttttt........ttt...r.tt...wwwwwwwwwwwwwwwwwwwwwwwww.w...r...wwww.....t..r.t..........r.........t.....ttt.t......r.r.r.............rtttt.....ttttttttt....tttttttttttt............................tttttwwttttt.......w..............r..mmmmmm...mmmmmmmmmmmmmmmmmmmmmm........mmmmmmmmmmmmmmmmm....mmmmmmmmmmmmmmmmmmmmmmm..mmmm..m..mmmmmmmmmmmmmmm..mmmmm
ttttttttttttttttttttttttttt......tttt..r.tt.wwwwwwwwwwww.www.wwttwwww.......r...wwwww....tt.r.tt..tttt...r.......t..tttttt..........rrrrrrr.........r.rt.t...t......ttttrrrr..tttttttttt.tttttttttt....................tttttttttt......ww..............r...mmmmmmmmmmmmmmmmmmmmmmmmmmmmmmmmm....mmmmmmmm.mmmmmmmm....mmmmmmmmmmmmmmmmmmmmmm...mmmm..mmm.mmmmmmmmmmmmmmm..mmmmm
tttttttttt..tttttttttttttttt.tt........r.tt.wwwwwwwwwwwww.w.....t.t.............w.wwww...tt.r............r....tttttttt..............r...............r.r..............trrrttrr.tttttttttttttttttttttttt.rr...............tttttttttt.....ww..............r...mmmmmmmmmmmmmmmmmmmmm...mmmmmmmmmmmm.mmmmmmm..mmmmmmm....mmmmmmmmmmmmmmmmmmmmmmm..mmmmm.mmmm...mmmmmmmmmmmm...mmmmm
ttttttttttt..tttttt....tttttttttt......r.tt.wwwwwwwww.........tt.....tt.....mmm..wwww.......rrrrrrrrrrrrrr...ttttttttt..............rrrrrrrrrrrrrrrrrrrrrrrrrrrrrrrrrrrtttttr.ttt..tttttttttttttttttttttr..............ttttttttttt......w..............r....mmmmmmmmmmmmmmm.........mmmmmmmmmm..mmmmmm..mmmmmmm....mmmmmmmmmmmmmmmmmmmmmmm...mmmmmmmmmm.....mmmmmmmmm...mmmmmm
tttttttttttt...ttt..ttttttttttttttttt..r.....wwwwwwwwwwwwww..tt...........m.mmm..wwwm...mm...............r..ttttt........................wtttwwwttt...............ttttttttttr.ttt...trrrrrrtttttttttttttrt.............ttttttttttt......ww.............r.....mmmmmmmmmmmmm.....m.....mmmmmmmmm..mmmmm..mmmmmmm....mmmmmmmmmmmmmmmmmmttttt...mmmmmmmmmmm.mmm...........m..mmmmm
tttttttttttttt....tttttttttttttttt.....r.......wwwwwwwww............t......mmmmmmwwwmmmmmmm...ttt....tt..r..tttt..tt.t..ttt.tttt.t......wwwwwwwwww.............ttttttttttttrrtttt....rtttttrrtttttttttttrttt..........tttttttttttt....ttww.............r......mmmmmmmmmmm....mmmm....mmmmmmmm..mmmmmm.mmmmmmmm....mmmmmmmmmmmmmmmmmttttt....mmmmmmmmmm..mmmmmmmmmmmmmmmm..mmmm
ttttttttttttt....tttttttt..ttttttt...t.r...........................r..t..m.mmmmmmwwwmmmmmmm...tttt..ttt..r..tttt..ttttttttttttt........wwwwwwwwwwwwwwww....tt.ttttttttttttrrttttt....rttttttrrrtttttttttrttttt..t.tttttttttttttttttt.t.ttwwtt..........r......m.mmmmmmmmm..mmmmmmm...mmmmmmmm.mmmmmm..mmmmmmmm..m.mmmmmmmmmmmmmtttttttt......mmmmmmmmm..mmmmmmmmmmmmmmmm..mmmm
tttttt...ttt.........ttt.t.tttttttttt..rrrrrrrrrrrrrrrrrrrrrrrrrrrrtrrrr.m.mmmmmwwwwmmmmmmmmmm....ttt....r..tttttttttttttttttttt.t....wwwwwwwwwwwwww.....t.ttttttttttttrrrrttttttt...rttttttttrrrttttttrrttttttttttttttttttttttttttttttt.twwwww........rrr....mmmmmmmmm...mmmmmmmm...mmmmmmm.....mmm.mmmmmmmmmm...mmmmmmmmm..ttttttt..........mmmmmmmm..mmmmmmmmmmmmmmmm...mmm
tttttttt..tt.....ttt..t..t.ttttt..ttt.tr...........................tttt..mmmmmmwwwwwmmmmmmmmmmm........t.r..tttttttttttttttttttttt........wwwwwww.......tttttttt..tttrrrtttttttttt...rttrrrtttttrrtttttrtttttttttttttttttttttttttttttttttttttwwww........r....mmmmmmmmm.m.mmmmmmmm...mmmmmmm......m..mmmmmmmmmm.....mmmmtttttttttttttttttt.....mmmmmmm.mmmmmmmmmmmmmmmmmm..mmm
ttttttttt.....ttttttt.t.tt.ttt.t...tt..r..tttt..t......ttt........t.ttttmmmmmmmwwwwwmmmmmmmmmm...........r..ttttttttttttttttttttt........................tttttttt...trtttttttttttt...rrrrtrrtttttrrrttrrttttttttt.tt..tttttttttttttttttttttttttwwwwt.....r....mmmmmmmmm..mmmmmmmmm....mmmmmmmmmmm....mmmmmmmmmmm.....mmtttttttttttttttttttt....mmmmm...mmmmmmmmmmmmmmmmmmm.mmm
t.tttttt...tt..tttttt...tt.ttt.....t...r..t.tttttt....ttttt.......tmttttmmmmmmmwwwwwmmmmmmmmmmmmmmm.m....rrrrrrrrrrrrrrrrrrrrrrrrrrrrrrrrrrrrrrrrrr......ttt.tttt...rrttttttttttttt.tttttttrtttttttrrrrtttttt.........tttttttttttttttttttttttttwwwwwt....rrr..mmmmmmmmm..mmmmmmmmm..m.mmmmmmmmmmmmmmmmmmmmmmmmmm......ttttttttttttttttttttttt...mmmmmmmmmmmmmmmmmmmmmmmmmmmmmm
t..ttt...ttttt......tt....tttt..t..tt..r.........tttt....ttt....mttmmmmmmmmmmmwwwwwwmmmmmmmmmmmmm.m.mm......tttttttttttttttttt....................r...........tttt..rtttttttttttttttttttttrrttttttttttttt..........tttttttttmmmmmmtttttttttttttt.ttwwt.....r...mmmmmmmm..mmmmmmmmmm.m..mmmmmmmmmmmmmmmmmmmmmmmmm...t...ttttttttttttttttttttttt...mmmmmmmmmmmmmmmmmmmmmmmmmmmmm
tt.tttttttttttttttt.......ttttt.tttt...rr...tt.................tmmtmmmmmmmmmmwwwwwmmmmmmmmmmmmmmmmmm.m...t.t.ttttttttttttttttt.t.............................t.ttt..rttttttrrrrrrttttttttrrttt.ttttttttt....ttttt..ttttttttmmmmmmmmtttttttttttttt.twwt.....r...mmmmmmmm...mmmmmmmmm....mmmmmmmmmmmmmmmmmmmmmmmm.....ttttttttttttt...tttttttt.......mmmmmmmmtttmmmmmmmmmmmmmm.m
tt.tttttttttttttttttt.....tttt..tt.tt..r...tt...t.........t....ttt.mmmmmmmmmmwwwwwmmmmmmmmmmmmmmmmmmmmm..tt...tttttt..tttttttt.....t.ttttttttttttt.ttttttt.....tt..trttttrrrttttrrrtttttrrrrrrrr.tttttt.....ttttt.tttttttmmmmmmmmmmtttttttttttttttttwwt....r...mmmmmmmmm....mmmmmmmm......mmmmmmmmmmmmmmmmmmmmmmm...tttttttttt........tttttt......mmmmmmm..ttttttmmtmmmmmmmmmm
tt.tttttttttttttttttt....ttttt....tttt.r...t....ttttttttttt.....mmtm.mmmmmmmmwwwwmmmmmmm.mmmmmmmmmmmmmm.........ttttt..tttttttt......t...t.....t.t.......t.....tttttrrttrrttttttttrrrrtrr...tttrr.tttttrrr..tttttttttttmmmmmmmmmmmmmtttttttttttttttttwt....r...mmmmmmmmmm...mmmmmmmmm.....mmmmmmmmmmmmmmmmmmmmmmmmt......tt............tttt........mmmmm....tttttttt.t..mmmmmm
tt.tt..........ttt.tt..t..........t.t..r.......ttttttttttttt.....tt...mmmmmwwwwwwmmmmm......mmmmmmmmmmm....r....tttttt..tttttt.......t.t.t.t.t.t.ttttt.t.t......tttttrrrrttttttttttttrrrtt..ttttr.ttttrrtr.tttttttt.mmmmmmmmmmmmmmmmtttttttttttttttttww....r...mmmmmmmmmmm...mmmmmmmmm.....mmmmmmmmmm.....mmmmmmmmmtttt.......ttttttt.................m........ttttt....mmmmmm
m..ttt...ttt.......ttttt...............r....tttttttttttttttttt..t.........mwwwwwwmmmm........mmmmmmmmmmmm..r.t...ttttt..ttttttt......t.t.t.t.t.t.....t.t.t.....ttttttttttttttt.tttttttttttttttttrrtttrrttrttttttttmmmmmmmmmmmmmmmmmmttttttttttttttttttw....r...mmmmmmmmmmmm...mmmmmmmm.........mmm......m..mm...mmmmmtttt...ttttt.mtttttttt...mmm.........t.....tttttt...mmmmm
m...tt.....tttttttt.........tttttt.....r....ttttt..ttt.tttttttt........m..wwwwwmmmmmmm.........mmmm...mmm..r.t.ttt.tt..ttttttttttt...t.t.t.t.t.ttttt.t.t.t...t..tttttttttttt.....ttttttttttttttttrrtrrttrrtttttttttmmmmmmmmmmmmmmmmmmtttttttttttttttttw....r...mmmmmmmmmmmmm....mmmmmmmm......................m..mmmmmmtttttttmmmmmmttttttttmmmmmmm......ttt.tttttttt...ttmmmm
m..........................tttt........r..tttttt...ttt.....ttttt....t....mwwwww..mmm....rrr...........mm...r.ttt...t...ttttttttt.....t.t...t.t.........t.t......tttttttttttt...rrrrrrrttttttttttttrrrtttrttttttttmmmmmmmmmmmmmmmmmmmtmtttttttttttttttww....r...mmmmmmmmmmmmmmmm...mmmmmmmmmmmmmmmmmmmmm.....m........mmmmmmmmmmmmmmmmmmmmmmmmmmmm......ttttt.tttttttt.tttttmmm
mm.....mm..wwww...........tttt.....tt....tt..ttt.t..t......tttttt..tt.....www.............r.......mmmmmm......ttt.....t.tt.t.........t.t.ttttttttttttttt.t......ttttttttttttt..rtttttrrrtttttttttttttttrrttttttttmmmmmmmmmmmmmmmmmmmmtmttttttttttttttwwt...r...mmmmmmmmmmmmmmmmmm.mmmmmmmmmmmmmmmmmmmmmmm..............mmmmmmmmmmtmmmmmmmmmmmmmm...t...ttttt..ttttttt.tttttmmm
mm......mmm..wwww...............................t..........tttttt..tt.....www.............r......mmmmmmm........t..t.................t.t.t...............t........tttttttttttt.rrttttttrrrrrrrttttttttrrtttttttmmmmmmmmmmmmmmmmmmmmmmmtmtttttttttttttwwt...r...mmmmmmmmmmmmmmmmmm.mmmmmmmmmmmmmmmmmmmmmmmm...............mmmmm..tttmmmmmmmmmmmm...tt..ttttt...ttttttt.tttttmmm
mmm.m...mmmmm.........tt..t...www................t.........tttttt.tt....wwww......ttttt...rrrrrrrr.mmm.....r..w.......ttt..ttttttttttt.t.ttttttttttttttt.t........ttttttttttttttrttttttttttttrrrrrrrrrrtttttttttmmmmmmmmmmmmmmmmmmmmmmtmtttttttttttttwwt...r..mmmmmmmmmmmmmmmmmmm.mmmmmmmmmmmmmmmmmmmmmmmm...m.............m...tttt............tttt..ttttttt...tttttt.tttttmtm
mmm.mmmmmmmmm.m...t..ttt..t...wwwwwwwww......t....rrrrrrr...ttttt.......wtww.....tttttt..........r.........r..w....t..ttt..t...........t.t...............t.........tttttttttttttrrtttttttttttttttttttttttttttttmmmmmmmmmmmmmmmmmmmmmmmtmtttttttttttwwwwt...r..mmmmmmmmmmmmmmmmmm..mmmmmmmmmmmmmmmmmmmmmmmmm......ttttt........tttt....t......ttttt...tttttttt..tttttt..ttttttm
mmmmmmmmmm..m........tt......wwwwwwwww......ttt...rrrrrrr...tttttt..ttt.wtwww....ttttttt.........r.........r..ww...t..t....tttttttttttttttttttttt.ttttttttmmm........ttttttttttttrrrrt.....tttttttttttttttttttmmmmmmmmmmmmmmmmmmmmmmmmmttttttttttttwwwtt...r..mmmmmmmmmmmmmmmmm..mmmmmm.........mmmmmmmmmmmmmm.....tttt........tt..tttt.....tttttt..tttttttttt..tttttt..tttttm
m.mmmmmmmmm.m..............t.wwwwwwwww...tt..tt...rrrrrrr....ttt..t.ttt.wtwww...tttttttt...tt....rrrrrrrrrrr.www..ttt......t.............................tmmm.t........ttttttttttt..rrrrrrrrrtttttttttttttttttmtmmmmmmmmmmmmmmmmmmmmmttttttttttttwwwwwt....r..mmmmmmmmm.........mmmmmm...mmmmm.....mmmmmmmmmmmm.....tttt.....t..t..t.....tttttttt....tttttttttt...ttttt.tttttm
m..mmmmmmmm....t.........ttttwwwwwwwwwtttttt......rrrrrrr...tttt.t..ttt.wtww....tttttttt...ttt...r...........www..tt.t...ttt.tttttttttttttttttttttttttttttmmm.ttt..ttt...ttt.tttttttttttt.ttrrrrttttttttttttttttmmmmmmmmmmmmmmmmmmmmmmtttttttttwwwwww......r...mmmmmm..........mmmmmm..mmmmmmmmm........mmmmmmmmm...tttttttttt..ttt....tttttttttt.....tttttttttt...tttt..ttttm
m..mmmmm.mmmt......t......ttttwwwwwwwwttttt..........r....t.ttt...ttttt.twwww....ttttttt....tt...r....t.....wwww...t.....t.t.t.................t.t.......tmmm..tttttttt..tttt..ttttttttttttt...rrrr.tttttttttttmmmmmmmmmmmmmmmmmmmmmmttttttttwwwwttt.......r...mmmmm.m.mmmmmmmmmmmmm..mmmmmmmmmmmmmmm....mmmmmmmmmm.ttttttttt..ttt....ttttttttttt........ttttttt...ttttt.ttttm
mm..m.m.mmmmmmm.t........ttttwwwwwwwwwtttttt...t..t..rtt.....t....tttt..twwwww....tttttt....tt...r.ttt......wwww.......t.t.t.t.t..tttttttttt.t.t.t.......tmmmmmmttttttt..tttt.....ttttttttttttttttrrr.tttttttttmmmmmmmmmmmmmmmmmmmmmtttttttttwwwttt........r...mmmm...mmmmmmmmmmmmmm..mmmmmmmmmmmmmmmmm..mmmmmmmmmm.tttttttt..ttt....ttttttttt.t............ttttt..tttt..ttttm
mm....m.m.mmmm........rttttttttwwwtwwttttttttttt.....r............ttt...tt.wwww...ttttt.....tt...r.ttt......wwww..t..ttt.t.t.t.t..t....t.t...t.t.t.ttttt.tmmmmmmtttttt....tt..ttt...ttttttttttttttt.rr.tttttttmtmmmmmmmmmmmmmmmmmmmmtttttttttww............r.....m..m.mmmmmmmmmmmmmm.mmmmmmmmmmmmmmmmmmm.mmmmmmmm.tttttttt....tt....ttttttt.....t.t................tttt..ttttm
mmmm..m....mmmm......rrrttttttttwtttttttttt.tttt.t.ttr...t.t..........tttt.wwwww..ttttm...m......r.ttt.....wwww..tt...tt.t.t.ttttttttt.t.t...t.........t.tmmmmmmmttttt.......tttt....ttttttttttttttttrrrttttttttmmmmmmmmmmmmmmmmmmmmtttttttwwwt............r.........mmmmmmmmmmmmmm..mmmmmmmmmmmmmmmmmmmmmmmmm.mm.tttttttttt.....t..tttt....t..tttttttt........tt.ttttt..ttttm
mmm.....mm..m......ttttrrrrttttttttttttttttt..t.t...tr...ttt..........tttttwwwwtttttttt.mm.......r..tt.....wwww..tt......t.t.......t...t.tttttttt.tttt.t.tmmmmmmmtttttt.......tttt...ttttttttttttttttttr.ttttttttmmmmmmmmmmmmmmmmmm.tttttttwwwt............r........mmmmmmmmmmmmmmm..mmmmmmmmmmmmmmmmmmmmmmmmm.mm..tttttttttttttttt........t...tttttttttt....tt.tttttt...ttttt
mmmmmmmmmm..........ttttt.rr....ttt.....tttt.tt......rt...tt...t...........wwwwww.....m.mmmm.....r..tt.....ww..t...tt....t.tttttt.tttt.t.....t.......t.t.tmmmmmmmmmttttttt.tt.tttt...ttttttttt..tttttttr.ttttttttttmmmmmmmmmmmmmmmmtttttttwwwt....rrrrrrrrrrrrrrr.mmmmmmmmmmmmmmmmmm.....mmmmmmm.mmmmmmmmmmmmmmmm.....t.tt..tttttt.......ttt.ttttttttttt....tttttttttt.....ttt
mmmmmmmmmmmmm........ttttttrrr..tt............t.rrrrrrrrrrrrrrrrrrrrrrrrrrrBBBrrrrrrr..mmmmmm....r.........ww.....tttt...t.t...t.........ttt.t.ttttt.t.t.tmmmmmmmmmmttttttttt.ttt....tttttt...tt...t..rr.ttttttttttttttmmmtttmmmtmttttttttww......r.............r.mmmmmmmmmmmmmmmmmm..mmm...mm.....mmmmmm..mmmmmm.....................tttttt.tttttttttt....ttttttttttt..t..ttt
mmmmmmmmmmmmmmmmm.......tttttr.ttt..............r..t.....................wwwww......r.m.mmmmm.m..r........www....tttt...mt.t.t.t.ttttttttt.ttt.t.....t.t.tmmmmmmmmmmmmmmmm..........tttt.......t.rrrrrr.tttttttttttttttttttttttttttttttttwwt......r......t.t....rrr.mmmmmm............m.mmm........mmmmmm.rrrrrrrrrrrrrrrrrrrrrrrrr..ttttttt.ttttttt......tttttttttttt.ttt..tt
mmmmmmmmmmm...mm.......tttttrrttttrrrrrrrrrrrrrrr.ttt...ttt.........tttttwwwwwwww...r....mmm...m.r.....wwwwww..tttttt...mt.t.t.t.............t.t.ttttt.t.tmmmmmmmmmmmmmmmm...tt..tttt.....rrrrrrrr.....ttttttttttttttttmtttttmtttttttttttwwt......r......tttttt...r.mm....mmmmmm........mmm..mm....mmmmmm.r..m....................r.tttttttttttttttt.....tttttttttttt..ttt..tt
mmmmmmmmmmmmmmmmm....tttttt.r.ttttr.tttt.....tttr.ttt.t.ttttttttt..tttttwwwwwwwwwww.rrrrrrrrrrrrrr.wwwwwwwww..tttttt...mmt...t....tttttttttt...t.......t.tmmmmmmmmmmmmmmmm..tttttttt......r......t....t..ttttttttttttttttttttttttttttttttwwttt....r....ttttttttt..r.................................mmmmm.r.m..m..tt..tttt....ww..r.ttttttttttttttttt....tttttttttttt..ttttttt
mmmmmmmmmmmmmmmmm....tttttt.rrttttr.tttt.....tttr.ttttttttttttttt..tttttwwwwwwwwwww.rrrrrrrrrrrrrr.wwwwwwwww.ttttttt..mmmt...t....tttttttttt...t.......t.tmmmmmmmmmmmmm....ttt............r......tt....tttttttttttttttttttttttttttttttttwwwttt....r....tttttttttt.rrrrrrrrrrrrrrrrrrrrrrrrrrrrrrrrr.mmmmmmr..mm...tttt.....wwwww..rtttttttttttttttttt....ttttttttttttt.ttttttt
mmmmmmmmmmmmmmmmmmttttttt....rr.trr.tt...ttt....rtttttttttttttttttttttwwwwwwwwwwwwwwwwwwwwwwwwwwwwwwwwwwwwwttttttttttmmmmttttttttttmmmmmmmmttttttttttttt...mmmmmmmm............tt.........r.mm....mttt.tttttttttttttttttttttttttttttttttwwttttt...r..ttttttttttttt................................r..mmmm.r.mmmm........wwww..www.r.tttttttttttttttttt....tttttttttttt.ttttttt
mmmmmmmmmmmmmmmmmmmm.m..ttt..trrrr.......tttttttrttttttttttttttttttwwwwwwwwwwwwwwwwwwwwwwwwwwwwwwwwwwwwwttttttttttttmmmmmmmmmmmmmmmmmmmmmmmmmmmmmmmmmm......mmmmmm.........tttttt.........r.mmm..mmmmmmmmmttttttttttttttttttttttttttttttwwtttttt..r..ttttttttttttttttt.................tt......w..rrr..tm.r.mmmm.m...wwwwwwwwwww..rtt.tttttttttttttttt....tttttttttttt.ttttttt
mmmmmmmmmmmmmm...mm....tttttttttttttttttt.ttttttrrr.ttttttttttttttwwwwwwwwwwwwwwwwwwwwwwwwwwwwwww.......ttttttttttttmmmmmmmmmmmmmmmmmmmmmmmmmmmmm............mmmmmmm......ttttttt....tt.rrr.mmmm.mmmmmmmmmmmttttttttttttttttttttttttttttwwtttttt..r..tttttt.ttttttttttttttttttt..tttttttt..t...ww...rrr.mtr..mmm...wwwww....wwww..r......tttttttttttttt...tttttttttttt.ttttttt
mmmmmmmmm.....m.......ttttttttttttttttttttttttttttrrr.tttttttttwwwwwwwwwwwwwwwwwwww...................tttttttttttttttttt........mmmmmmmmmmmmmmmm........mmmmmmmmmm.tt....tttttttt....ttrr...mmmmmmmmmmmmmmmmmttttttttttttttttttttttttt..ww.ttttt..r.tttttttt.tttttttttt.ttttttttttttttt....t...www....rmm.r.mmm...wwww......wwww..r.t..ttt.tttttttttttt....ttttttttttt..tttttt
mmmmmm....m..........tttttttttttttttttttttttttttttttrrttttttttwwwwwwwwwwwwwwww..........mmmmmmmm......ttttttttttttttttttttttt......mmmmmmmmmmmmmmmmmmmmmmm.........tt...tttttt......ttrr.m.mmmmmmmmmmmmmmmmmmmtttttttttttttttttttttttt...w...t.t..r.tttttt....tttttttttt..t....tttttt.....ttt...wwwww.rmm.r.mm...wwww.....wwwww...r...ttt..tttttttttttt....tttttttttt...tttttt
mmmmmmmm.............ttttttttttttttttttttttttttttttttr.tttttttwwwwwwwwwww.............mmm.mmmmmt....tttttttttttttttttttttttttttttttttttmmmmmmmmmmmmmmmmttt...ttt...tt..tttttt......tt.r.mm.mmmmmmmmmmmmmmmmmmmmtttt..tttttttttttttttt.t..ww...tt..r.ttt..t......tttttttt..................tttt..wwwww.r...r......www.....wwwwww.t.r...ttt...ttttttttttt....ttttttttttt...ttttt
mmmmmmmmmmm..mm...m...tttttttttttttttttttttttttttttttr.tttttttttwwwwww....t.......mmmmmmmmmmtttt...ttttttttttttttttttttttttttttttttttttttmmmmmmmmmmmttttttttttttttttttttttttt......t..r.mmmmmmmmmmmmmmmmmmmmmmmmttt.ttttt.ttt.ttttt..t...ww....t..r.t.............ttttttt................ttttt..wwww..rrrrr.mwwwwww......wwwwww...r..tttt...tttttttttttt....tttttttttt.t.ttttt
mmmmmmmmmmmmmm........ttt..mm..ttttt....ttttttttttttrrtttttt..ttttt....ttt...mmmmmmmmmmt....tt.....ttttt........tttttttttttttttttttttttttttmmmmmmmtttttttt.ttttttt.tttttttt.......tt..r.mmmmmmmmmmmmmmmmmmmmmmmmm....ttt.ttttt.....t.....w........r........ttt....tttttttt........mmm..ttttttt..www..m......wwwwww......wwwwwww...r..tt......ttttttttttt....tttttttttt...ttttt
mmmmmmmmmmmmmmmmmm........mmmm...tt........tttttttttrtttttttt...ttt...tttt...mmmmmmmtttt...........ttt........t.....ttttttttttttttttttttttttttttttttttttttt.......tt...tttt......tt...rr.mmmmmmmmmmmmmmmmmmmmmmmmm......t.ttt.t.t.t.....ww........r........tttt....tt.ttttttt...mmmmmmm.tttttt...www.w..www.wwwwww..wwwwwwwwwww...r..........ttttttttttt....tttttttttt..tttttt
mmmmmmmmmmm..mmmmmmmmmmmmmmm.....tt.........tttttttrrtttttttt........tttt.....mmmmttt...t.............tt...t.tttt....tttttttttttttttttttttttttttttttttttttt.............ttt......ttt...rr.mmmmmmmmmmmmmmmmmmmmmmmmm...................www.........rrrrrrrrr.tttt....tt.tttttttt.mmmmmmmmmmmmmt...wwwwwwwwwwwwwwwwwwwwwwwwwwwwwww..rrrrrrrrrr...tttttttttt....tttttt.t..ttttttt
mmmmmmmmmmm...mmmmmmmmmmmmmmmmm.............tt.ttttrtttttt.ttt.......ttttt.....tttt...tttt...................tt..ttttttttttttttt..tttttttttttttttttttttttt..............tttttttt..tt....r..mmmmmmmmmmmmmmmmmmmmmmmmmmm..............www...................r..tttt.......tttttttmmmmmmmmmmmmmmm...wwwwwwwwwwwwwwwwwwwwwwwwwwwwwwww..........r.....tttttttt....ttttttt...ttttttt
mmmmmmmm....mm..mmmmmmmmmmmmmmmmmmmm........t..tttrrttttt..tttt.......tttttttt.......ttt........t...tt..tt......ttttttttttttttt....t....ttttttttttttttt..w..............ttttttttttttttt.rrr..mmmmmmmmmmmmmmmmmmmmmmmmmm............ww............t........r...ttt.........ttttttmmmmmmmmmmmmmm..mmwwmmwwwwwwwwwwwwwwwwwwwwwwwwwwww..t......r.t....tttttt.t....tttttt.t.ttttttt
mmmmmmmmmm.......mmmmmmmmmmmmmmmmmmmmmmmmm.....ttrrttttrrr..ttt..t......tttttt..t...........................tttttttttttttttttttttt.......ttt.ttttttt.wwwww.www..........tt..ttttttttttt...r...mmmmmmmmmmmmmmmmmmmmmmmmmmm.........ww....t...ttt.tttt.ttt..rr...ttt..........tttttmmmmmmmmmmmmmmmmmmmmmmwwwwwwwwwwwwwwwwwwwwwwwwwwww........rr.tt...tttttt.....tttttt.t.ttttttt
mmmmmmmm..mm.m..m.mmmmmmmmmmmmmmmmmmmmmmmmm......rttttrrtrr.tttt.ttt......tt....t.............tttttttt.....tttttttttttttttttttttttttttt...tt...wwwwwwww..wwwww..................tttttttt..r...mmmmmmmmmmmmmmmmmm....mmmmmm.......www........ttttttttttttt.r.....tt...........tttttmmmmm..mmmmmmmmmmmmmmmwwwwwwwwwwwwwwwwwwwwwwwwwwww....ww..r.ttt...ttttttt...tttttt...ttttttt
mmmmmmmm....mmm......mmmmmmmmmmmmmmmmmmmmmm......rtrrrrtttr.tttttttt...........tt....t...tt..ttttttttt...ttttttttttttttttttttttttttttttt.......wwwwwwww.ww......t...ww...........ttttttt..r.mmmmmmmmmmmmmmmmmmm.........mm.......www.......t..ttttttttttt.r....ttttt...t.....tttttmmmmmm..mmmmmmmmmmmmmwwwwwwwwwwwwwwwwwwwwwwwwwwwwwwwwwww..r...t....tttttt....ttt.t..tttt.ttt
mmmmmmmm................mmmmmmmmmmmmmmmmmmmm.tt..rrrttttttrtttttttt....tt....t.ttt..tt..ttt..tttttttt..ttttttttttttttttttttttttttttttttttt.....wwww.wwww............w.w............ttttt..r.mmm.mmmmmmmmmmmmmm...................www..t........tttttttttt.r....ttttt...t......ttttmmmmmmm.mmmmmmmmmmmmmmwwwwwwwwwwwwwwwwwwwwwwwwwwwwwwwww...rrrrrr...tttttt......t...tttt..ttt
mmmmmmmmmm.m..m....m.......mmmmm..mmmmmmmmmm.ttttttttttttrrttttttt..tt.ttttttt.....ttt.......ttttttt..ttttttttttttttttttt.tttttttttttttttt....wwwwwww.w...........wwwwwwww..w.......tt....rmmm...mmmmmmmmmmmmm....................ww.............ttttt....r...tttt....tt.......ttttmmmmmm...m.....mmmmmwwwwwwwwwwwwwwwwwwwwwwwwwwwwwww.ww........rr...ttttt..........ttt....tt
mmmmmmmmmmm....................m.mmmmmmmmmmm.ttttttttttttrtttttttt...tttttttt....ttt.........tttttttttttttttttttttttttttt...tttttttttttttt....wwwwwwwww....t......w.wwwwww..ww.......t....rm.......mmmmmmmmmmm....................ww......................r.tttttt....ttt.......ttttmmmmmm.....mmmmmmmwmwwwwwwwwwwwwwwwwwwwwwwwwwwwwwwww..........r....ttttt.........tt..tt.tt
mmmmmmmmmm...mm..ttt.t......mm...m.mmmmmmmmm.....tttttttrrttttttt..t..tttttttt..tttt...m.....tttttttttttttttttttttttttttt...tttttttttttttt....www.ww...............wwwwwwww.w.ww..........rrrrrrrrrrr.mmmmmmmm..rrrrrrrrrrrrrrrrrrBBrrrrrrrrrrrrrrrrrrrrrrr.ttttt.....ttt...tt...tttmmmmmmm..mmmmmmmmwwwwwwwwwwwwwwwwwwwwwwwwwwwwwwwwww....tt.....r....tttttt...........ttt.tt
mmmmmmmmmm.mm..m.ttttttm.....tmm...mmmmmmmm........tttttrttttttttt..tttttttttt..tttt...m....tttttttttttttttttttttttttt....t..tttttttttttttt.....www...........t....wwwwwwwwww.ww....................rr..mmmmm.rrr..tt....rr.......www.................r....ttttt......ttt...tt.....tmmmmmmm..mmmmmmwwmwwwwwwwwwwwwwwwwwwwwwwwwwwwwwwww....ttttt...r....tttttt......tt..ttt..tt
mmmmmmmmmm..m.....tttttt.....ttt...mmmmmm.m.......tttttrrttttttttt..tttttttttt.t...tt.m.....ttttttttttttttttttt..t.......t..ttttttttttttttt........................wwwwwwwwwwwww..ww.....tttt.ttt....rrr...rrrr...tttt...rr........ww.................r...tttt.......tttt...t........mmmmmm..mmmmmwwwwwwwwwwwwwwwwwwwwwwwwwwwwwwwwwwww.t..tttttt..r....ttttttt....tttttttt.ttt
mmmmmmmmmmmmmmmm....ttttt......t.m.mmmmmm.m....m..tttttrttttttttttt..tt....tt.......t.m.m..ttttttttttttttttttttt.......r...ttttttttttttttt.........ttt.............wwwwwwwwwwwwww.w.w.....ttttttttttt..rrrrr......tttt...rr..tt....www................r....tt........tttt..tt.........mmmmmm..mmmmmwwwwwwwmmwwwwwwwwwwmwwwwwwwwww.wwww....tttttt..r.....ttttttt...t.ttttt..ttt
mmmmmmmmmmmmm..mm..tttttt......tm.mmmmmmm....mmm...ttttrtttttt..trrrrrrrrrrrrrrrrrr...mmm..ttttttttttttttttttt.t..ttt..r.....ttttttttttttt..t....tttttt...t........wwwwwwwwwwwwwwwwww.........tttttt.tt...t..tttttttttt..rr.tttt....wwww..............rr.............tttttttt..........mmmmm..mmmmmmwwwwwmmmwwwwwwwwwmmwwwwwwwwww.wwww.....ttttt.rr.......ttttt....tttttt.tttt
mmmmmmmmmmmmmm..mm...ttttt.....t..mmmmmmm....mmm...ttttrttttt.rrrrttt...........t.r...mmm..tttttttttttttttttt.....ttt..r..tt.tttttttttttt...t..ttttttttttttt.......wwwwwwwwwwwwwwwwwww........ttttttttttttttttttttttttt..rr.ttttt.....wwww.............r............tttttttt...........mmmmm...mmmmmmmmmmmmmmmwwwwmmmmwwwwwwwwww...wwww..........r.mm........ttt...ttttttttttt
mmmmmmmmmmmmmmmm..m..tttttt....ttmmmmmmmmmm..mm.....tttrrtttrrrttttttt.......tttttr...mmm..tttttttttttttttt............r...ttttttttttttt.......tttttttttttttt......wwwwwwwwwwwwwwwwwwww........tttttttttttttttttttttttt..rr.tttttt......wwww...........r............tttttttt............mmmmm...mmmmmmmmmmmmmmmmmmmmmmwwwwwwww.....w..ww........rr.mm........ttt...t.ttttttttt
mmmmmmmmmmmmmmmmm.mm...ttttt....ttmmmmmmmmmm.m......ttttrttrr.tttttttt.......tttttr..mmmm...ttttttttttttttt..tt........r....ttttttttttt.......tttttttttttttt......swwwwwwwwwwwwwwwwwwwwww..w...tttttttttttttttttttttttt..rr.tttttt........wwwwwwwww....rr...........tttttttt.............mmmmm..mmmmmmmmmmmmmmmmmmmmmm.wwww........w..rbrrrrrrrrr..mmm........ttt..t.ttttttttt
mmmmmmmmmmmmmmmmmmm.....ttttt....tmmmmmmmmmm....mm.tttttrttrtttttttttt.t....ttttt.r..mmmm...ttttttttttttttt..tttrrrrrrrr...ttttttttttt.....ttttttttttttttttt.....sswwwwwwwwwwwwwwwwwwwwww.ww.....tttttttttttttttttttt....rr.ttttttttt......wwwwwwwwww...rr..........tttttttt...mm.........mmmm...mmmmm.......mmmmmmmm...wwww...........ww.........mmmmm.........t...t.tttttttt
mmm....mmmmmmmmmmmmmm..m....ttt..t.mmmmmmmmm...mmm.tttttrrrrttttttt.....ttt.ttttt.r..mm.m...ttttttttttttttt...ttr.t.tt...tt.ttttttttt....tttttttttttttttttttt....ssswwwwwwwwwwwwwwwwwwwwwwww....tttttttttttttttttttm.....rr..ttttt................www....rrr........tttttttt....mmmm.......mmmm...mmm.........mmmmmmm....www............ww........mmmmmm........tt...ttttt.ttt
m.........mmmmmmmmmmm.......tt...tt.mmmmmmm....m...t.ttt...tttttttt..tttttt..t....r..mm.m....tttttttttttttt....tr.tttt...ttttttttttt.....ttttttttttttttttttt....sswssswwwwwwwwwwwwwwwwwwwwww...ttttttttttttttttttmmm.....rr..ttt.......t............ww.....rrrr.....tttttttt....mmmmmm.....mmmmm........mmmmm...mmmm......www............ww......mmmmmmmmm.......t...tt.....tm
m...........mmmmmmm..m...............mmmmmm..mm......tttttttttt.tt..t.ttttt..t....r..mm....ttttttttttttttttt....r.tt.....ttttttttttt...ttttttttttttttttttttt...ssswwsswwwwwwwwwwwwwwwwwwwww...tttttttttttttttttmmmmm.....rr..ttt...t..........t......ww.......rrr....tttttttt....mmmmmm.....mmmm......mmmmmmmm..mmm........ww.....wwww....ww.....mmmmmmmmmm.................mm
m............mmmmmmm..mm....m..t......mmmmmmmmmmm....ttttttt.ttt......ttttt....t..r..m.mm...ttttttttttttttttt...rtt....tttttttttttt...tttttttttttttttttttt.....sswwwwsswwwwwwwwwwwwwwwwwww...tttttttttttttttttttmmm......rr...........................w.........r....tttttttttt.ttmmmmmmm...mmmm.....mmmmmmmmmm........m...ww....wwwwwww...ww......mmmmmmmmm...............mmm
m.............mmmmmmm.mm.......t....m..mmmmmmmmmm.m..tttttt....tt....tttt....ttt..r..mm.mm.....ttttttttttttttt..rtttt.ttttttttttttt.tttttttttttttttttttttt.....wwwwwwwsswwwwwwwwwwwwwwwwww...ttttttttttttttttttttm.......rr..t.......wwwwww......t.....ww.......rr...tttttttttttttttmmmmmm...mmm.......mmmmmm......m..mm...ww..www.....wwwwwww......mmmmmmmmm..............mmm
w.............mmmmmmmm.mmm.....t......mmmmmmmmmmmmm.tttttttttt.ttt...ttttt...ttt..r..mm..m........tt.t...t...tt.r..tt.tttttttttttt..tttttttttttttttttttttt.....wwwwwwwwswwwwwwwwwwwwwwwwww...t.t.tttttttttttttrrrrrrrrrrrrr..tt...wwwwwwwwww....t.tt...ww........rr...tttttttttttttttmmmmmmmmmm...m..............mmm..mm...wwwww.............w.......mmmmmmmmm......mmm....mmm
w..............mmmmmmmmmm......tt.....mmmmmmmmmmmmm.tt.ttttttt..t...ttttttt..ttt..r.................tt...tt...ttr..t.tttttttttttttttttttttttttttt.ttttt........wwwwwwwwsswwwwwwwwwwwwwwwww...tt...ttttt...ttttr.tm.......rr..tt...wwwwww..www......tt...ww........rr..ttttttttttttttttmmmmmmmmm...mm...........mmmmm...m....ww......ttt.....ww.......mmmmmmmmmm......mmm...mmm
w................mmmmmmmmmm....tt.....mmmmmmmmmmmm.......tttttt......ttttttt.t....r.............................r..ttttttttttttttttttttttttttttt.............wwwwwwwwwwwswwwwwwwwwwwwwwww....tt...ttt.t...t.ttrttmm..tt..rr..t....www.....mmww......t....www.......rr.ttttttttttttttttmmmmmmmm...mmmmm........mmmmmm...mm.......tttttttt...ww.........mmmm.mmmmm......mmm...mm
w................mmmmmmmmmm...tttt....mmmmmmmmmmm........tttttt......ttttttttt.t..rrrrrrrrrrrrrrrrrrrrrrrrrrrrrrr..tttttttttttttttttttttttttt........sssssssswwwwwwwwwwwswwwwwwwwwwwwwwww....t...tttt....mm..rrtmmm..ttttrr..tt..www.....mmmmmww..........www.......r.ttttttttttttttttttttmmm...mmmmmmmmmmm...mmmmmmm...mm.....ttttttttt..ww....t.....mmm....mmmmm.....mmm..mm
ww............m..mmmmmmmmmmm...t.tt...mmmmmmmmmmmmmm..tttttttttt.....tttttttt..ttt.....t..............r..tt....t..ttttttttttttttttttttttttt.t.....t.ssssssswwwwwwwwwwwwwswwwwwwwwwwwwww..........tttt...mmmm.rtmmmm..ttttrr...tt.www.....mmmmmwwww....m....wwww.....r..ttttttttttttttttttmmm...mmmmmmmmmmmmm...mmmmmm....m.....tttt......ww.....tt....mm.......mmmm....mmmm.mm
ww............mmmmmmmmmmmmmmm....ttt...mmmmmmmmmmmmmmmmmmtttttmtmm....t..tttt...ttttt.t.....tt.ttt....r.tttttttt..ttttttttttttttttttttttttt.t....tt.sssssswwwwwwwwwwwwwwswwwwwwwwwwwwwwww..w..w.ttttt..mmmmm.rtmmmm...tt.rr....t.wwww....mmmmmmwww...mm.....wwwww...r..ttttttttttttttttmmmmm..mmmmmmmmmmmmmm....mmmmmmm........ttt.....www......ttt....m..........mm....mmm.mm
www...........mmmmmmmmmmmmmmm.....tttm.mmmmmmmmmmmmmmmmmmmmmmmmmmmm.......tttt..tttttttt...ttttttt.t..r.tttttttt.tttt.tttttttttttttttttttttt..ttttt.ssssswwwwwwwwwwwwwwwswwwwwwwwwwwwwwwww.w..w.t..tt..mmmmm.rtmmmm...tt.rr.......wwww....mmmmmmww...m.........www..r..ttttttttttttttttmmmmm.mmmmmmmmmmmmmmmm....mmmmmm........tt......w........ttttt..............m....mmmmmm
www..........mmmmmmmmmmmmmmmm......ttt...mmmmmmmmmmmmmmmmmmmmmmmmmm......tttt...ttttttttt...tt.ttttt..r.tttttttttttttt..tttttttttttt.tt......ttttt..sssswwwwwwwwwwwwwwwsswwwwwwwwwwwwwwwwww..ww.t..tt..mmmm..rtmmmm...tt.rr........wwww.....mmmm.w..mm..........ww..r...tttttttttttttmmmmmmmmmmmmmmmmmmmmmmmmmmm..mmmmmm..............w...tt.....tttt......tttt..........mmmmm
www.........mmmmmmmmmmmmmmmmm.m.....tt...mmmmmmmmmmmmmmmmmmmmmmmmmmmm....tttt..tttttttttt..ttt...tt...r.tttttttttttttttt..tt.tttttttt.t.....tttt.....sswwwwwwwwwwwwwwwwswwwwwwwwwwwwwwwwwwww.ww....t..mmm.m.trtmmmm....t.rr..ttttt....www.....m..w.mm...........ww..r...tttttttttttttmmmmmmmmmwmmmmmmmmmtmmmmmmmm.mmmmmmm............ww.tttt.....tttt......ttttt.........mmmmm
wwt.........mmmmmmmmmmmmmmmmmmmmm....tm..mmmmmmmmmmmmmmmmmmmmmmmmmmmm......ttt.....ttt..............rrr..tttttttttttttttt...tttttttt.....ttttttt......wwwwwwwwwwwwwwwwwswwwwwwwwwwwwwwwwwwwwwww....t.mmmmm..rrtmmmmm.....rr.tttttt.....www....m.ww.mm.....wwww..ww..r...ttttttttttttmtmmmmmmmwwmmmmmmmmtttmmmmmmmmmm..mmmm...........w.tttttt....ttt.......ttttt.........mmmmm
wwtttt.......mmmmmmmmmmmmmmmmmmmmm...tt..mmmmmmmmmmmmmmmmmmmmmmmmmmmm......ttt............mm.......rr...ttttttttttttttttt.....ttttt....ttttttttttt...wwwwwwwwwwwwwwwwwsswwwwwwwwwwwwwwwwwwwwww........mmm.t.rttmmmmm.....rr.ttttt........wwww...ww.mm...wwwwwwwwww..r...tttttttttttmmtmmmmmmmwmmmmmmtttttttmmmmmmmmm....mm...........w.ttttt.....tttt......tttttt.......mmmmmm
tttttttt.....mmmmmmmmmmmmmmmmmmmmm...mt..mmmmmmmmmmmmmmmmmmmmmmmmmmmm...m....t.......m.mm.mmw......r...tttttttttttttttttt...........ttttt...ttttt...wwwwwwwwwwwwwwwwwsswwwwwwwwwwwwwwwwwwwwwww........mmmm.trt.mmmmmm....rr.tttt...........ww...ww..m..www....www..rr...tttttttttttmtmmmmmtttwmmmttttttttttmmmmm...m.....mm.....tt..mwwttttt......ttt.....t.tttttt......mmmmmm
tttttttttt.....mmmmmmmmmmmmmmmmmmmm..mmt..mmmmmmmmmmmmmmmmmmmmmmmmmmmmmmm....tt......mmmm.mmmwwwwwrrttttttttttt.....tttttt...tt....ttttt....tttt......wwwwwwwwwwwwwwwsswwwwwwwwwwwwwwwwwwwwww......m.mmmmm.rrt.mmmmmm....rr.ttt......wwwwwwww...ww..m.www..........r....tttttttttttmmmmmmtttwtttttttttttttttmmmm................tt..mmwwwttt..............ttttttttt.....mmm.mm
ttttttttttt.....mmmmmmmmmmmmmmmmmmmmmmm.............mmmmmmmmmmmmmmmmmmm.......ttt....mmmmmmwwwwwwwr.ttttttttt...ttt..ttttt.tt.t...tttttt....t.t......sswwwwwwwwwwwwwsswwwwwwwwwwwwwwwwwwwwwww.w......mmmmm.rtmmmmmmm.....rr..tt....wwwwwwww.....ww....www...mm....rr...ttttttttttttmttmmttttwtttttttttttttt.mmmm....m...........tt..mmmww......t..........ttttttttt.....mmm.mm
ttttttttttttt....mmmmmmmmmmmmmmmmmmmmmmm..mm..mmmmm...mmmmmmmmmmmmmmm.......t.ttt....m.m.mmwwwwwwrrtttttttttt..tttt....tt..tttttttttt.tttt..........sssswwwwwwwwwwwsswwwwwwwwwwwwwwwwwwwwwww.....m..mmmmmt.rtmmmmmmm.....rr.......ww...........www....ww...mmm....r....tttttttttttttttttttttwttttttttttt.....mmm...mm..tt......ttt..mmmwww....tt......t...tttttttt.....mmm..mm
tttttttttttttt....mmmmmmmmmmmmmmmmmmmmmmm.mww.m.mmmmmm.mmmmmmmmmmmmmm.......tttttt...mmm..w.wwwwrrttttttttttt...ttttt......ttttttttt.....ttt..ttt...sssssswwwwwwwwssswsswwwwwwwwwwwwwwwww.........mmmmmmm.rrtmmmmmm......rr......ww............www....w...mmm....rr...tttttttttttttttttttttwwttttttttttt.....mmm..mmm...tt....tttt...mmmww...ttttt........tttttttt.....mmm..mm
ttttttttttttttt....mmmmmmmmmmmmmmmmmmmmmm..wwmwwwmmmmm..mmmmmmmmmmmmmmm......ttttt....mm..ww.rrrrtttttttttttt....tttttt...tttttttttt..........ttt..sssss....wwwwwwssssssswwwwwwwwwwww..............mmmmmm.rtmmmmmmmm.....rr.....www.....m......www....w..mmm....rr...ttttttttttttttttttttttwttttttttttt.......mm..mmm...ttt.ttttt....mmmmww..tttttt......ttttttttt....mmm...mm
ttttttttttttttt....mmmmmmmmmmmmmmmmmmmmmm.www.w..wwmwmmm.mmmmmmmmmmmm....tt...tttt....mmm...rr...ttttttttttttt....tttttttttttttt..t..........ttt...ss...........wwwww..sss..tt..........wwwwwww..mmmmmmmtrrtmmmmmmmmm....rr.....ww.....mmmm....www...ww..mm....rr...tttttttttttttttttttttttwttttttttttt.......mm...mm....tttttttt....mmmmmw..tttttt......tttttttt....mm....mmm
tttt..ttttttttttt....mmmmmmmmmmmmmmmmmmmm.www.www.www.www.mmmmmmmmmm....tttt..t.ttt...mmmmm.r.t..tttttttttttttt...ttttttttttttt.tt..ttttt......t...........................tt..................mm.mmmmmm.rttmmmmmmmmm....rr....ww....mmmmmm....wwww..w...m....rr....tttttttttttttttttttttttwttttttttttt........mm..m.....ttttttt.....mmmmmww.tttttt.......ttttttt...mm.....mmm
tttt.tttttttttttttt...mmmmmmmmmmmmmmmmmmm..wwwww.wwwww.mw..mmmmmmmm..tttttttt.....t....mmmm.r.t.ttttttttttttttttt..tttttttttttttt.tttttt...t...t....................tt.ttttttt................mmmmmmmmmtrrtmmmmmmmmmmm...rr....w....mmmmmmm....wwwwwww.......rr.....tttttttttttttttttttttttwtttttttttt..........m..m......ttttt.....mmmmmmmww.ttttt.......................mmmm
ttt.ttttttttttttttt...mmmmmmmmmmmmmmmmmmm...wwwwwwww.mw.wm.mmmmmmmm.ttttttttt...........mmm.r.tttttttttt..tttttttt..tttttttttttt.ttttt....ttt....................ttttttttttttt...mm..........mmmmmttmmt.rttmmmmmmmmmmm...rr...ww...mmmmmmmm.....wwwww.......rr.....ttttttttttttttttttttttttwttttttttttt............mm..............mmm.mmmmww.tttttt.....................mmmmm
ttt.tttttttttttttttt..mmmmmmmmmmmmmmmmmmm...wwwmm.wwwwwww..mmmmmmm..tttttttt.......tt....mm.r.ttttttt......ttttttt..ttttttttttt..ttt.....ttttt.......mmmm...mmmmtttttttttttttt..mmmmm.......mmmmmmmtttt.rtmmmmmmmmmmmm...rr...ww...mmmmmmmmm...............rr......ttttttttttttttttttttttttwwtttttttttt.....tt......m.............mm.....mmmw...tt........mmmm..........mmm.mm
ttt..ttttttttttttttt..mmmmmmmmmmmmmmmmmmm.m.wwwwwwwwwwwwwm..mmmmmm.tttttttt.......tttt...mmrrtttttt.....tt..ttttttt.ttttttttttt........ttttttt...mmmmm...mmmmmmmttttttttttttttmmmmmmmmmmmmmmmmmmmmmttttrrtmmmmmmmmmmmm...rr...ww....mmmmmmmm..............rr......ttttttttttttttttttttttttttwtttttttttt.....ttt...........................mmm...........mmmmmmmmm......mmmm.mm
tttt..t.tttttttttttt...mmmmmmmmmmmmmmmmmm...ww.wwwm.wmw.mmmm.mmmm..tttmmmttmmm.....ttt...mmr.ttttt...ttttt..ttttttt.tttttttttt........mttttttttmm......mmmmmmmmmmmttttttttttmtmmmmmmmmmmmmmmmmmmmmmtttrrttmmmmmmmmmmmm...rr....w....mmmmmmmm..............r......tttttttttttttttttttttttttttwtttttttttt.....ttt.........................................mmmm...........mmm..mm
ttttt.t......ttttttt...mmmmmmmmmmmmmmmmmmm..wwwwwwwwwwww.m.m.mmmm..ttmmmmmmmmmm....ttttt...rtttttt..ttttttt...tttt..tttttttttt.......mmmmmmmttmmmmmmmmm.mmmmmmmmmmmmmmmmmmmmmmmmmmmmmmmmmmmm.mmmm.mttrrtttmmmmmmmmmmmm...rr....ww....mmmmmmm......mmmm....r....tttttttttttttttttttttttttttttwwtttttttttt.....ttt......................................mmm............mmmmm..mm
ttttt....ttt..tttttt...mmmmmmmmmmmmmmmmmmm...wwmwwmwwww...w.mmmmm..tmmmmmmmmmmmmm...tttt.t.rtttttt..ttttttt...tttt.tttttttttt..mmmmmmmmmmmmmmmmmmmmmmmmmmmmmmmmmmmmmmmmmmmmmmmmmmmmmmmmmmmmtttmmm.mtrrtttmmmmmmmmmmmm....rr.....w....mmmmmmmm.....mmmmm...r...ttt......ttttttttttttttttttttttwtttttttttt......tt...................m.................mmm...........mmmmmm...mm
ttttttt..tttt.tttttt...mmmmmmmmmmmmmmmmmmm....wwwwwwwwwwwwwmmmmmm.tmmmmmmmmmmm.......ttt.ttrttttt..tttttt..........ttttttttt...mmmmmmmmmmmmmmmmmmmmmmmmmmmmmmmmmmmmmmmmmmmmmmmmmmmmmmmmmmmtttmmmm.mtrttttmmmmmmmmmmm.....rr.....www....mmmmmmm.....mmmm...r..ttt...........ttttttttttttttttttwtttttttttt.......ttt......m.........mm.......tt.......mmm...........mmmmmm....mm
ttttttt..tttt.ttttttt...mmmmmmmmmmmmmmmmmmm....wmmwmmwwww.wmmmmmmmmmmmmmmmmmmmmmm....ttttttrttttt.tttttt....tttt..tttttttttt...mmmmmmmmmmmmmmmmmmmmmmmmmmmmmmmmmmmmmmmmmmtttttmmmmmmmmmmmttmmmmmm..rrtttttmmmmmmmmmm.....rr......ww....mmmmmmmm.....mmm...r.......wwwwwww.....tttttttttttttttw...tttttttt.......ttt.....mmm......mmm......ttt.....mmmm.........mmmmmmmm.....mm
ttttttt..tttt...ttttt...mmmmmmmmmmmmmmmmmmm....wwwwwwwwwwwwmmmmmmmmmmmm.mmmmmmmmmmm..t.ttttrrtttt..ttttt..w..ttttttttttttttt...tmmmmmmmmmmmmmmmmmmmtttmmmmmmmmmmmmmmmmmttmttmmmmmmmmmmmmttmmmmttttrrttttttmmmmmmmmmm.....rr..t....ww.....mmmmmmm.....mm...r....wwww.....wwwwwwwwwttttttttttttww....tttttt.......tttt.....mmmmm.mmmmm......t.......mmmm......mmmmmmmmm.......mm
ttttttt..tttttt.ttttttt....mmmmmmmmmmmmmmmmm.m.....ww.ww..mmmmmmmmmmmm....mmmmmm....ttt.ttt.rttttt.tttt..ww.w..ttttt..tttt.....tmmmmmmmmmmmmmmmttttttttmmmmmmmmtmmmmmmtttttttttmmmmmmmtmtmmtttttrrrttttttttmmmmmmmmmmm...rr..t....ww.......mmmmmmmm.......r..www................wwwtttttttttttw......t.ttt.....tttt.......mmmmmmmmmmm....tt......mmmm........mmmmmmm........mm
tttttt..ttttttt.ttttttt....mmmmmmmmmmmmmmmmmm..mm...www..mmmmmmmmmmmmm......mmmm.........tttrrtttt.tttt..wwww.wtttttt...t....tttmmmmmmmmmmmttttt...ttttttttttttttttttttttttttttttmmmttmmttrrrrrrrttttttttttmmmmmmmmmmmm..rr..t....www.....................r.ww..rrrrrrrr..........wwwwwwwtttttww......ttttt....ttt........mmmmmmmmmmm....t......mmmmm...........mm.........mmm
tttttt..ttttttt.tttttttt....mmmmmmmmmmmmmmmmmmm...m...mmmmmmmmmmmmmmm...mm.....mmm........tt.rttttttttt..wwwwww.ttttt..tt..r.tttmmmmmmmmmmmmttt....rrrrrrrrrrrrrrrtt...tt....ttttrrrrrrrrrrttttttttttttttttmmmmmmm...m...rr..tt....www............tttt....rww..rr......rrrr.............wwwwwwww.......ttt.....t........mmmmmmmmmmmmmm.ttttt....mmmmm.....................mmmm
tttttt..ttttt...tttttttttt...mmmmmmmmmmmmmmmmmmmmmmmmmmmmmmmm.mmmmmmm..mmmmm...mmmmm.......ttrrttttttt...wwwwww.ttt.t.ttt..r.mmmmmmmmmmmmmmmmmmt...tttttttttttt..rrrrrrrrrrrrrrrrr..ttttttmmttmmmtttttttttmmmmmmmmm......rr...t.....wwww........ttttt....wbw..rr.m........rrrr...................r......ttt...........mmmmmmmmmmmmmmmmmtttt.....mmmm....................mmmmmm
tttttt.ttttt......tttttttt....mmmmmmmmmmmmmmmmmmmmmmmmmmmmm...mmmmmmmm.mmmmmmm.m..m....m...tt.rrtttttt...wwwwww.tt....tttt.r...mmmmmmmmmmmmmmmmmmmttttttttttmttt....tttttttttttttttttttmmtmmtmmmmmmtmtttttmmmmmmmmmmm....rr...tt.....wwww........ttt....wwr..rr..mmmmmmm.....rrrr...........rrrrr........tt.........mmmmmmmmmmmmmmmmmmtttt......mmm.....................mmmmmm
ttttt..ttttt..ttt..ttttttmm.....mmmmmmmmmmmmmmmmmmmmmmmmm...mmmmmmmmmm.mmmmmmm..........m...tt.rrttttt...wwwwwww......tttt.r...mmmmmmmmmmmmmmmmmmmmtttttmmmmmttmtttttmmmmmmmmtttttttttmmmtmmmmmmmmmmmmtttmmmmmmmmmmmmm..mrr....tt.....wwwww.......tt...ww.r..r...mmmmmmmmmm.....rrrrrrrrrrrrr....................mmmmmmmmmmmmmmmmmmmtttttt......mm.............mmmm.....mmmmmm
ttttt..ttttt.ttttttttttttmmm...mmmmmmmmmmmmmmmmmmmmmmmm....mmmmmmmmmmm.mmmmmmmmm..m.m......m.t.trr.tt.....wwww.w......tttt.r....m.mmmmmmmmmmmmmmmmmttttmmmmmmttmtttmmmmmmmmmmmmmmtmtmmmmmttttmmmmmmmmmmmtmmmmmmmmmmmmmmmmrr.....t.......wwwwwww........w..rrrr....mmmmmmmmmmm...................mmm.............mmmmmmmmmmmmmmmmmmmtttttt........................mmm.....mmmmm
ttttt.t.ttt..ttttttttttttmmm..mmmmmmmmmmmmmmmmmmmmmmmmm..mmmmmmmmmmmmm.mmmmmmmmmmmm.....mm.....ttrrt.....wwwww.w...t...ttt.rr.....mmmmmmmmmmmmmmmmmmmmmmmmmmmtmmmtmmmmmmmmmmmmmmmmttmmmmmmttmmmm.mmmmmmmmmmmmmmmmmmmmmmm.rr..t.......t....wwwwwwww....ww...rr.....mmmmmmmmmmmmm................mmmmm...........mmmmmmmmmmmmmmmmmmmmtttttt.........................mmm....mmmmm
ttttt...ttt..tttttttttttmmmm.mmmmmmmmmmmmmmmmmmmmmmmmm..mmmmm...mmmmm..mmmmmmm...mm.....mmmm......rr.....wwwwwww..ttt....t..r.rrrr.mmmmmmmmmmmmmmm.mmmmttmmmmtmmmmmmmmmmmmmmmmmmmmmmmmmmmmmmmmm....mmmmmmmmmmmmmmm.mmmm..rr.........ttt.......wwwwwwwww...........mmmmmmmmmmmmm.............mmmmmmmmmmm.......mmmmmmmmmmmmmmmmmmmmtttttttm............m.m..m.......mmm....mmmm
tttttt..tt.....tttttttttmmmm.mmmmm.m.mmmmmmmmmmmmmmmmm.mmmm......mmm..mmmmmmmmmmmmm....mmmmmmm.t...rr...wwwwwww..tttttt.....rrr..r.mmmmmmmmmmmmm.......ttmmmmmmmmmmmmmmmmmmmmmmmmmmmmmmmmmmmmmm.........mmmmmmmmm...mm...rr..........tttt............ww...........mmmmmmmmmmmmmm..mmmm.....mmmmmmmmmmmmm....mmmmmmmmmmmmmmttmtmmtttttttttmmm.......m................mmm...mmmm
tttttt.ttt...t....tttttmmmmm..mm.......mmmmmmmmmmmmmmm.......mm......mmmmmmmmmmmm.....mmmmmmm.......rrr.wwwwww...ttttt.....rr.tt.rr.mmmmmmmmmm.rrrrrrrrr.mmmmmmmmmmmmmmmmmmmmmmmmmmmmmmmmmmmmmmmrrrrrrrrrrmmmmmmm........rr......t....ttttt..t......www............mmmmmttmmmmm...mmmmmmmmmmmmmmmmmmmmm...mmmmmmmmmmmmmmttmmmttttttttttttmmmm......m.......m.........mm....mmm
tttttt.tttt..tttttttttmmmmmm........m..mmmmmmmmmmmmmmm.....mmmmmmmm..mmmmmmmmmmmm....mmmmmm......tt...r..wwwww..tttttttt...r.tttttrr..mmmmmmmmmrt...tttrmmmmmmmmmmmmmmmmttmmmmmmmmmmmmmmmmmmmmmmrmmmm...mr.mmmm..........rr............ttttt.....wwwwww............mmmmmttmmmmm..mmmmmmmmmmmmmmmmm........mmmmmmmmmmmmmtmmttttttttttttttmmmm........m...mmm..........mmm....mm
tttttt.ttt..tttttttttmmmmmmm...mmmmmmm..mmmmmmmmmmmmmmmmmmmmmmmmmmmmmmmmmmmmmmmm....mmmmm.........tt..r........tttttttt.t.rrtttttttrrr.mmmmmmmmrm.mmmttr.mmmmmmmmmmmmm.tttt.mmmmmm....mm....mmm.r.mmmmmmmr.mmmm......m...rr..t...........ttt....www................mmmmmmtmmmm..mmmmmmmmmmmmmmmmm.......mmmmmmmmmmmmmmttttttttttttttttttmmmm...........mmm...........mmmm...mm
ttttt..tttttttttttttmmmmmmm...mmmmmmmmm...mmmmmmmmmmmmmmmmmmmmmmmmmmmmmmmmmmmmm....mmmmm..........ttttrtt..ttttttttt..ttt.r.tttttttt.rr.mmmmmm.rmmmmmttr..mm.mmmm.mmmm.tttt.mmm.mm.rrrrrrrrm..mmrrrr.mmmmr.mmm......mmm..rr.....tttt..........wwww.................mmmmmmtmmmm.mmmmmmmmmmmmmmmmmmmm....mmmmmmmmmmmmmmtttttttttttttttttmmmmmmm.........mmm.............mmm...mm
ttttt.tttttttttttttmmmmmmmmmmmmmmmmmmmmm....mmmmmmmmmmmmmmmmmmmmmmmmmmmmmmmmm.......mmmmmmm........tt.rtttttt....tt..ttt.rr.ttt..tttt.r..mmmmm.rmmmmmm.r.mmmmmmmmmtt....tt......tt.r...mm.rmmmm..ttr.mmm.r.mmm.....mmmmm.rr.....tttt........wwwww..................mmmmmmtttmmmmmmmmmmmmmmmmmmmmmmmmmmmmmmmmmmmtttmtmttttttttttttttttttmmm............mmm.............mmm...mm
ttttt.tttttttttttmmmmmmmmmmmmmmmmmmmmmmmm...mmmmmmmmmmmmmmmmmmmmmmmmmmmmm..........mmmmm............ttrttt..........ttt..r.ttt.....tttrr..m.mmmr.mmmmm.r.mm.ttmmmtt.rrrrrrrrrrr..ttrm.mmttr.tttttt.r.mmm.r.mmm...mmmmmmm.rr....tttt......wwwwwww.........t..........mmmmmtttmmmmmmmmmmmtmmmttmmmmmmmmmmmmmmmmmtmmtmtttttttttttttttttttmmmm...........mmmm.....m.m.....mmm...mm
ttttt.ttttttttmmmmmmmmmmmmmmmmmmmmmmmmmmmm..mmmmmmmmmmmmmmmmmmmmmmmmmmm..mmmmm............ttt.ttt...t.rrrrrrrrrrrrrttt..rrttt.......tttrrrrrrrrrt.mmmm.r.m.tttt.mmm.rmm.......rrrrrr..mmt.r.tttttt.r.mm..r.mmmmmmmmmmmm..rr...ttttt....wwwww.......ttttt.ttt...t....mmmmmtttmmmmmmmmtmmmtttmttmmmmmmmmmmmmmmmtmtmtttttttttwwwtttttttttmmmm.......m..mmmmm..mm.m.......mmm...mm
tttt..tttttmmmmmmmmmmmmmmmmmmmmmmmmmmmm......mmmmmmmmmmmmmmmmmmmmmm.....................tttttttt......ttt.ttt.tt..r.tt.rr.ttt........ttt.mm...ttt.mmmm.rrrrrrrrrrrrrr.mmmmmm.tttt....mmmm.r...tt...r..mm.r..mmmmmmmmmmm..rr...tttt...www............tt.ttttt...tt...mmmmttttmtmmtttttmmmmttmtmtmmmmmmmmmmmmmtmtttttttttwwwwwwtttttttmmmmmm.......m.mmmmm....m.........mm....mm
tttt.tttmmmmmmmmmmmmmmmmmmmmmmmmm..............mmmmmmmmmmmmmmm..................tt.....tttttttt.......ttttttttttt.r.t.rr.ttt......t...tt.mm...ttttmmmm...tttttt...m...mmmmmmm.tt.t..mmmmm.rrrrrrrrrr.mmm.r....mm.mmmm....rr...ttt..wwww..............tttttttt...tt...mmttttttttmttmtmttmmttttttmmmmmmtmmmtttttttttttttwwwwwwwtttttttttmmmm.....m...mmmmm....m.........mm....mm
tttt.mmmmmmmmmmmmmmmmmmmmm...........mmm....mm..mmmmmmmmmmmmm......tt....mmmmm.......tttttttttt....t....tt.tttt...rt.rr.ttt....ttt..m..t.m.tt..tttmmmm...tttt.tt...mmmmmmmmmmmmmmmm.mmmmmmmmmmm.....mmmm.r...............rr..ttt..www....tt....tttttttttttttttt.ttt..mmttttttttttttttttttttttttmtttttttttttttttttttttwwwwwwwttttttttmmmmm..........mmmmm..............m....mmm
tttt.......mmmmmmmmmm...............mmm......mm....mmmmmmmmmmm...tttt..mmmm.........ttttttttttt.ttt.tt....ttttt...rrrrtttttt...tttt.mmm.mmttttttt.mmmmm.....mmmmmmmmmmmmmmmmmmmmmmmmmmmmmmmmmmmmmmmmmmmm.rrrrrrrrrrrrrrrrrr..tt..ww........tt.tt.ttt.tttttttttttttttttttttttttttttttttttttmtttttttttttttttttttttttttwwwwwwwtttttttttmmm............mmmmm...m....m..........mmm
tttttttttt..mmmmmm........m..mm......m...............mmmmmmmmmm..tt..................ttttttttt..ttttttt.ttttttttt....tttttt...tttt..mmmmm..ttt...mmmmmmm.mmmmmmmmmm..mmmmmmmmmmmmmmmmmmmmmmmmmmmmmmmmmmm.................rr..tt..ww....tttt.tttttttttttttttttttttttttttttttttttttttttttttttttttttttttttttttttstttttwwwwwwwttttttttttmmm.....m...m...mmmmmm.................mmm
ttttttt....mmmmm.........m....................m.......mmmmmm........mmmmmmmmmmm......tttttttt..tttttttt.tttttttttttttttt.......ttt.mm...........mmmmmmm...mmmmmmmmmmmmmmmmmmmmmmmmmmmmmmmmmmmmmmmmmmmmmmmm...t...tttttt..rr.ttt.ww....t.tttttttttttttttttttttttttttttttttttttttttttttttttttttttttttttttttttssstttwwwwwwwttttttttttttmmm.............mmmmmm......m.........mmmm
tttttt.....mmmmmm.......m.m..m............m....m.....mmmmmmmmmm.........mmmmm...........tt..t.ttttttttt....tttttt..tt........ttt...m...........mm...mmm..mmmmm..mmm.mmmmmmmmmmmmmmmmmmmmmmmmmmmmmmmmm....mmm.....ttttt...rr.ttt.ww....tttttttttttttttttttttttttttttttttttttttttttttttttttttttttttttttttttsssssttwwwwwwwttttttttttttmmm.............m.mmmmmm.m.....m.......mmmm
tttt.....mmmmmmmmmm.......mm.....tt..t..............mmmmmmmmmmmmmmm.......mmmmm...............tttttttttttt.....tttt.........tt........wwwwwww........mm..mm.......m...mmmmmmmmmmmmmmmmmmmmmmmmmmm...mmm....m......tttt...rr.ttt.w.....ttttttttttttttttttttttttttttttttttttttwwwwwtttttttttttttttttttttttssssssttwwwwwttttttttttttmtmm..............m.mmmmmmmm.....mm......mmmm
ttt....mmmmmmmmmmmmm.......m.........tt.t.....m....mmmmmmmmmmmmmmmmmm.........mmm...............ttttttttttt.....ttt........tt........wwwwwww.wwwww..............m....m..mmmmmmmmmmmmmm...mmmmmmm....m.m........t....tt.t.rrtttt.w.....tttttttttttttttttttttttttttttttttttttwwwwwwwttttttwwwsstttttttttsssssssttttttttttttttttttttmmmm........m....m..mmmmmmmmm....mm.....mmmmm
tt...mmmmmmmmmmmmm.....tt.......ttt...ttt........mmmmmmmmmmmmmmmmmmmmmmmmmmm........................tttttttttt...tttt.....tt.........wwwwwwwwwwwwww........................mmmmmmm...mmmmm...............................rrttt..w..ttt.ttttttttttttttttttttwwwwttttttttttwwwwwwwwwttttwwwwwwsstttttsssswwwsstttttttttttttttttttmtmmmm.................mmmmmmmm.m.mmmm....mmmmm
tt..mmmmmmmmmm........ttt......tttt..ttttt....tmmmmmmmmmmmmmmmmmmmmmmmmmmmmmmmmmmmmmm................tttttt.tttt..tttt..........t....wwwwwwwwwwwwwwwwwww..........tt..ttttt..m.m...m..........tt.........................rr..t..w....ttttttttttwwtttttttttwwwwwwtttttwwttwwwwwwwwwwttwwwwwwwwssssssswwwwwssstttttttttttttttttttmmmmm........m.........mmmmmmm....mmmm.....mmmm
tt.....mmmm.....mm....ttt.......tt...ttttt...ttttmmmmmmmmmmmmmmmmmmmmmmmmmmmmmmmmmmmmmmmmmmm..........ttt......tt..t.................wwwwwwwwwwwwwwwwwwwwww........tttt......mmm.............tttt.........wwwwwwwwww.....rr....ww.......tttttwwwwwwwwwwwwwwwwwwwwtwwwwwwwwwwwwwwwwwttwwwwwwwwwwwwwwwwwwwssstttttttttttttmmtmmmmmm......................mmmmmm.m.mmmmm......mmm
ttt.m.........m.......tttt....tttt..ttt.tttttttttttttttmmmmmmmmmmmmmmmmmmmmmmmmmmmmmmmmmmmmmmmmm.................t...................wwwwww.wwwwwwwwwwwwwwwww..................m.........tttttt..........wwwwwwwwwwwwww..rr....wwwwwwwwwwwwwwwwwwwwwwwwwwwwwwwwwwwwwwwwwwwwwwwwwwwwwwwwwwwwwwwwwwwwwwwwssstttttttttttttttmmmmmmmm....................m.mmmmmm....mmmm.......mm
ttt..................tttttttt.t.t..ttt.ttt.tttttt.tt......mmmmmmmmmmmmmmmmmmmmmmmmmmmmmmmmmmmm......................................wwwwwww..wwwwwwwwwwwwww.www.......................................wwwwwwwwwwwwwwwww..rr...wwwwwwwwwwwwwwwwwwwwwwwwwwwwwwwwwwwwwwwwswwwwwwwwwwwwwwwwwwwwwwwwwwwwwwwsssttttttttttttmttttmmmmmmm.............m...m....mmmmm.m...mmmm.......mm
tt.........mm.m...t..ttttttttttt..ttttt....ttt.t.ttmmm.....m.mmmmmmmmmmmmmmmmmmmmmmmmmmmmmmmmmmmm..m.mmmm.mmmm.......t...............wwwwww...wwwwwwwwwwwwwww..wwwwwwwwwwwwww........................wwwwwwwwwwwwwwwwww..rr..wwwwwwwwwwwwwwwwwwwwwwwwwwwwwsssswwwwwwwsswwwssssswwwswwwwwwwwwwwwwwwwwssssttttttttmmmttmmtttmmmmmmm.....m......m.mm...m..mmmm..m....mm........mm
tt..t....t..mm....ttttttttttttt..tttttt.......tt..tmmmm.....m...mmmmmmmmmmmmmmmmmmmmmmmmmmmmm.mmmmmmm.mmm..mmmmm.........tt..........wwwwww.....wwwwwwwwwwwwwwwwwwwwwwwwwwwwww.....wwwwwwwwwwwwwwwwwwwwwwwwwwwwwwwwwwwww.rr..wwwwwwwwwwwwwwwwwwwwsssswssssssssssswwwssswwwssssssssswwwwwwwwwwwwwwwwsssttttttttttmtmtttmttmmmm........m...........m.mm..mmmm......mmm.....m..mm
tt..t.t..........ttttttttttttt..ttttttt.ttt......tmmmm..........m..mmmmmmmmmmmmmmmmmmmmmmmmmmmmmm.mmm.mmmmmmm.ttt........t.........t.wwwwwww.......wwwwwwwwwwwwwwwwwwwwwwwwwwwwwwwwwwwwwwwwwwwwwwwwwwwwwwwwwwwwwwwwwwwww.rr.wwwwwwwwwwwwwwwwwwssssssssssssssssssssssssssssssssssswwwwwwwwwwwwwwwwwsssttttttttttttmttmtmmmmmmm...........m..............mm.......mmm.....mm..mm
t..tt.......tttttttttttttttttt..ttttttt.tttt......t.mm....mmm....m.ttt.mmmmmmmmmmmmmmmmmmmmmmmm.......m..mm..ttttt.......t...........wwwwwwww.......wwwwwwwwwwwwwwwwwwwwwwwwwwwwwwwwwwwwwwwwwwwwwwwwwwwwwwwwwwwwwwwwwwwwwrrwwwwwwwwwwwwwwwwwwwssssssssssssssssssssssssssssssssswwwwwwwwwwwwwwwwwsssttttttttttttttmttttmmmmmmm.........m....m...........m........mmm.....mm..mm
t..tt....ttttttttttttttttttttt..ttttt...tttttt.t........tmmmmm......tt.t..mmmmmmmmmmmmmmmmm.t...t......m....ttttt........tttt........wwwwwwww.....t.wwwwwwwwwwwwwwwwwwwwwwwwwwwwwwwwwwwwwwwwwwwwwwwwwwwwwwwwwwwwwwwwwwwwwbbwwwwwwwwwwwwwwwwwwwssssssssssssssssssssssssssssssswwwwwwwwwwwwwwwwwwsssttttttttttttttttmmmmmmmmm........m....m..m........m.m........mmm......mm..mm
tt.ttt..tttttttttttttttttttttt..ttt....ttttttt......t....ttmm....m........t.mmmmmmmmmmmmmtt..t...............t..........tttt.........wwwwwwww..t....wwwwwwwwwwww.........wwwwwwwwwwwwwwwwwwwwwwwwwwwwwwwwwwwwwwwwwwwwwwwwbbwwwwwwwwwwwwwwwwwwwwwssssssssssssssssssssssssssswwwwwwwwwwwwwwwwwwwsstttttttttttttttmmmmmmmmmmm.........m......m.......m...m...m...mmmm.....mmm..mm
ttt.tt....tttttttttttttttttttt.tt...ttttttttttt.............t.............t.tmmmmmmmmmm....t...t.........t.........t...ttt...........wwwwwwww.......wwwwwwwwwww............wwwwwwwwwwwwwwwwwwwwwwwwwwwwww...wwwwwwwwwwwwwbbwwwwwwwwwwwwwwwwwwwwwwwwwwwwwwwwwssssssssssssswwwwwwwwwwwwwwwwwwwwssstttttttttmmtttmmmmmmmmmmmm.......mmm..m...m.....mm...........mmmm.m...mmm...mm
ttt.ttt..ttttttttttttttttttttt.....tttttttttttttt............................tmmmmmmm.t.t........tt.t....ttt....t..t..tttt..tt..t...wwwwwwwww.......wwwwwwwwww..............ww.wwwwwwwwwwwwwwwwwwwwwww......wwwwwwwwwwwwwrrwwwwwwwwwwwwwwwwwwwwwwwwwwwwwwwwwwwwwwwwwwwwwwwwwwwwwwwwwwwwwwwwssstttttttttttmtmmmmmmmmmmmmmmmm.....mmmm.m....m..m..............mmmm......mmm...mm
tt..tt...ttttttttttttttttttttttttt..ttttt..ttttt.t.......................t....tmmmm.t....tttt.t.ttttt...........tttt..ttt...t.....t.wwwwwwww........wwwwwwwww................wwwwwwww..tttttwwttttt.....t...wwwwwwwwwww..rr.....wwwwwwwwwwwwwwwwwwwwwwwwwwwwwwwwwwwwwwwwwwwwwwwwwwwwwwwwwwssttttttttttttttmtmmmmmmmmmm..........mmm.m.......m.mm......m....mmmm.......mm....mm
t..ttt..........tttttttttttttttt.tttt..t.ttt.tttt..t.t..........................mm..t.t..tttt.tttttttt..........ttt...t....tt.....t.wwwwww...........wwwwwww............t...............ttttttttttt.........wwwwwwwwwww..rr.......wwwwwwwwwwwwwwwwwwwwwwwwwwwwwwwwwwwwwwwwwwwwwwwwwwwwwwwwtttttttttttttmmtmmmmmmmmmmmm..........mmm.......m.....m..m....m..mmmm......mmm...mmm
t..ttt.t..........tttttttttttttt...t.........tttttt.ttt..................................tttttttttttttttt.......ttt.......tt.....t..wwwwww....ttt..................t...tt................ttttttttt.........wwwwwwwwwwww..rr..tt.....ww...wwwwwwwwwwwwwwwwwwwwwwwwwwwwwwwwwwwwwwwwwwwwwwwwwttttmttttttttmmmmmmmmmmmmmmmm........mmmm.m..m.......m...........mmmmm.....mmm...mmm
t...tt.......wwwww......ttt.tt.t..ttt.........tttttt.tt..........t.....t....t.......t....tttttttttttttttttt......t.......t.......t..wwwww...tttt...............t..............................ttttt....t...wwwwwwwwww....rr.ttt.........twwwtwttwwwwwwwwwwwwwwttwtttttttttwwwwwttwwtwwwwwtttttmttttttttmmmmmmmmm...........m...mmmmm..m.......m....mm.....mmmm.......mm...mmmm
ttt.tt...t...wwwwwwwwwww..........................ttt.tt.............tt......t..t......tttttttttttttttttttt......t......tt.t....tt..wwwww...ttt....t.........................t.............t....ttt.......wwwwwwwwwww.tt.rr.ttt.......t.tttttttwwwwwwwttttttttttttttttttttttttttttwwttttttttttmmtttttmmmmmmmmmmm..............mmmmmm........m..m..........mmm...m....mm...mmmm
tttttt......wwwwwwwwwwwwwwwwwwwwwww.................t.........tttt.........t.....t.....ttttttttttttttttttttt............ttt.....t..wwwwww..ttt..........tttt.......m....ttt...............ttt.....t......wwwwwwwwwww.ttt.rr.tt......tt.tttttttttttttttttttttttttttttttmtttmmttmmttttttttttttttmmttttmmmmmmmmmm................mmmmmm.....................mmmm.m......mm....mmm
tt.ttt......wwwwwwwwwwwwwwwwwwwwwwwwwwwww....................ttttttttt...........tttt.t..ttttttttttttttttttttt.........tttt........wwwwww..ttt..mmm...ttttttttttt.mmmttttttttttttt....t....ttt.........wwwwwwwwwwwww..tttrr....t...ttt.tttttttttttttttttttttttttttttttmmmmmmmmmmmmtttmttmtttttmtmttmmmmmmmmmmm....m...m.......mmmmm.....m..........m....mmmm.........mm.....mm
ttttttt.......wwwwwwwwwwwwwwwwwwwwwwwwwwwwww.................ttttttttttt.......ttttttttttttttttt...tt.ttttttt.....t...ttttt........wwwwww..ttt...mmmmmttttttttttmmmmmmmtttttttttttt..........ttt......wwwwwwwwwwwwwww..t.rr.........ttttttttttttttttttttttttttttttttttmmmmmmmmmmmmmmmmmmmmttttmmmmmmmmmmmm..mm..........m.m..mmmmm............m.......mmmmmm.........mm.....mm
tttttttt......wwwwwwwwwwwwwwwwwwwwwwwwwwwwwwwww.........t..ttttttttttttt.......ttttt.ttttttttttt.......t.t..........ttttttt........wwwwww..ttt....mmmmmmmmmttttmmmmmmmmmtttttttttttt..............................wwww...rr.........tttttttttttttttttttttttttttttttt.mmmmmmmmmmm...mmmmmmmmmmmmmmmmmmmmmm...................mmmmmm........m..m.....m....mmm..m.m.....mmm....mm
tttttt.tt......wwwwwwwwwwwwwwwwwwwwwwwwwwwwwwwwwwwww......ttttt.....ttttt.......ttt.tttttttttt.....................tttttttt....t..wwwwwww...ttt....mmmmmmmmmmmmmmmmmmmmmmmtttttttttt................................ww...rr.........ttttttt.tttttttttttttttttttttt...mmmmmmmmmm......mmmmmmmmmmmmmmmmmmmm........mmm...m.....mmmmmm..............m.m....mmm..........mmm....mm
tttttttt........wwwwwwwwwwwwwwwwwwwwwwwwwwwwwwwwwww......ttt.........tttt........t..tttttt........t...............tttttttt........wwwwwwww...ttt...mmmmmmmmmmmmmmmmmmmmmmmmtttttttttmmmmm....t......ttttt...........ww...rr..t...ttttttttt...tttt..ttttttttttttttt....mmmmmmm.........mmmmmmmmmmmmmmmmmmm.....m.mmm...m......mmmmm.....................mmm.m.........mmmm...mm
tttttttt.........wwwwwwwwwwwwwwwwwwwwwwwwwwwwwwwwsss...................tttt.....................................tttttttt..........wwwwwwww.........mmm...mmmmmmmmmmmmmmmmmmmmmmmmmmmmmmmm............tttttttt............rr.....ttttt..........tt.ttttttttttttttt........mmm......mmmmmmmmmmmmmmmmmmmm..........mmm..........mmmmm..mm.....m.....m....mmmmm...........mmm...mm
t.ttttt...t.....w.wwwwwwwwwwwwwwwwwwwwwwwwwwwwwwwwwsss..........tt.....tttt.................t..........t.....tttttttttt...........wwwwwwwww...............mmmmmmmmmmmmmmmmmmmmmmmmmmmmmm.......tt.......tttttttt.........rr....ttttt...............ttt.......ttttt...............mmmmmmmmmmmmmmmmmmmmm.........mmmm...m.......mmmmm...........m......mmmmm............mmm...mm
ttttt.t.........wwwwwwwwwwwwwwwwwwwwwwwwwwwwwwwwwwwwwss.........tttt..tttttt.....t.......t.................ttttttttttt............wwwwwwwww...............mmmmmmmmmmmmmmmmmmmmmmmmmmmmm........tt..........ttttttt....t..rr.........................ttt.......ttttt..........t..mmmmmmmmmmmmmmmmmmmmm......m..mmmm...m..m.....mmmmmm..........m..m..mmmmm..m..........mmm...mm
ttttt.t............wwwww...ww......wwwwwwwwwwwwwwwwwwwwss......tttttttttttttt..........tt.....ttttttttttttttttttttttt.............wwwwwwwww.........m....mmmmmmmmm...mmmmmmmmmmmmmmmmmm........tt.........tttttttttt.....rr..................t......tttt......tttttt..ttt........mmm..mmmmm.mmmmm...m.....m....mmm..m.........mmmmmmm.......m.m....mmmmmm.......mmm...mm....mm
t.ttttt.t..........ww................wwwwwwwwwwwwwwwwwwww......tttttttttttttt...............ttttttttttttttttttttttt......t........wwwwwwwwww.......mmmmmmmmmmmmmm......mmmmmmmmmmmmmmm........ttt........ttttt...ttt.....rr.tt........t..............tttt......tttttt...ttt......m....mmmm..mmmmm............m.mmmm............mmmmmm.....mm...mm.mmmmmm......mmmm....mm....mm
ttttttt....t.......w.................wwwwwwwwwwwwwwwwwww......ttttttttttttttttt............ttttttttttttttt.........................wwwwwwwww...t...mmmmmmm..mmmm..............mmmmm..........ttt........ttttt.....tt.....rr.ttt.................t...............ttttt.....t....t.......mm.......m..............mmmmmm..m..m.m..mmmmm............mmmmmm......mmm......mm.....mm
tttttt.............B.................swwwwwwwwwwwwwwwwwww....ttttttttttt.tttttttttt...ttttttttt...ttttttt..........................wwwwwwwww...t...mmm......mmm............................ttt.........ttttt.............rr.tttt.......................tt..t.....ttttt..........................................mmmmmm..m.......mmmm...........mmmmm......mmmm.......mm.....mm
ttttt.t............w..................swwwwwwwwwwwwwwwss.....tttttt......ttttttttttttttttttttt...ttttttt...........................wwwwwwwww...tt..mm.......mmm...tttt.....................tt.........ttttt..............rr..tttt.......................tt........tttt......t...rrrrrrrr.........rrrrrrr..........mmmm..........mmmm.........mmmmm.......mmmm.......mmm.....mm
ttttttt..t.......wwww...........ssssssswwwwwwwwwwwwwwwwsss..............ttttttttttttttttttt......ttttt.....................r.......wwwwwwwww...tt............m...ttttt......ttttt....ttt..tt.........tttt..........tt....rr..............................t.........ttttt.......rr......rrrrrrrrrrr.....rr........................mmm...mm................mmm........mm.....mmm
ttttttt..........wwwwww..ss....sswwwwsswwwwwwwwwwwwwwwwwws..............ttttttttttttttttt.....ttttt.............t..........r.......wwwwwwwww...tttt...ttt....m..ttttt........ttttttt.ttttttt.........tt............ttt..trr.................t.......................tttt.......r...m....................rrr....m..................mmm..................mmmm........mmm....mmmm
ttttttt........wwwwwwwssswwsssswwwwwwwswwwwwwwwwwwwwwwwwss...............ttttttttttttttt.....ttttt.............t...........r.......wwwwwwww...tttttttttttt......ttt............ttt.....tttt..........t.............ttttttrr.........................................tttt......rr...m.............m........r...m.....mmm............mmmm....mm..........mmmm.......mmm.....mmmm
ttttt..........wwwwwwwwwwwwwwwwwwwwwwwswwwwwwwwwwwwwwwwwss.......tttt.....tttttttttttttt......................tt....tt.....r.......wwwwwwww...tttttttttttt.............wwww.......................t.................tttt.rr..........................................tttt.....r....mm.mm....m...mm........rr......mmmmmmmmmmm.......mm................mmmm.......mmm......mmmm
tttt.......w....wwwwwwwwwwwwwwwwwwwwwwwwwwwwwwwwwwwwwwssss..t.....tttttttttttttt....tttttt..ttt...........ttttttt..ttt.....r......wwwwwwwww....ttttttt.........t.....wwwwwwwww...........................................rr....................................t......tttt...rr....mm.mmm...mm..mmmm..m....rr...mmmmmmmmmmmmmm.......................mmm........mmm.......mmmm
tttt.......w....wwwwwwwwwwwwwwwwwwwwwwwwwwwwwwwwwwwwsss......t......ttttttttttt......ttttttttt...........tttttttttttt......r.....wwwwwwwww...........tt..............wwwwwwwwwww.........t..tttt........rrrrrrrrrrrrrrrrrrrrrrrrrrrrrrrrrrrrrrrrrrrrrr....t...........ttttt..r....mmmmmmmmmmmmmmmmmmm.mm....r..mm........mmmmmm......................mm........mmmm.......mmmm
t.tt.......ww...wwwwwwwwwwwwwwwwwwwwwwwwwwwwwwwwwwwwsss.............ttttttttttt.......ttttttt..........ttttttttttttt.......r.....wwwwwwwww................t..........wwwwwwwwwwwww............ttt.......r........r......................r............r................ttttt..r..mmmmmmmmmmmmmmmmmmmmmmmmm...rrr.......t.....mmmm...................mmmm.......mmmmm.......mmmm
t.tt......www....wwwwwwwwwwwwwwwwwwwwwwwwwwwwwwwwwwwwwsss............ttttttttt........ttttttt.......tttttttttttttttt.......r.....wwwwwwwww...wwwwwwww...............wwwwwwwwwwwwwwwwww.............t....r........r......................r............r......................rr..mm..mmmmmmmmmmmmmmmmmmmmmm....rrr............mmmmmm.............mmmmmm.......mmmmmm........mmm
t..t.....www.....wwwwwwwwwwwwwwwwwwwwwwwwwwwwwwwwwwwwwwwssssss.......................tttttttt......tttttttttttttttttt......r.....wwwwwwwwwwwwwwwwwwwwww........t...wwwwwwwwwwwwwwwwwwww.................r........r......................r............r....................rrr........mmm.mmmmm.mmmmmmmmmmmm.....rrrrrrr.......mmmmmmmmmm....mmmmmmmmm.......mmmmmm.........mmm
t....t....www....wwwwwwwwwwwwwwwwwwwwwwwwwwwwwwwwwwwwwwwwwwwws....................tttttttttt......tttttttt..ttttttttt.tt...r.....wwwwwwwwwwwwwwwwwwwwwwwwwww......wwwww......wwwwwwwwwwww...............r........r......................r............r................rrrrr..........mm....mmm..mmmmm..mmmmmmmmm......rrr.........mmmmmmmmmmmmmmm..........mmmmmmm........mmmm
t..t.....wwww.....swwwwwwwwwwwwwwwwwwwwwwwwwwwwwwwwwwwwwwsssss..................tttttttttttt.....tttttttt...ttttttttttt....r......wwwwwwwwwww....wwwwwwwwwwwwwwwwwwwwww........wwwwwwwwwww......t.......r........rrrrrrrrrrrrrrrrrrrrrrrr............r............rrrrr.....................mm...mmmm..mmmmmmm....t..tt.rrrrrrr...........................mmmmmm..........mmmm
t.......wwwws.......wwwwwwwwwwwwwwwwwwwwwwwwwwwwssssssssss........tt.........t.ttttttttttttt....tttttttt...ttttttttttt.....r.........wwwwww.......wwwwwwwwwwwwwwwwwww............wwwwwwwwww.............r............................................rrrrrrrrrrrrrr..........mm...................mmm...mmmm.........ttt......rrrrrrrrrr..........t.......mmmmm..........mmmmm
tt.....wwwwwwssss..sssswwwwwwwwwwwwwwwwwssssssssssssss.............tt.......ttttttttttttttttttttttttttt...ttt..ttttt.......r...........................wwwwwwwwwwwww..............wwwwwwwwwww...........r............................................r...................m...mm...........................m...........tttt...........rrr.................mmmmm..........mmmmmm
ttt...wwwwwwwwwwwwssssssswwwwwwwwwwwwsssssssssssssssss..............ttt....ttttttttttmmmttttttttttttttt...tt.....tt........r................................wwwwww................wwwwwwwwwwwww.........r............................................r....ttt......m....mmm..mmm................................t.....tttttttttt..tt........mmm.......mmmmmmm..........mmmmmmm
ttttwwwwwwwwwwwwwwwwwwwwwwwwwwwwwwwwwwwwwwwwwwwwwssssssssssss..........tttttttttttttmmmmmmtttttttttttttw...................r........................................................wwwwwwwwww..........r............................................r...tttt.....mmmm..mmmmmmmmmm...mm........................tt.....tttttttttttttttt....t.tmmmmmmmmmmmmttmmmm.......mmmmm.mm
ttttwwwwwwwwwwwwwwwwwwwwwwwwwwwwwwwwwwwwwwwwwwwwwwwwwwwwwwwwwwww......ttttttttmmtttmmmmmmmmttttttttttttww.............www..rrrrrrrrrrrrrrrrrrrrrrrrrrrrrrrrrrrrrrrrrrrrrrrrrrrrrrrrrrrBBBBBBBrrrrrrrrrrrrrrrrrrrrrrrrrrrrrrrrrrrrrrrrrrrrrrrrrrrrrrrrr..ttt.....mmmmmmmmmmmmmmmmmmmmmmmmm............m.......tttttt..tttttttttttttttttt.....tttmtttmmmmttttmmmmmmmmmmmmmmm..mm
ttwwwwwwwwwwwwwwwwwwwwwwwwwwwwwwwwwwwwwwwwwwwwwwwwwwwwwwwwwwwwwwwwwwwttttttttmmmmtmmmmmmmmmmmmtttttttwwwwwwwwww......wwwwww............................................................wwwwwww..............................................................mmmmmmmmmmmmmmmmmmmmmmmmmmmmmmm...mmm..mmmmm....tttttttttttttttttttttttttttttttttttttttttttttttttttttmmmmmmmmm.mmm
wwwwwwwwwwwwwwwwwwwwwwwwwwwwwwwwwwwwwwwwwwwwwwwwwwwwwwwwwwwwwwwwwwwwwtwttttmmmmmmmmmmmmmmmmmmmmtttttwwwwwwwwwwwwwwwwwwwwwwwwwwwwwwwwwwwwwwwwwwwwwwwwwwwwwwwwwwwwwwwwwwwwwwwwwwwwwwwwwwwwwwwwwwwwwwwwwwwwwwwwwwwwwwwwwwwwwwwwwwwwwwwwwwwwwwwwwwwwwwwwwwwwwmmmmmmmmmmmmmmmmmmmmmmmmmmmmmmmmmmmmmmmmmmmmmmmmttttttttttttttttttttttttttttttttttttttttttttttttttttttttttttttttmmmmm
